<?xml version="1.0"?>
<link_info>
   <banner>MSP430 Linker PC v4.4.3</banner>
   <copyright>Copyright (c) 2003-2015 Texas Instruments Incorporated</copyright>
   <link_time>0x57d978f9</link_time>
   <link_errors>0x0</link_errors>
   <output_file>test_task_scheduler_final.out</output_file>
   <entry_point>
      <name>_c_int00_noargs_noexit</name>
      <address>0x317c</address>
   </entry_point>
   <input_file_list>
      <input_file id="fl-2">
         <path>.\</path>
         <kind>object</kind>
         <file>main.obj</file>
         <name>main.obj</name>
      </input_file>
      <input_file id="fl-31">
         <path>C:\ti\ccsv6\tools\compiler\ti-cgt-msp430_4.4.3\lib\</path>
         <kind>archive</kind>
         <file>rts430_eabi.lib</file>
         <name>boot.obj</name>
      </input_file>
      <input_file id="fl-32">
         <path>C:\ti\ccsv6\tools\compiler\ti-cgt-msp430_4.4.3\lib\</path>
         <kind>archive</kind>
         <file>rts430_eabi.lib</file>
         <name>boot_special.obj</name>
      </input_file>
      <input_file id="fl-33">
         <path>C:\ti\ccsv6\tools\compiler\ti-cgt-msp430_4.4.3\lib\</path>
         <kind>archive</kind>
         <file>rts430_eabi.lib</file>
         <name>cmpd.obj</name>
      </input_file>
      <input_file id="fl-34">
         <path>C:\ti\ccsv6\tools\compiler\ti-cgt-msp430_4.4.3\lib\</path>
         <kind>archive</kind>
         <file>rts430_eabi.lib</file>
         <name>copy_decompress_none.obj</name>
      </input_file>
      <input_file id="fl-35">
         <path>C:\ti\ccsv6\tools\compiler\ti-cgt-msp430_4.4.3\lib\</path>
         <kind>archive</kind>
         <file>rts430_eabi.lib</file>
         <name>copy_decompress_rle.obj</name>
      </input_file>
      <input_file id="fl-36">
         <path>C:\ti\ccsv6\tools\compiler\ti-cgt-msp430_4.4.3\lib\</path>
         <kind>archive</kind>
         <file>rts430_eabi.lib</file>
         <name>copy_zero_init.obj</name>
      </input_file>
      <input_file id="fl-37">
         <path>C:\ti\ccsv6\tools\compiler\ti-cgt-msp430_4.4.3\lib\</path>
         <kind>archive</kind>
         <file>rts430_eabi.lib</file>
         <name>cvtdf.obj</name>
      </input_file>
      <input_file id="fl-38">
         <path>C:\ti\ccsv6\tools\compiler\ti-cgt-msp430_4.4.3\lib\</path>
         <kind>archive</kind>
         <file>rts430_eabi.lib</file>
         <name>cvtfd.obj</name>
      </input_file>
      <input_file id="fl-39">
         <path>C:\ti\ccsv6\tools\compiler\ti-cgt-msp430_4.4.3\lib\</path>
         <kind>archive</kind>
         <file>rts430_eabi.lib</file>
         <name>div32s.obj</name>
      </input_file>
      <input_file id="fl-3a">
         <path>C:\ti\ccsv6\tools\compiler\ti-cgt-msp430_4.4.3\lib\</path>
         <kind>archive</kind>
         <file>rts430_eabi.lib</file>
         <name>div32u.obj</name>
      </input_file>
      <input_file id="fl-3b">
         <path>C:\ti\ccsv6\tools\compiler\ti-cgt-msp430_4.4.3\lib\</path>
         <kind>archive</kind>
         <file>rts430_eabi.lib</file>
         <name>divd.obj</name>
      </input_file>
      <input_file id="fl-3c">
         <path>C:\ti\ccsv6\tools\compiler\ti-cgt-msp430_4.4.3\lib\</path>
         <kind>archive</kind>
         <file>rts430_eabi.lib</file>
         <name>epilog.obj</name>
      </input_file>
      <input_file id="fl-3d">
         <path>C:\ti\ccsv6\tools\compiler\ti-cgt-msp430_4.4.3\lib\</path>
         <kind>archive</kind>
         <file>rts430_eabi.lib</file>
         <name>exit.obj</name>
      </input_file>
      <input_file id="fl-3e">
         <path>C:\ti\ccsv6\tools\compiler\ti-cgt-msp430_4.4.3\lib\</path>
         <kind>archive</kind>
         <file>rts430_eabi.lib</file>
         <name>fltid.obj</name>
      </input_file>
      <input_file id="fl-3f">
         <path>C:\ti\ccsv6\tools\compiler\ti-cgt-msp430_4.4.3\lib\</path>
         <kind>archive</kind>
         <file>rts430_eabi.lib</file>
         <name>fltlid.obj</name>
      </input_file>
      <input_file id="fl-40">
         <path>C:\ti\ccsv6\tools\compiler\ti-cgt-msp430_4.4.3\lib\</path>
         <kind>archive</kind>
         <file>rts430_eabi.lib</file>
         <name>frcdivd.obj</name>
      </input_file>
      <input_file id="fl-41">
         <path>C:\ti\ccsv6\tools\compiler\ti-cgt-msp430_4.4.3\lib\</path>
         <kind>archive</kind>
         <file>rts430_eabi.lib</file>
         <name>fs_cmp.obj</name>
      </input_file>
      <input_file id="fl-42">
         <path>C:\ti\ccsv6\tools\compiler\ti-cgt-msp430_4.4.3\lib\</path>
         <kind>archive</kind>
         <file>rts430_eabi.lib</file>
         <name>fs_itof.obj</name>
      </input_file>
      <input_file id="fl-43">
         <path>C:\ti\ccsv6\tools\compiler\ti-cgt-msp430_4.4.3\lib\</path>
         <kind>archive</kind>
         <file>rts430_eabi.lib</file>
         <name>fs_mpy.obj</name>
      </input_file>
      <input_file id="fl-44">
         <path>C:\ti\ccsv6\tools\compiler\ti-cgt-msp430_4.4.3\lib\</path>
         <kind>archive</kind>
         <file>rts430_eabi.lib</file>
         <name>fs_tol.obj</name>
      </input_file>
      <input_file id="fl-45">
         <path>C:\ti\ccsv6\tools\compiler\ti-cgt-msp430_4.4.3\lib\</path>
         <kind>archive</kind>
         <file>rts430_eabi.lib</file>
         <name>int00.obj</name>
      </input_file>
      <input_file id="fl-46">
         <path>C:\ti\ccsv6\tools\compiler\ti-cgt-msp430_4.4.3\lib\</path>
         <kind>archive</kind>
         <file>rts430_eabi.lib</file>
         <name>int01.obj</name>
      </input_file>
      <input_file id="fl-47">
         <path>C:\ti\ccsv6\tools\compiler\ti-cgt-msp430_4.4.3\lib\</path>
         <kind>archive</kind>
         <file>rts430_eabi.lib</file>
         <name>int02.obj</name>
      </input_file>
      <input_file id="fl-48">
         <path>C:\ti\ccsv6\tools\compiler\ti-cgt-msp430_4.4.3\lib\</path>
         <kind>archive</kind>
         <file>rts430_eabi.lib</file>
         <name>int03.obj</name>
      </input_file>
      <input_file id="fl-49">
         <path>C:\ti\ccsv6\tools\compiler\ti-cgt-msp430_4.4.3\lib\</path>
         <kind>archive</kind>
         <file>rts430_eabi.lib</file>
         <name>int04.obj</name>
      </input_file>
      <input_file id="fl-4a">
         <path>C:\ti\ccsv6\tools\compiler\ti-cgt-msp430_4.4.3\lib\</path>
         <kind>archive</kind>
         <file>rts430_eabi.lib</file>
         <name>int05.obj</name>
      </input_file>
      <input_file id="fl-4b">
         <path>C:\ti\ccsv6\tools\compiler\ti-cgt-msp430_4.4.3\lib\</path>
         <kind>archive</kind>
         <file>rts430_eabi.lib</file>
         <name>int06.obj</name>
      </input_file>
      <input_file id="fl-4c">
         <path>C:\ti\ccsv6\tools\compiler\ti-cgt-msp430_4.4.3\lib\</path>
         <kind>archive</kind>
         <file>rts430_eabi.lib</file>
         <name>int07.obj</name>
      </input_file>
      <input_file id="fl-4d">
         <path>C:\ti\ccsv6\tools\compiler\ti-cgt-msp430_4.4.3\lib\</path>
         <kind>archive</kind>
         <file>rts430_eabi.lib</file>
         <name>int08.obj</name>
      </input_file>
      <input_file id="fl-4e">
         <path>C:\ti\ccsv6\tools\compiler\ti-cgt-msp430_4.4.3\lib\</path>
         <kind>archive</kind>
         <file>rts430_eabi.lib</file>
         <name>int09.obj</name>
      </input_file>
      <input_file id="fl-4f">
         <path>C:\ti\ccsv6\tools\compiler\ti-cgt-msp430_4.4.3\lib\</path>
         <kind>archive</kind>
         <file>rts430_eabi.lib</file>
         <name>int10.obj</name>
      </input_file>
      <input_file id="fl-50">
         <path>C:\ti\ccsv6\tools\compiler\ti-cgt-msp430_4.4.3\lib\</path>
         <kind>archive</kind>
         <file>rts430_eabi.lib</file>
         <name>int11.obj</name>
      </input_file>
      <input_file id="fl-51">
         <path>C:\ti\ccsv6\tools\compiler\ti-cgt-msp430_4.4.3\lib\</path>
         <kind>archive</kind>
         <file>rts430_eabi.lib</file>
         <name>int12.obj</name>
      </input_file>
      <input_file id="fl-52">
         <path>C:\ti\ccsv6\tools\compiler\ti-cgt-msp430_4.4.3\lib\</path>
         <kind>archive</kind>
         <file>rts430_eabi.lib</file>
         <name>int13.obj</name>
      </input_file>
      <input_file id="fl-53">
         <path>C:\ti\ccsv6\tools\compiler\ti-cgt-msp430_4.4.3\lib\</path>
         <kind>archive</kind>
         <file>rts430_eabi.lib</file>
         <name>int14.obj</name>
      </input_file>
      <input_file id="fl-54">
         <path>C:\ti\ccsv6\tools\compiler\ti-cgt-msp430_4.4.3\lib\</path>
         <kind>archive</kind>
         <file>rts430_eabi.lib</file>
         <name>int15.obj</name>
      </input_file>
      <input_file id="fl-55">
         <path>C:\ti\ccsv6\tools\compiler\ti-cgt-msp430_4.4.3\lib\</path>
         <kind>archive</kind>
         <file>rts430_eabi.lib</file>
         <name>int16.obj</name>
      </input_file>
      <input_file id="fl-56">
         <path>C:\ti\ccsv6\tools\compiler\ti-cgt-msp430_4.4.3\lib\</path>
         <kind>archive</kind>
         <file>rts430_eabi.lib</file>
         <name>int17.obj</name>
      </input_file>
      <input_file id="fl-57">
         <path>C:\ti\ccsv6\tools\compiler\ti-cgt-msp430_4.4.3\lib\</path>
         <kind>archive</kind>
         <file>rts430_eabi.lib</file>
         <name>int18.obj</name>
      </input_file>
      <input_file id="fl-58">
         <path>C:\ti\ccsv6\tools\compiler\ti-cgt-msp430_4.4.3\lib\</path>
         <kind>archive</kind>
         <file>rts430_eabi.lib</file>
         <name>int19.obj</name>
      </input_file>
      <input_file id="fl-59">
         <path>C:\ti\ccsv6\tools\compiler\ti-cgt-msp430_4.4.3\lib\</path>
         <kind>archive</kind>
         <file>rts430_eabi.lib</file>
         <name>int20.obj</name>
      </input_file>
      <input_file id="fl-5a">
         <path>C:\ti\ccsv6\tools\compiler\ti-cgt-msp430_4.4.3\lib\</path>
         <kind>archive</kind>
         <file>rts430_eabi.lib</file>
         <name>int21.obj</name>
      </input_file>
      <input_file id="fl-5b">
         <path>C:\ti\ccsv6\tools\compiler\ti-cgt-msp430_4.4.3\lib\</path>
         <kind>archive</kind>
         <file>rts430_eabi.lib</file>
         <name>int22.obj</name>
      </input_file>
      <input_file id="fl-5c">
         <path>C:\ti\ccsv6\tools\compiler\ti-cgt-msp430_4.4.3\lib\</path>
         <kind>archive</kind>
         <file>rts430_eabi.lib</file>
         <name>int23.obj</name>
      </input_file>
      <input_file id="fl-5d">
         <path>C:\ti\ccsv6\tools\compiler\ti-cgt-msp430_4.4.3\lib\</path>
         <kind>archive</kind>
         <file>rts430_eabi.lib</file>
         <name>int24.obj</name>
      </input_file>
      <input_file id="fl-5e">
         <path>C:\ti\ccsv6\tools\compiler\ti-cgt-msp430_4.4.3\lib\</path>
         <kind>archive</kind>
         <file>rts430_eabi.lib</file>
         <name>int26.obj</name>
      </input_file>
      <input_file id="fl-5f">
         <path>C:\ti\ccsv6\tools\compiler\ti-cgt-msp430_4.4.3\lib\</path>
         <kind>archive</kind>
         <file>rts430_eabi.lib</file>
         <name>int27.obj</name>
      </input_file>
      <input_file id="fl-60">
         <path>C:\ti\ccsv6\tools\compiler\ti-cgt-msp430_4.4.3\lib\</path>
         <kind>archive</kind>
         <file>rts430_eabi.lib</file>
         <name>int28.obj</name>
      </input_file>
      <input_file id="fl-61">
         <path>C:\ti\ccsv6\tools\compiler\ti-cgt-msp430_4.4.3\lib\</path>
         <kind>archive</kind>
         <file>rts430_eabi.lib</file>
         <name>int29.obj</name>
      </input_file>
      <input_file id="fl-62">
         <path>C:\ti\ccsv6\tools\compiler\ti-cgt-msp430_4.4.3\lib\</path>
         <kind>archive</kind>
         <file>rts430_eabi.lib</file>
         <name>int30.obj</name>
      </input_file>
      <input_file id="fl-63">
         <path>C:\ti\ccsv6\tools\compiler\ti-cgt-msp430_4.4.3\lib\</path>
         <kind>archive</kind>
         <file>rts430_eabi.lib</file>
         <name>isr_trap.obj</name>
      </input_file>
      <input_file id="fl-64">
         <path>C:\ti\ccsv6\tools\compiler\ti-cgt-msp430_4.4.3\lib\</path>
         <kind>archive</kind>
         <file>rts430_eabi.lib</file>
         <name>lsl16.obj</name>
      </input_file>
      <input_file id="fl-65">
         <path>C:\ti\ccsv6\tools\compiler\ti-cgt-msp430_4.4.3\lib\</path>
         <kind>archive</kind>
         <file>rts430_eabi.lib</file>
         <name>lsl32.obj</name>
      </input_file>
      <input_file id="fl-66">
         <path>C:\ti\ccsv6\tools\compiler\ti-cgt-msp430_4.4.3\lib\</path>
         <kind>archive</kind>
         <file>rts430_eabi.lib</file>
         <name>lsr16.obj</name>
      </input_file>
      <input_file id="fl-67">
         <path>C:\ti\ccsv6\tools\compiler\ti-cgt-msp430_4.4.3\lib\</path>
         <kind>archive</kind>
         <file>rts430_eabi.lib</file>
         <name>lsr32.obj</name>
      </input_file>
      <input_file id="fl-68">
         <path>C:\ti\ccsv6\tools\compiler\ti-cgt-msp430_4.4.3\lib\</path>
         <kind>archive</kind>
         <file>rts430_eabi.lib</file>
         <name>memcpy.obj</name>
      </input_file>
      <input_file id="fl-69">
         <path>C:\ti\ccsv6\tools\compiler\ti-cgt-msp430_4.4.3\lib\</path>
         <kind>archive</kind>
         <file>rts430_eabi.lib</file>
         <name>mpu_init.obj</name>
      </input_file>
      <input_file id="fl-6a">
         <path>C:\ti\ccsv6\tools\compiler\ti-cgt-msp430_4.4.3\lib\</path>
         <kind>archive</kind>
         <file>rts430_eabi.lib</file>
         <name>mpyd.obj</name>
      </input_file>
      <input_file id="fl-6b">
         <path>C:\ti\ccsv6\tools\compiler\ti-cgt-msp430_4.4.3\lib\</path>
         <kind>archive</kind>
         <file>rts430_eabi.lib</file>
         <name>mult16.obj</name>
      </input_file>
      <input_file id="fl-6c">
         <path>C:\ti\ccsv6\tools\compiler\ti-cgt-msp430_4.4.3\lib\</path>
         <kind>archive</kind>
         <file>rts430_eabi.lib</file>
         <name>mult1632_hw.obj</name>
      </input_file>
      <input_file id="fl-6d">
         <path>C:\ti\ccsv6\tools\compiler\ti-cgt-msp430_4.4.3\lib\</path>
         <kind>archive</kind>
         <file>rts430_eabi.lib</file>
         <name>mult16_hw.obj</name>
      </input_file>
      <input_file id="fl-6e">
         <path>C:\ti\ccsv6\tools\compiler\ti-cgt-msp430_4.4.3\lib\</path>
         <kind>archive</kind>
         <file>rts430_eabi.lib</file>
         <name>mult32.obj</name>
      </input_file>
      <input_file id="fl-6f">
         <path>C:\ti\ccsv6\tools\compiler\ti-cgt-msp430_4.4.3\lib\</path>
         <kind>archive</kind>
         <file>rts430_eabi.lib</file>
         <name>mult3264_hw.obj</name>
      </input_file>
      <input_file id="fl-70">
         <path>C:\ti\ccsv6\tools\compiler\ti-cgt-msp430_4.4.3\lib\</path>
         <kind>archive</kind>
         <file>rts430_eabi.lib</file>
         <name>mult32_hw.obj</name>
      </input_file>
      <input_file id="fl-71">
         <path>C:\ti\ccsv6\tools\compiler\ti-cgt-msp430_4.4.3\lib\</path>
         <kind>archive</kind>
         <file>rts430_eabi.lib</file>
         <name>mult64_hw.obj</name>
      </input_file>
      <input_file id="fl-72">
         <path>C:\ti\ccsv6\tools\compiler\ti-cgt-msp430_4.4.3\lib\</path>
         <kind>archive</kind>
         <file>rts430_eabi.lib</file>
         <name>pre_init.obj</name>
      </input_file>
      <input_file id="fl-73">
         <path>C:\ti\ccsv6\tools\compiler\ti-cgt-msp430_4.4.3\lib\</path>
         <kind>archive</kind>
         <file>rts430_eabi.lib</file>
         <name>sprintf.obj</name>
      </input_file>
      <input_file id="fl-74">
         <path>C:\ti\ccsv6\tools\compiler\ti-cgt-msp430_4.4.3\lib\</path>
         <kind>archive</kind>
         <file>rts430_eabi.lib</file>
         <name>_lock.obj</name>
      </input_file>
      <input_file id="fl-75">
         <path>C:\ti\ccsv6\tools\compiler\ti-cgt-msp430_4.4.3\lib\</path>
         <kind>archive</kind>
         <file>rts430_eabi.lib</file>
         <name>_printfi_min.obj</name>
      </input_file>
      <input_file id="fl-76">
         <path>C:\ti\ccsv6\tools\compiler\ti-cgt-msp430_4.4.3\lib\</path>
         <kind>archive</kind>
         <file>rts430_eabi.lib</file>
         <name>args_main.obj</name>
      </input_file>
      <input_file id="fl-77">
         <path>C:\ti\ccsv6\tools\compiler\ti-cgt-msp430_4.4.3\lib\</path>
         <kind>archive</kind>
         <file>rts430_eabi.lib</file>
         <name>asr16.obj</name>
      </input_file>
      <input_file id="fl-78">
         <path>C:\ti\ccsv6\tools\compiler\ti-cgt-msp430_4.4.3\lib\</path>
         <kind>archive</kind>
         <file>rts430_eabi.lib</file>
         <name>asr32.obj</name>
      </input_file>
      <input_file id="fl-79">
         <path>C:\ti\ccsv6\tools\compiler\ti-cgt-msp430_4.4.3\lib\</path>
         <kind>archive</kind>
         <file>rts430_eabi.lib</file>
         <name>autoinit.obj</name>
      </input_file>
      <input_file id="fl-7a">
         <path>C:\ti\ccsv6\tools\compiler\ti-cgt-msp430_4.4.3\lib\</path>
         <kind>archive</kind>
         <file>rts430_eabi.lib</file>
         <name>div16u.obj</name>
      </input_file>
      <input_file id="fl-7b">
         <path>C:\ti\ccsv6\tools\compiler\ti-cgt-msp430_4.4.3\lib\</path>
         <kind>archive</kind>
         <file>rts430_eabi.lib</file>
         <name>frcmpyd.obj</name>
      </input_file>
      <input_file id="fl-7c">
         <path>C:\ti\ccsv6\tools\compiler\ti-cgt-msp430_4.4.3\lib\</path>
         <kind>archive</kind>
         <file>rts430_eabi.lib</file>
         <name>memccpy.obj</name>
      </input_file>
      <input_file id="fl-7d">
         <path>C:\ti\ccsv6\tools\compiler\ti-cgt-msp430_4.4.3\lib\</path>
         <kind>archive</kind>
         <file>rts430_eabi.lib</file>
         <name>memset.obj</name>
      </input_file>
      <input_file id="fl-7e">
         <path>C:\ti\ccsv6\tools\compiler\ti-cgt-msp430_4.4.3\lib\</path>
         <kind>archive</kind>
         <file>rts430_eabi.lib</file>
         <name>strlen.obj</name>
      </input_file>
   </input_file_list>
   <object_component_list>
      <object_component id="oc-1b2">
         <name>.common:RG_Protection</name>
         <uninitialized>true</uninitialized>
         <run_address>0x25a</run_address>
         <size>0x2</size>
      </object_component>
      <object_component id="oc-1b3">
         <name>.common:protection_register</name>
         <uninitialized>true</uninitialized>
         <run_address>0x25c</run_address>
         <size>0x2</size>
      </object_component>
      <object_component id="oc-c0">
         <name>.stack</name>
         <uninitialized>true</uninitialized>
         <run_address>0x9b0</run_address>
         <size>0x2</size>
         <input_file_ref idref="fl-31"/>
      </object_component>
      <object_component id="oc-354">
         <name>.stack</name>
         <uninitialized>true</uninitialized>
         <run_address>0x9b0</run_address>
         <size>0x0</size>
      </object_component>
      <object_component id="oc-22c">
         <name>.text:__TI_frcdivd</name>
         <load_address>0x1100</load_address>
         <run_address>0x1100</run_address>
         <size>0x462</size>
         <input_file_ref idref="fl-40"/>
      </object_component>
      <object_component id="oc-145">
         <name>.text:Text</name>
         <load_address>0x1562</load_address>
         <run_address>0x1562</run_address>
         <size>0x3f4</size>
         <input_file_ref idref="fl-2"/>
      </object_component>
      <object_component id="oc-21a">
         <name>.text:__TI_frcmpyd</name>
         <load_address>0x1956</load_address>
         <run_address>0x1956</run_address>
         <size>0x2f4</size>
         <input_file_ref idref="fl-7b"/>
      </object_component>
      <object_component id="oc-174">
         <name>.text:measurement_data_DS2784</name>
         <load_address>0x1c4a</load_address>
         <run_address>0x1c4a</run_address>
         <size>0x2b6</size>
         <input_file_ref idref="fl-2"/>
      </object_component>
      <object_component id="oc-196">
         <name>.text:__mspabi_mpyd</name>
         <load_address>0x1f00</load_address>
         <run_address>0x1f00</run_address>
         <size>0x26e</size>
         <input_file_ref idref="fl-6a"/>
      </object_component>
      <object_component id="oc-19c">
         <name>.text:__mspabi_divd</name>
         <load_address>0x216e</load_address>
         <run_address>0x216e</run_address>
         <size>0x238</size>
         <input_file_ref idref="fl-3b"/>
      </object_component>
      <object_component id="oc-18a">
         <name>.text:float_send</name>
         <load_address>0x23a6</load_address>
         <run_address>0x23a6</run_address>
         <size>0x14e</size>
         <input_file_ref idref="fl-2"/>
      </object_component>
      <object_component id="oc-29c">
         <name>.text:_setfield</name>
         <load_address>0x24f4</load_address>
         <run_address>0x24f4</run_address>
         <size>0x116</size>
         <input_file_ref idref="fl-75"/>
      </object_component>
      <object_component id="oc-168">
         <name>.text:config_DS2784</name>
         <load_address>0x260a</load_address>
         <run_address>0x260a</run_address>
         <size>0xee</size>
         <input_file_ref idref="fl-2"/>
      </object_component>
      <object_component id="oc-249">
         <name>.text:__TI_printfi_minimal</name>
         <load_address>0x26f8</load_address>
         <run_address>0x26f8</run_address>
         <size>0xca</size>
         <input_file_ref idref="fl-75"/>
      </object_component>
      <object_component id="oc-1ad">
         <name>.text</name>
         <load_address>0x27c2</load_address>
         <run_address>0x27c2</run_address>
         <size>0xc2</size>
         <input_file_ref idref="fl-43"/>
      </object_component>
      <object_component id="oc-20e">
         <name>.text:__mspabi_fltlid</name>
         <load_address>0x2884</load_address>
         <run_address>0x2884</run_address>
         <size>0xa2</size>
         <input_file_ref idref="fl-3f"/>
      </object_component>
      <object_component id="oc-16e">
         <name>.text:measurement__adc</name>
         <load_address>0x2926</load_address>
         <run_address>0x2926</run_address>
         <size>0xa0</size>
         <input_file_ref idref="fl-2"/>
      </object_component>
      <object_component id="oc-162">
         <name>.text:config_MSP430</name>
         <load_address>0x29c6</load_address>
         <run_address>0x29c6</run_address>
         <size>0x98</size>
         <input_file_ref idref="fl-2"/>
      </object_component>
      <object_component id="oc-1a2">
         <name>.text:__mspabi_cvtdf</name>
         <load_address>0x2a5e</load_address>
         <run_address>0x2a5e</run_address>
         <size>0x8c</size>
         <input_file_ref idref="fl-37"/>
      </object_component>
      <object_component id="oc-1f9">
         <name>.text</name>
         <load_address>0x2aea</load_address>
         <run_address>0x2aea</run_address>
         <size>0x7e</size>
         <input_file_ref idref="fl-44"/>
      </object_component>
      <object_component id="oc-d1">
         <name>.text:__TI_decompress_rle_core</name>
         <load_address>0x2b68</load_address>
         <run_address>0x2b68</run_address>
         <size>0x64</size>
         <input_file_ref idref="fl-35"/>
      </object_component>
      <object_component id="oc-27b">
         <name>.text:l_lsr_const</name>
         <load_address>0x2bcc</load_address>
         <run_address>0x2bcc</run_address>
         <size>0x5c</size>
         <input_file_ref idref="fl-67"/>
      </object_component>
      <object_component id="oc-f6">
         <name>.text:_auto_init</name>
         <load_address>0x2c28</load_address>
         <run_address>0x2c28</run_address>
         <size>0x58</size>
         <input_file_ref idref="fl-79"/>
      </object_component>
      <object_component id="oc-273">
         <name>.text</name>
         <load_address>0x2c80</load_address>
         <run_address>0x2c80</run_address>
         <size>0x58</size>
         <input_file_ref idref="fl-3a"/>
      </object_component>
      <object_component id="oc-263">
         <name>.text:OneWireWrite</name>
         <load_address>0x2cd8</load_address>
         <run_address>0x2cd8</run_address>
         <size>0x56</size>
         <input_file_ref idref="fl-2"/>
      </object_component>
      <object_component id="oc-2eb">
         <name>.text:_ltostr</name>
         <load_address>0x2d2e</load_address>
         <run_address>0x2d2e</run_address>
         <size>0x56</size>
         <input_file_ref idref="fl-75"/>
      </object_component>
      <object_component id="oc-2d1">
         <name>.text:_pproc_diouxp</name>
         <load_address>0x2d84</load_address>
         <run_address>0x2d84</run_address>
         <size>0x4e</size>
         <input_file_ref idref="fl-75"/>
      </object_component>
      <object_component id="oc-1f0">
         <name>.text</name>
         <load_address>0x2dd2</load_address>
         <run_address>0x2dd2</run_address>
         <size>0x4c</size>
         <input_file_ref idref="fl-66"/>
      </object_component>
      <object_component id="oc-1dc">
         <name>.text:OneWireReset</name>
         <load_address>0x2e1e</load_address>
         <run_address>0x2e1e</run_address>
         <size>0x4a</size>
         <input_file_ref idref="fl-2"/>
      </object_component>
      <object_component id="oc-2a2">
         <name>.text:_pproc_str</name>
         <load_address>0x2e68</load_address>
         <run_address>0x2e68</run_address>
         <size>0x48</size>
         <input_file_ref idref="fl-75"/>
      </object_component>
      <object_component id="oc-1fe">
         <name>.text</name>
         <load_address>0x2eb0</load_address>
         <run_address>0x2eb0</run_address>
         <size>0x40</size>
         <input_file_ref idref="fl-39"/>
      </object_component>
      <object_component id="oc-283">
         <name>.text:l_asr_const</name>
         <load_address>0x2ef0</load_address>
         <run_address>0x2ef0</run_address>
         <size>0x3e</size>
         <input_file_ref idref="fl-78"/>
      </object_component>
      <object_component id="oc-234">
         <name>.text:l_lsl_const</name>
         <load_address>0x2f2e</load_address>
         <run_address>0x2f2e</run_address>
         <size>0x3e</size>
         <input_file_ref idref="fl-65"/>
      </object_component>
      <object_component id="oc-e3">
         <name>.text:Timer_A</name>
         <load_address>0x2f6c</load_address>
         <run_address>0x2f6c</run_address>
         <size>0x3c</size>
         <input_file_ref idref="fl-2"/>
      </object_component>
      <object_component id="oc-26a">
         <name>.text:OneWireReadBit</name>
         <load_address>0x2fa8</load_address>
         <run_address>0x2fa8</run_address>
         <size>0x3a</size>
         <input_file_ref idref="fl-2"/>
      </object_component>
      <object_component id="oc-1b4">
         <name>.text:sprintf</name>
         <load_address>0x2fe2</load_address>
         <run_address>0x2fe2</run_address>
         <size>0x38</size>
         <input_file_ref idref="fl-73"/>
      </object_component>
      <object_component id="oc-1a8">
         <name>.text</name>
         <load_address>0x301a</load_address>
         <run_address>0x301a</run_address>
         <size>0x36</size>
         <input_file_ref idref="fl-42"/>
      </object_component>
      <object_component id="oc-2e5">
         <name>.text:_getarg_diouxp</name>
         <load_address>0x3050</load_address>
         <run_address>0x3050</run_address>
         <size>0x2e</size>
         <input_file_ref idref="fl-75"/>
      </object_component>
      <object_component id="oc-203">
         <name>.text</name>
         <load_address>0x307e</load_address>
         <run_address>0x307e</run_address>
         <size>0x2e</size>
         <input_file_ref idref="fl-70"/>
      </object_component>
      <object_component id="oc-215">
         <name>.text</name>
         <load_address>0x30ac</load_address>
         <run_address>0x30ac</run_address>
         <size>0x2c</size>
         <input_file_ref idref="fl-77"/>
      </object_component>
      <object_component id="oc-220">
         <name>.text</name>
         <load_address>0x30d8</load_address>
         <run_address>0x30d8</run_address>
         <size>0x2c</size>
         <input_file_ref idref="fl-64"/>
      </object_component>
      <object_component id="oc-1ea">
         <name>.text:OWReadByte</name>
         <load_address>0x3104</load_address>
         <run_address>0x3104</run_address>
         <size>0x20</size>
         <input_file_ref idref="fl-2"/>
      </object_component>
      <object_component id="oc-184">
         <name>.text:UART_TX</name>
         <load_address>0x3124</load_address>
         <run_address>0x3124</run_address>
         <size>0x20</size>
         <input_file_ref idref="fl-2"/>
      </object_component>
      <object_component id="oc-1e2">
         <name>.text:OWWriteByte</name>
         <load_address>0x3144</load_address>
         <run_address>0x3144</run_address>
         <size>0x1c</size>
         <input_file_ref idref="fl-2"/>
      </object_component>
      <object_component id="oc-110">
         <name>.text:main</name>
         <load_address>0x3160</load_address>
         <run_address>0x3160</run_address>
         <size>0x1c</size>
         <input_file_ref idref="fl-2"/>
      </object_component>
      <object_component id="oc-9c">
         <name>.text:_c_int00_noargs_noexit</name>
         <load_address>0x317c</load_address>
         <run_address>0x317c</run_address>
         <size>0x1a</size>
         <input_file_ref idref="fl-32"/>
      </object_component>
      <object_component id="oc-23d">
         <name>.text:_outs</name>
         <load_address>0x3196</load_address>
         <run_address>0x3196</run_address>
         <size>0x1a</size>
         <input_file_ref idref="fl-73"/>
      </object_component>
      <object_component id="oc-2d7">
         <name>.text:memccpy</name>
         <load_address>0x31b0</load_address>
         <run_address>0x31b0</run_address>
         <size>0x1a</size>
         <input_file_ref idref="fl-7c"/>
      </object_component>
      <object_component id="oc-2fc">
         <name>.text:_div</name>
         <load_address>0x31ca</load_address>
         <run_address>0x31ca</run_address>
         <size>0x18</size>
         <input_file_ref idref="fl-75"/>
      </object_component>
      <object_component id="oc-305">
         <name>.text</name>
         <load_address>0x31e2</load_address>
         <run_address>0x31e2</run_address>
         <size>0x16</size>
         <input_file_ref idref="fl-7a"/>
      </object_component>
      <object_component id="oc-7e">
         <name>.text:decompress:ZI:__TI_zero_init</name>
         <load_address>0x31f8</load_address>
         <run_address>0x31f8</run_address>
         <size>0x14</size>
         <input_file_ref idref="fl-36"/>
      </object_component>
      <object_component id="oc-2ca">
         <name>.text:memset</name>
         <load_address>0x320c</load_address>
         <run_address>0x320c</run_address>
         <size>0x14</size>
         <input_file_ref idref="fl-7d"/>
      </object_component>
      <object_component id="oc-256">
         <name>.text:outp</name>
         <load_address>0x3220</load_address>
         <run_address>0x3220</run_address>
         <size>0x14</size>
         <input_file_ref idref="fl-2"/>
      </object_component>
      <object_component id="oc-208">
         <name>.text</name>
         <load_address>0x3234</load_address>
         <run_address>0x3234</run_address>
         <size>0x14</size>
         <input_file_ref idref="fl-6d"/>
      </object_component>
      <object_component id="oc-243">
         <name>.text:_outc</name>
         <load_address>0x3248</load_address>
         <run_address>0x3248</run_address>
         <size>0x12</size>
         <input_file_ref idref="fl-73"/>
      </object_component>
      <object_component id="oc-53">
         <name>.text:decompress:none:__TI_decompress_none</name>
         <load_address>0x325a</load_address>
         <run_address>0x325a</run_address>
         <size>0x12</size>
         <input_file_ref idref="fl-34"/>
      </object_component>
      <object_component id="oc-c4">
         <name>.text:memcpy</name>
         <load_address>0x326c</load_address>
         <run_address>0x326c</run_address>
         <size>0x12</size>
         <input_file_ref idref="fl-68"/>
      </object_component>
      <object_component id="oc-139">
         <name>.text</name>
         <load_address>0x327e</load_address>
         <run_address>0x327e</run_address>
         <size>0x10</size>
         <input_file_ref idref="fl-3c"/>
      </object_component>
      <object_component id="oc-296">
         <name>.text:strlen</name>
         <load_address>0x328e</load_address>
         <run_address>0x328e</run_address>
         <size>0xe</size>
         <input_file_ref idref="fl-7e"/>
      </object_component>
      <object_component id="oc-190">
         <name>.text:__mspabi_fltid</name>
         <load_address>0x329c</load_address>
         <run_address>0x329c</run_address>
         <size>0xc</size>
         <input_file_ref idref="fl-3e"/>
      </object_component>
      <object_component id="oc-25c">
         <name>.text:inp</name>
         <load_address>0x32a8</load_address>
         <run_address>0x32a8</run_address>
         <size>0xa</size>
         <input_file_ref idref="fl-2"/>
      </object_component>
      <object_component id="oc-de">
         <name>.text:_isr:__TI_ISR_TRAP</name>
         <load_address>0x32b2</load_address>
         <run_address>0x32b2</run_address>
         <size>0x6</size>
         <input_file_ref idref="fl-63"/>
      </object_component>
      <object_component id="oc-59">
         <name>.text:decompress:rle24:__TI_decompress_rle24</name>
         <load_address>0x32b8</load_address>
         <run_address>0x32b8</run_address>
         <size>0x6</size>
         <input_file_ref idref="fl-35"/>
      </object_component>
      <object_component id="oc-f0">
         <name>.text:_system_pre_init</name>
         <load_address>0x32be</load_address>
         <run_address>0x32be</run_address>
         <size>0x4</size>
         <input_file_ref idref="fl-72"/>
      </object_component>
      <object_component id="oc-118">
         <name>.text:abort</name>
         <load_address>0x32c2</load_address>
         <run_address>0x32c2</run_address>
         <size>0x4</size>
         <input_file_ref idref="fl-3d"/>
      </object_component>
      <object_component id="oc-353">
         <name>.cinit..data.load</name>
         <load_address>0x3326</load_address>
         <run_address>0x3326</run_address>
         <size>0x9</size>
      </object_component>
      <object_component id="oc-350">
         <name>__TI_handler_table</name>
         <load_address>0x3330</load_address>
         <run_address>0x3330</run_address>
         <size>0x6</size>
      </object_component>
      <object_component id="oc-352">
         <name>.cinit..bss.load</name>
         <load_address>0x3336</load_address>
         <run_address>0x3336</run_address>
         <size>0x4</size>
      </object_component>
      <object_component id="oc-351">
         <name>__TI_cinit_table</name>
         <load_address>0x333a</load_address>
         <run_address>0x333a</run_address>
         <size>0x8</size>
      </object_component>
      <object_component id="oc-183">
         <name>.const:.string</name>
         <load_address>0x32c6</load_address>
         <run_address>0x32c6</run_address>
         <size>0x4c</size>
         <input_file_ref idref="fl-2"/>
      </object_component>
      <object_component id="oc-2d0">
         <name>.const:.string</name>
         <load_address>0x3312</load_address>
         <run_address>0x3312</run_address>
         <size>0x14</size>
         <input_file_ref idref="fl-75"/>
      </object_component>
      <object_component id="oc-5f">
         <name>.int00</name>
         <load_address>0xffc0</load_address>
         <run_address>0xffc0</run_address>
         <size>0x2</size>
         <input_file_ref idref="fl-45"/>
      </object_component>
      <object_component id="oc-60">
         <name>.int01</name>
         <load_address>0xffc2</load_address>
         <run_address>0xffc2</run_address>
         <size>0x2</size>
         <input_file_ref idref="fl-46"/>
      </object_component>
      <object_component id="oc-61">
         <name>.int02</name>
         <load_address>0xffc4</load_address>
         <run_address>0xffc4</run_address>
         <size>0x2</size>
         <input_file_ref idref="fl-47"/>
      </object_component>
      <object_component id="oc-62">
         <name>.int03</name>
         <load_address>0xffc6</load_address>
         <run_address>0xffc6</run_address>
         <size>0x2</size>
         <input_file_ref idref="fl-48"/>
      </object_component>
      <object_component id="oc-63">
         <name>.int04</name>
         <load_address>0xffc8</load_address>
         <run_address>0xffc8</run_address>
         <size>0x2</size>
         <input_file_ref idref="fl-49"/>
      </object_component>
      <object_component id="oc-64">
         <name>.int05</name>
         <load_address>0xffca</load_address>
         <run_address>0xffca</run_address>
         <size>0x2</size>
         <input_file_ref idref="fl-4a"/>
      </object_component>
      <object_component id="oc-65">
         <name>.int06</name>
         <load_address>0xffcc</load_address>
         <run_address>0xffcc</run_address>
         <size>0x2</size>
         <input_file_ref idref="fl-4b"/>
      </object_component>
      <object_component id="oc-66">
         <name>.int07</name>
         <load_address>0xffce</load_address>
         <run_address>0xffce</run_address>
         <size>0x2</size>
         <input_file_ref idref="fl-4c"/>
      </object_component>
      <object_component id="oc-67">
         <name>.int08</name>
         <load_address>0xffd0</load_address>
         <run_address>0xffd0</run_address>
         <size>0x2</size>
         <input_file_ref idref="fl-4d"/>
      </object_component>
      <object_component id="oc-68">
         <name>.int09</name>
         <load_address>0xffd2</load_address>
         <run_address>0xffd2</run_address>
         <size>0x2</size>
         <input_file_ref idref="fl-4e"/>
      </object_component>
      <object_component id="oc-69">
         <name>.int10</name>
         <load_address>0xffd4</load_address>
         <run_address>0xffd4</run_address>
         <size>0x2</size>
         <input_file_ref idref="fl-4f"/>
      </object_component>
      <object_component id="oc-6a">
         <name>.int11</name>
         <load_address>0xffd6</load_address>
         <run_address>0xffd6</run_address>
         <size>0x2</size>
         <input_file_ref idref="fl-50"/>
      </object_component>
      <object_component id="oc-6b">
         <name>.int12</name>
         <load_address>0xffd8</load_address>
         <run_address>0xffd8</run_address>
         <size>0x2</size>
         <input_file_ref idref="fl-51"/>
      </object_component>
      <object_component id="oc-6c">
         <name>.int13</name>
         <load_address>0xffda</load_address>
         <run_address>0xffda</run_address>
         <size>0x2</size>
         <input_file_ref idref="fl-52"/>
      </object_component>
      <object_component id="oc-6d">
         <name>.int14</name>
         <load_address>0xffdc</load_address>
         <run_address>0xffdc</run_address>
         <size>0x2</size>
         <input_file_ref idref="fl-53"/>
      </object_component>
      <object_component id="oc-6e">
         <name>.int15</name>
         <load_address>0xffde</load_address>
         <run_address>0xffde</run_address>
         <size>0x2</size>
         <input_file_ref idref="fl-54"/>
      </object_component>
      <object_component id="oc-6f">
         <name>.int16</name>
         <load_address>0xffe0</load_address>
         <run_address>0xffe0</run_address>
         <size>0x2</size>
         <input_file_ref idref="fl-55"/>
      </object_component>
      <object_component id="oc-70">
         <name>.int17</name>
         <load_address>0xffe2</load_address>
         <run_address>0xffe2</run_address>
         <size>0x2</size>
         <input_file_ref idref="fl-56"/>
      </object_component>
      <object_component id="oc-71">
         <name>.int18</name>
         <load_address>0xffe4</load_address>
         <run_address>0xffe4</run_address>
         <size>0x2</size>
         <input_file_ref idref="fl-57"/>
      </object_component>
      <object_component id="oc-72">
         <name>.int19</name>
         <load_address>0xffe6</load_address>
         <run_address>0xffe6</run_address>
         <size>0x2</size>
         <input_file_ref idref="fl-58"/>
      </object_component>
      <object_component id="oc-73">
         <name>.int20</name>
         <load_address>0xffe8</load_address>
         <run_address>0xffe8</run_address>
         <size>0x2</size>
         <input_file_ref idref="fl-59"/>
      </object_component>
      <object_component id="oc-74">
         <name>.int21</name>
         <load_address>0xffea</load_address>
         <run_address>0xffea</run_address>
         <size>0x2</size>
         <input_file_ref idref="fl-5a"/>
      </object_component>
      <object_component id="oc-75">
         <name>.int22</name>
         <load_address>0xffec</load_address>
         <run_address>0xffec</run_address>
         <size>0x2</size>
         <input_file_ref idref="fl-5b"/>
      </object_component>
      <object_component id="oc-76">
         <name>.int23</name>
         <load_address>0xffee</load_address>
         <run_address>0xffee</run_address>
         <size>0x2</size>
         <input_file_ref idref="fl-5c"/>
      </object_component>
      <object_component id="oc-77">
         <name>.int24</name>
         <load_address>0xfff0</load_address>
         <run_address>0xfff0</run_address>
         <size>0x2</size>
         <input_file_ref idref="fl-5d"/>
      </object_component>
      <object_component id="oc-78">
         <name>.int25</name>
         <load_address>0xfff2</load_address>
         <run_address>0xfff2</run_address>
         <size>0x2</size>
         <input_file_ref idref="fl-2"/>
      </object_component>
      <object_component id="oc-79">
         <name>.int26</name>
         <load_address>0xfff4</load_address>
         <run_address>0xfff4</run_address>
         <size>0x2</size>
         <input_file_ref idref="fl-5e"/>
      </object_component>
      <object_component id="oc-7a">
         <name>.int27</name>
         <load_address>0xfff6</load_address>
         <run_address>0xfff6</run_address>
         <size>0x2</size>
         <input_file_ref idref="fl-5f"/>
      </object_component>
      <object_component id="oc-7b">
         <name>.int28</name>
         <load_address>0xfff8</load_address>
         <run_address>0xfff8</run_address>
         <size>0x2</size>
         <input_file_ref idref="fl-60"/>
      </object_component>
      <object_component id="oc-7c">
         <name>.int29</name>
         <load_address>0xfffa</load_address>
         <run_address>0xfffa</run_address>
         <size>0x2</size>
         <input_file_ref idref="fl-61"/>
      </object_component>
      <object_component id="oc-7d">
         <name>.int30</name>
         <load_address>0xfffc</load_address>
         <run_address>0xfffc</run_address>
         <size>0x2</size>
         <input_file_ref idref="fl-62"/>
      </object_component>
      <object_component id="oc-c3">
         <name>.reset</name>
         <load_address>0xfffe</load_address>
         <run_address>0xfffe</run_address>
         <size>0x2</size>
         <input_file_ref idref="fl-31"/>
      </object_component>
      <object_component id="oc-142">
         <name>.data</name>
         <load_address>0x200</load_address>
         <run_address>0x200</run_address>
         <size>0x5a</size>
         <input_file_ref idref="fl-2"/>
      </object_component>
      <object_component id="oc-181">
         <name>.debug_info</name>
         <load_address>0x0</load_address>
         <run_address>0x0</run_address>
         <size>0x6b7</size>
         <input_file_ref idref="fl-2"/>
      </object_component>
      <object_component id="oc-143">
         <name>.debug_info</name>
         <load_address>0x6b7</load_address>
         <run_address>0x6b7</run_address>
         <size>0x595</size>
         <input_file_ref idref="fl-2"/>
      </object_component>
      <object_component id="oc-111">
         <name>.debug_info</name>
         <load_address>0xc4c</load_address>
         <run_address>0xc4c</run_address>
         <size>0x168</size>
         <input_file_ref idref="fl-2"/>
      </object_component>
      <object_component id="oc-e4">
         <name>.debug_info</name>
         <load_address>0xdb4</load_address>
         <run_address>0xdb4</run_address>
         <size>0x10e</size>
         <input_file_ref idref="fl-2"/>
      </object_component>
      <object_component id="oc-163">
         <name>.debug_info</name>
         <load_address>0xec2</load_address>
         <run_address>0xec2</run_address>
         <size>0x10e</size>
         <input_file_ref idref="fl-2"/>
      </object_component>
      <object_component id="oc-169">
         <name>.debug_info</name>
         <load_address>0xfd0</load_address>
         <run_address>0xfd0</run_address>
         <size>0x345</size>
         <input_file_ref idref="fl-2"/>
      </object_component>
      <object_component id="oc-16f">
         <name>.debug_info</name>
         <load_address>0x1315</load_address>
         <run_address>0x1315</run_address>
         <size>0x117</size>
         <input_file_ref idref="fl-2"/>
      </object_component>
      <object_component id="oc-175">
         <name>.debug_info</name>
         <load_address>0x142c</load_address>
         <run_address>0x142c</run_address>
         <size>0x6eb</size>
         <input_file_ref idref="fl-2"/>
      </object_component>
      <object_component id="oc-257">
         <name>.debug_info</name>
         <load_address>0x1b17</load_address>
         <run_address>0x1b17</run_address>
         <size>0x11d</size>
         <input_file_ref idref="fl-2"/>
      </object_component>
      <object_component id="oc-25d">
         <name>.debug_info</name>
         <load_address>0x1c34</load_address>
         <run_address>0x1c34</run_address>
         <size>0x116</size>
         <input_file_ref idref="fl-2"/>
      </object_component>
      <object_component id="oc-1dd">
         <name>.debug_info</name>
         <load_address>0x1d4a</load_address>
         <run_address>0x1d4a</run_address>
         <size>0x15e</size>
         <input_file_ref idref="fl-2"/>
      </object_component>
      <object_component id="oc-264">
         <name>.debug_info</name>
         <load_address>0x1ea8</load_address>
         <run_address>0x1ea8</run_address>
         <size>0x159</size>
         <input_file_ref idref="fl-2"/>
      </object_component>
      <object_component id="oc-26b">
         <name>.debug_info</name>
         <load_address>0x2001</load_address>
         <run_address>0x2001</run_address>
         <size>0x137</size>
         <input_file_ref idref="fl-2"/>
      </object_component>
      <object_component id="oc-1e3">
         <name>.debug_info</name>
         <load_address>0x2138</load_address>
         <run_address>0x2138</run_address>
         <size>0x153</size>
         <input_file_ref idref="fl-2"/>
      </object_component>
      <object_component id="oc-1eb">
         <name>.debug_info</name>
         <load_address>0x228b</load_address>
         <run_address>0x228b</run_address>
         <size>0x14a</size>
         <input_file_ref idref="fl-2"/>
      </object_component>
      <object_component id="oc-146">
         <name>.debug_info</name>
         <load_address>0x23d5</load_address>
         <run_address>0x23d5</run_address>
         <size>0x478</size>
         <input_file_ref idref="fl-2"/>
      </object_component>
      <object_component id="oc-18b">
         <name>.debug_info</name>
         <load_address>0x284d</load_address>
         <run_address>0x284d</run_address>
         <size>0x307</size>
         <input_file_ref idref="fl-2"/>
      </object_component>
      <object_component id="oc-185">
         <name>.debug_info</name>
         <load_address>0x2b54</load_address>
         <run_address>0x2b54</run_address>
         <size>0x13e</size>
         <input_file_ref idref="fl-2"/>
      </object_component>
      <object_component id="oc-126">
         <name>.debug_info</name>
         <load_address>0x2c92</load_address>
         <run_address>0x2c92</run_address>
         <size>0x84</size>
         <input_file_ref idref="fl-2"/>
      </object_component>
      <object_component id="oc-2aa">
         <name>.debug_info</name>
         <load_address>0x2d16</load_address>
         <run_address>0x2d16</run_address>
         <size>0x2c</size>
         <input_file_ref idref="fl-2"/>
      </object_component>
      <object_component id="oc-c1">
         <name>.debug_info</name>
         <load_address>0x2d42</load_address>
         <run_address>0x2d42</run_address>
         <size>0xd8</size>
         <input_file_ref idref="fl-31"/>
      </object_component>
      <object_component id="oc-9d">
         <name>.debug_info</name>
         <load_address>0x2e1a</load_address>
         <run_address>0x2e1a</run_address>
         <size>0x179</size>
         <input_file_ref idref="fl-32"/>
      </object_component>
      <object_component id="oc-227">
         <name>.debug_info</name>
         <load_address>0x2f93</load_address>
         <run_address>0x2f93</run_address>
         <size>0x94</size>
         <input_file_ref idref="fl-33"/>
      </object_component>
      <object_component id="oc-d0">
         <name>.debug_info</name>
         <load_address>0x3027</load_address>
         <run_address>0x3027</run_address>
         <size>0x195</size>
         <input_file_ref idref="fl-34"/>
      </object_component>
      <object_component id="oc-54">
         <name>.debug_info</name>
         <load_address>0x31bc</load_address>
         <run_address>0x31bc</run_address>
         <size>0x1c2</size>
         <input_file_ref idref="fl-34"/>
      </object_component>
      <object_component id="oc-cb">
         <name>.debug_info</name>
         <load_address>0x337e</load_address>
         <run_address>0x337e</run_address>
         <size>0x46</size>
         <input_file_ref idref="fl-34"/>
      </object_component>
      <object_component id="oc-132">
         <name>.debug_info</name>
         <load_address>0x33c4</load_address>
         <run_address>0x33c4</run_address>
         <size>0x2c</size>
         <input_file_ref idref="fl-34"/>
      </object_component>
      <object_component id="oc-d8">
         <name>.debug_info</name>
         <load_address>0x33f0</load_address>
         <run_address>0x33f0</run_address>
         <size>0x157</size>
         <input_file_ref idref="fl-35"/>
      </object_component>
      <object_component id="oc-d2">
         <name>.debug_info</name>
         <load_address>0x3547</load_address>
         <run_address>0x3547</run_address>
         <size>0x21d</size>
         <input_file_ref idref="fl-35"/>
      </object_component>
      <object_component id="oc-5a">
         <name>.debug_info</name>
         <load_address>0x3764</load_address>
         <run_address>0x3764</run_address>
         <size>0x194</size>
         <input_file_ref idref="fl-35"/>
      </object_component>
      <object_component id="oc-d9">
         <name>.debug_info</name>
         <load_address>0x38f8</load_address>
         <run_address>0x38f8</run_address>
         <size>0x39</size>
         <input_file_ref idref="fl-35"/>
      </object_component>
      <object_component id="oc-ef">
         <name>.debug_info</name>
         <load_address>0x3931</load_address>
         <run_address>0x3931</run_address>
         <size>0x14d</size>
         <input_file_ref idref="fl-36"/>
      </object_component>
      <object_component id="oc-7f">
         <name>.debug_info</name>
         <load_address>0x3a7e</load_address>
         <run_address>0x3a7e</run_address>
         <size>0x198</size>
         <input_file_ref idref="fl-36"/>
      </object_component>
      <object_component id="oc-ea">
         <name>.debug_info</name>
         <load_address>0x3c16</load_address>
         <run_address>0x3c16</run_address>
         <size>0x46</size>
         <input_file_ref idref="fl-36"/>
      </object_component>
      <object_component id="oc-12d">
         <name>.debug_info</name>
         <load_address>0x3c5c</load_address>
         <run_address>0x3c5c</run_address>
         <size>0x2c</size>
         <input_file_ref idref="fl-36"/>
      </object_component>
      <object_component id="oc-23a">
         <name>.debug_info</name>
         <load_address>0x3c88</load_address>
         <run_address>0x3c88</run_address>
         <size>0x1b8</size>
         <input_file_ref idref="fl-37"/>
      </object_component>
      <object_component id="oc-1a4">
         <name>.debug_info</name>
         <load_address>0x3e40</load_address>
         <run_address>0x3e40</run_address>
         <size>0x1b0</size>
         <input_file_ref idref="fl-37"/>
      </object_component>
      <object_component id="oc-201">
         <name>.debug_info</name>
         <load_address>0x3ff0</load_address>
         <run_address>0x3ff0</run_address>
         <size>0x117</size>
         <input_file_ref idref="fl-39"/>
      </object_component>
      <object_component id="oc-274">
         <name>.debug_info</name>
         <load_address>0x4107</load_address>
         <run_address>0x4107</run_address>
         <size>0x102</size>
         <input_file_ref idref="fl-3a"/>
      </object_component>
      <object_component id="oc-233">
         <name>.debug_info</name>
         <load_address>0x4209</load_address>
         <run_address>0x4209</run_address>
         <size>0x1f5</size>
         <input_file_ref idref="fl-3b"/>
      </object_component>
      <object_component id="oc-19d">
         <name>.debug_info</name>
         <load_address>0x43fe</load_address>
         <run_address>0x43fe</run_address>
         <size>0x262</size>
         <input_file_ref idref="fl-3b"/>
      </object_component>
      <object_component id="oc-13c">
         <name>.debug_info</name>
         <load_address>0x4660</load_address>
         <run_address>0x4660</run_address>
         <size>0x10d</size>
         <input_file_ref idref="fl-3c"/>
      </object_component>
      <object_component id="oc-119">
         <name>.debug_info</name>
         <load_address>0x476d</load_address>
         <run_address>0x476d</run_address>
         <size>0xfa</size>
         <input_file_ref idref="fl-3d"/>
      </object_component>
      <object_component id="oc-192">
         <name>.debug_info</name>
         <load_address>0x4867</load_address>
         <run_address>0x4867</run_address>
         <size>0x13e</size>
         <input_file_ref idref="fl-3e"/>
      </object_component>
      <object_component id="oc-281">
         <name>.debug_info</name>
         <load_address>0x49a5</load_address>
         <run_address>0x49a5</run_address>
         <size>0x1be</size>
         <input_file_ref idref="fl-3f"/>
      </object_component>
      <object_component id="oc-20f">
         <name>.debug_info</name>
         <load_address>0x4b63</load_address>
         <run_address>0x4b63</run_address>
         <size>0x1f3</size>
         <input_file_ref idref="fl-3f"/>
      </object_component>
      <object_component id="oc-28e">
         <name>.debug_info</name>
         <load_address>0x4d56</load_address>
         <run_address>0x4d56</run_address>
         <size>0x1c5</size>
         <input_file_ref idref="fl-40"/>
      </object_component>
      <object_component id="oc-22e">
         <name>.debug_info</name>
         <load_address>0x4f1b</load_address>
         <run_address>0x4f1b</run_address>
         <size>0x5c1</size>
         <input_file_ref idref="fl-40"/>
      </object_component>
      <object_component id="oc-1a9">
         <name>.debug_info</name>
         <load_address>0x54dc</load_address>
         <run_address>0x54dc</run_address>
         <size>0x109</size>
         <input_file_ref idref="fl-42"/>
      </object_component>
      <object_component id="oc-1af">
         <name>.debug_info</name>
         <load_address>0x55e5</load_address>
         <run_address>0x55e5</run_address>
         <size>0x100</size>
         <input_file_ref idref="fl-43"/>
      </object_component>
      <object_component id="oc-1fa">
         <name>.debug_info</name>
         <load_address>0x56e5</load_address>
         <run_address>0x56e5</run_address>
         <size>0x116</size>
         <input_file_ref idref="fl-44"/>
      </object_component>
      <object_component id="oc-df">
         <name>.debug_info</name>
         <load_address>0x57fb</load_address>
         <run_address>0x57fb</run_address>
         <size>0xee</size>
         <input_file_ref idref="fl-63"/>
      </object_component>
      <object_component id="oc-221">
         <name>.debug_info</name>
         <load_address>0x58e9</load_address>
         <run_address>0x58e9</run_address>
         <size>0xff</size>
         <input_file_ref idref="fl-64"/>
      </object_component>
      <object_component id="oc-235">
         <name>.debug_info</name>
         <load_address>0x59e8</load_address>
         <run_address>0x59e8</run_address>
         <size>0x105</size>
         <input_file_ref idref="fl-65"/>
      </object_component>
      <object_component id="oc-1f1">
         <name>.debug_info</name>
         <load_address>0x5aed</load_address>
         <run_address>0x5aed</run_address>
         <size>0xff</size>
         <input_file_ref idref="fl-66"/>
      </object_component>
      <object_component id="oc-27c">
         <name>.debug_info</name>
         <load_address>0x5bec</load_address>
         <run_address>0x5bec</run_address>
         <size>0x105</size>
         <input_file_ref idref="fl-67"/>
      </object_component>
      <object_component id="oc-12c">
         <name>.debug_info</name>
         <load_address>0x5cf1</load_address>
         <run_address>0x5cf1</run_address>
         <size>0x150</size>
         <input_file_ref idref="fl-68"/>
      </object_component>
      <object_component id="oc-c5">
         <name>.debug_info</name>
         <load_address>0x5e41</load_address>
         <run_address>0x5e41</run_address>
         <size>0x174</size>
         <input_file_ref idref="fl-68"/>
      </object_component>
      <object_component id="oc-226">
         <name>.debug_info</name>
         <load_address>0x5fb5</load_address>
         <run_address>0x5fb5</run_address>
         <size>0x1f5</size>
         <input_file_ref idref="fl-6a"/>
      </object_component>
      <object_component id="oc-197">
         <name>.debug_info</name>
         <load_address>0x61aa</load_address>
         <run_address>0x61aa</run_address>
         <size>0x2ae</size>
         <input_file_ref idref="fl-6a"/>
      </object_component>
      <object_component id="oc-209">
         <name>.debug_info</name>
         <load_address>0x6458</load_address>
         <run_address>0x6458</run_address>
         <size>0xfe</size>
         <input_file_ref idref="fl-6d"/>
      </object_component>
      <object_component id="oc-204">
         <name>.debug_info</name>
         <load_address>0x6556</load_address>
         <run_address>0x6556</run_address>
         <size>0xfe</size>
         <input_file_ref idref="fl-70"/>
      </object_component>
      <object_component id="oc-f1">
         <name>.debug_info</name>
         <load_address>0x6654</load_address>
         <run_address>0x6654</run_address>
         <size>0x12b</size>
         <input_file_ref idref="fl-72"/>
      </object_component>
      <object_component id="oc-250">
         <name>.debug_info</name>
         <load_address>0x677f</load_address>
         <run_address>0x677f</run_address>
         <size>0x210</size>
         <input_file_ref idref="fl-73"/>
      </object_component>
      <object_component id="oc-1b5">
         <name>.debug_info</name>
         <load_address>0x698f</load_address>
         <run_address>0x698f</run_address>
         <size>0x19a</size>
         <input_file_ref idref="fl-73"/>
      </object_component>
      <object_component id="oc-23e">
         <name>.debug_info</name>
         <load_address>0x6b29</load_address>
         <run_address>0x6b29</run_address>
         <size>0x170</size>
         <input_file_ref idref="fl-73"/>
      </object_component>
      <object_component id="oc-244">
         <name>.debug_info</name>
         <load_address>0x6c99</load_address>
         <run_address>0x6c99</run_address>
         <size>0x145</size>
         <input_file_ref idref="fl-73"/>
      </object_component>
      <object_component id="oc-2b6">
         <name>.debug_info</name>
         <load_address>0x6dde</load_address>
         <run_address>0x6dde</run_address>
         <size>0x2c</size>
         <input_file_ref idref="fl-73"/>
      </object_component>
      <object_component id="oc-2a9">
         <name>.debug_info</name>
         <load_address>0x6e0a</load_address>
         <run_address>0x6e0a</run_address>
         <size>0x33f</size>
         <input_file_ref idref="fl-75"/>
      </object_component>
      <object_component id="oc-2e6">
         <name>.debug_info</name>
         <load_address>0x7149</load_address>
         <run_address>0x7149</run_address>
         <size>0x18a</size>
         <input_file_ref idref="fl-75"/>
      </object_component>
      <object_component id="oc-2fd">
         <name>.debug_info</name>
         <load_address>0x72d3</load_address>
         <run_address>0x72d3</run_address>
         <size>0x187</size>
         <input_file_ref idref="fl-75"/>
      </object_component>
      <object_component id="oc-2ec">
         <name>.debug_info</name>
         <load_address>0x745a</load_address>
         <run_address>0x745a</run_address>
         <size>0x1cf</size>
         <input_file_ref idref="fl-75"/>
      </object_component>
      <object_component id="oc-2d2">
         <name>.debug_info</name>
         <load_address>0x7629</load_address>
         <run_address>0x7629</run_address>
         <size>0x212</size>
         <input_file_ref idref="fl-75"/>
      </object_component>
      <object_component id="oc-29d">
         <name>.debug_info</name>
         <load_address>0x783b</load_address>
         <run_address>0x783b</run_address>
         <size>0x267</size>
         <input_file_ref idref="fl-75"/>
      </object_component>
      <object_component id="oc-2a3">
         <name>.debug_info</name>
         <load_address>0x7aa2</load_address>
         <run_address>0x7aa2</run_address>
         <size>0x20a</size>
         <input_file_ref idref="fl-75"/>
      </object_component>
      <object_component id="oc-24a">
         <name>.debug_info</name>
         <load_address>0x7cac</load_address>
         <run_address>0x7cac</run_address>
         <size>0x28a</size>
         <input_file_ref idref="fl-75"/>
      </object_component>
      <object_component id="oc-2af">
         <name>.debug_info</name>
         <load_address>0x7f36</load_address>
         <run_address>0x7f36</run_address>
         <size>0x86</size>
         <input_file_ref idref="fl-75"/>
      </object_component>
      <object_component id="oc-2f2">
         <name>.debug_info</name>
         <load_address>0x7fbc</load_address>
         <run_address>0x7fbc</run_address>
         <size>0x39</size>
         <input_file_ref idref="fl-75"/>
      </object_component>
      <object_component id="oc-216">
         <name>.debug_info</name>
         <load_address>0x7ff5</load_address>
         <run_address>0x7ff5</run_address>
         <size>0xff</size>
         <input_file_ref idref="fl-77"/>
      </object_component>
      <object_component id="oc-284">
         <name>.debug_info</name>
         <load_address>0x80f4</load_address>
         <run_address>0x80f4</run_address>
         <size>0x105</size>
         <input_file_ref idref="fl-78"/>
      </object_component>
      <object_component id="oc-150">
         <name>.debug_info</name>
         <load_address>0x81f9</load_address>
         <run_address>0x81f9</run_address>
         <size>0x2cc</size>
         <input_file_ref idref="fl-79"/>
      </object_component>
      <object_component id="oc-f7">
         <name>.debug_info</name>
         <load_address>0x84c5</load_address>
         <run_address>0x84c5</run_address>
         <size>0x17e</size>
         <input_file_ref idref="fl-79"/>
      </object_component>
      <object_component id="oc-1bd">
         <name>.debug_info</name>
         <load_address>0x8643</load_address>
         <run_address>0x8643</run_address>
         <size>0x39</size>
         <input_file_ref idref="fl-79"/>
      </object_component>
      <object_component id="oc-306">
         <name>.debug_info</name>
         <load_address>0x867c</load_address>
         <run_address>0x867c</run_address>
         <size>0x100</size>
         <input_file_ref idref="fl-7a"/>
      </object_component>
      <object_component id="oc-289">
         <name>.debug_info</name>
         <load_address>0x877c</load_address>
         <run_address>0x877c</run_address>
         <size>0x1e1</size>
         <input_file_ref idref="fl-7b"/>
      </object_component>
      <object_component id="oc-21b">
         <name>.debug_info</name>
         <load_address>0x895d</load_address>
         <run_address>0x895d</run_address>
         <size>0x3af</size>
         <input_file_ref idref="fl-7b"/>
      </object_component>
      <object_component id="oc-2f8">
         <name>.debug_info</name>
         <load_address>0x8d0c</load_address>
         <run_address>0x8d0c</run_address>
         <size>0x146</size>
         <input_file_ref idref="fl-7c"/>
      </object_component>
      <object_component id="oc-2d9">
         <name>.debug_info</name>
         <load_address>0x8e52</load_address>
         <run_address>0x8e52</run_address>
         <size>0x18e</size>
         <input_file_ref idref="fl-7c"/>
      </object_component>
      <object_component id="oc-2e4">
         <name>.debug_info</name>
         <load_address>0x8fe0</load_address>
         <run_address>0x8fe0</run_address>
         <size>0x145</size>
         <input_file_ref idref="fl-7d"/>
      </object_component>
      <object_component id="oc-2cb">
         <name>.debug_info</name>
         <load_address>0x9125</load_address>
         <run_address>0x9125</run_address>
         <size>0x20d</size>
         <input_file_ref idref="fl-7d"/>
      </object_component>
      <object_component id="oc-2c9">
         <name>.debug_info</name>
         <load_address>0x9332</load_address>
         <run_address>0x9332</run_address>
         <size>0x13a</size>
         <input_file_ref idref="fl-7e"/>
      </object_component>
      <object_component id="oc-299">
         <name>.debug_info</name>
         <load_address>0x946c</load_address>
         <run_address>0x946c</run_address>
         <size>0x1c8</size>
         <input_file_ref idref="fl-7e"/>
      </object_component>
      <object_component id="oc-355">
         <name>.debug_info</name>
         <load_address>0x9634</load_address>
         <run_address>0x9634</run_address>
         <size>0xb0</size>
      </object_component>
      <object_component id="oc-1f7">
         <name>.debug_line</name>
         <load_address>0x0</load_address>
         <run_address>0x0</run_address>
         <size>0xea</size>
         <input_file_ref idref="fl-2"/>
      </object_component>
      <object_component id="oc-180">
         <name>.debug_line</name>
         <load_address>0xea</load_address>
         <run_address>0xea</run_address>
         <size>0x2d</size>
         <input_file_ref idref="fl-2"/>
      </object_component>
      <object_component id="oc-114">
         <name>.debug_line</name>
         <load_address>0x117</load_address>
         <run_address>0x117</run_address>
         <size>0x45</size>
         <input_file_ref idref="fl-2"/>
      </object_component>
      <object_component id="oc-e7">
         <name>.debug_line</name>
         <load_address>0x15c</load_address>
         <run_address>0x15c</run_address>
         <size>0x53</size>
         <input_file_ref idref="fl-2"/>
      </object_component>
      <object_component id="oc-166">
         <name>.debug_line</name>
         <load_address>0x1af</load_address>
         <run_address>0x1af</run_address>
         <size>0x71</size>
         <input_file_ref idref="fl-2"/>
      </object_component>
      <object_component id="oc-16c">
         <name>.debug_line</name>
         <load_address>0x220</load_address>
         <run_address>0x220</run_address>
         <size>0x63</size>
         <input_file_ref idref="fl-2"/>
      </object_component>
      <object_component id="oc-172">
         <name>.debug_line</name>
         <load_address>0x283</load_address>
         <run_address>0x283</run_address>
         <size>0x51</size>
         <input_file_ref idref="fl-2"/>
      </object_component>
      <object_component id="oc-178">
         <name>.debug_line</name>
         <load_address>0x2d4</load_address>
         <run_address>0x2d4</run_address>
         <size>0xa4</size>
         <input_file_ref idref="fl-2"/>
      </object_component>
      <object_component id="oc-25a">
         <name>.debug_line</name>
         <load_address>0x378</load_address>
         <run_address>0x378</run_address>
         <size>0x4d</size>
         <input_file_ref idref="fl-2"/>
      </object_component>
      <object_component id="oc-260">
         <name>.debug_line</name>
         <load_address>0x3c5</load_address>
         <run_address>0x3c5</run_address>
         <size>0x45</size>
         <input_file_ref idref="fl-2"/>
      </object_component>
      <object_component id="oc-1e0">
         <name>.debug_line</name>
         <load_address>0x40a</load_address>
         <run_address>0x40a</run_address>
         <size>0x56</size>
         <input_file_ref idref="fl-2"/>
      </object_component>
      <object_component id="oc-267">
         <name>.debug_line</name>
         <load_address>0x460</load_address>
         <run_address>0x460</run_address>
         <size>0x5b</size>
         <input_file_ref idref="fl-2"/>
      </object_component>
      <object_component id="oc-26e">
         <name>.debug_line</name>
         <load_address>0x4bb</load_address>
         <run_address>0x4bb</run_address>
         <size>0x49</size>
         <input_file_ref idref="fl-2"/>
      </object_component>
      <object_component id="oc-1e6">
         <name>.debug_line</name>
         <load_address>0x504</load_address>
         <run_address>0x504</run_address>
         <size>0x4a</size>
         <input_file_ref idref="fl-2"/>
      </object_component>
      <object_component id="oc-1ee">
         <name>.debug_line</name>
         <load_address>0x54e</load_address>
         <run_address>0x54e</run_address>
         <size>0x53</size>
         <input_file_ref idref="fl-2"/>
      </object_component>
      <object_component id="oc-149">
         <name>.debug_line</name>
         <load_address>0x5a1</load_address>
         <run_address>0x5a1</run_address>
         <size>0xdd</size>
         <input_file_ref idref="fl-2"/>
      </object_component>
      <object_component id="oc-18e">
         <name>.debug_line</name>
         <load_address>0x67e</load_address>
         <run_address>0x67e</run_address>
         <size>0x5a</size>
         <input_file_ref idref="fl-2"/>
      </object_component>
      <object_component id="oc-188">
         <name>.debug_line</name>
         <load_address>0x6d8</load_address>
         <run_address>0x6d8</run_address>
         <size>0x4e</size>
         <input_file_ref idref="fl-2"/>
      </object_component>
      <object_component id="oc-129">
         <name>.debug_line</name>
         <load_address>0x726</load_address>
         <run_address>0x726</run_address>
         <size>0x20</size>
         <input_file_ref idref="fl-2"/>
      </object_component>
      <object_component id="oc-2ad">
         <name>.debug_line</name>
         <load_address>0x746</load_address>
         <run_address>0x746</run_address>
         <size>0x63</size>
         <input_file_ref idref="fl-2"/>
      </object_component>
      <object_component id="oc-125">
         <name>.debug_line</name>
         <load_address>0x7a9</load_address>
         <run_address>0x7a9</run_address>
         <size>0x2a</size>
         <input_file_ref idref="fl-31"/>
      </object_component>
      <object_component id="oc-a0">
         <name>.debug_line</name>
         <load_address>0x7d3</load_address>
         <run_address>0x7d3</run_address>
         <size>0x4c</size>
         <input_file_ref idref="fl-32"/>
      </object_component>
      <object_component id="oc-22a">
         <name>.debug_line</name>
         <load_address>0x81f</load_address>
         <run_address>0x81f</run_address>
         <size>0x2e</size>
         <input_file_ref idref="fl-33"/>
      </object_component>
      <object_component id="oc-138">
         <name>.debug_line</name>
         <load_address>0x84d</load_address>
         <run_address>0x84d</run_address>
         <size>0x72</size>
         <input_file_ref idref="fl-34"/>
      </object_component>
      <object_component id="oc-57">
         <name>.debug_line</name>
         <load_address>0x8bf</load_address>
         <run_address>0x8bf</run_address>
         <size>0x50</size>
         <input_file_ref idref="fl-34"/>
      </object_component>
      <object_component id="oc-ce">
         <name>.debug_line</name>
         <load_address>0x90f</load_address>
         <run_address>0x90f</run_address>
         <size>0x3a</size>
         <input_file_ref idref="fl-34"/>
      </object_component>
      <object_component id="oc-135">
         <name>.debug_line</name>
         <load_address>0x949</load_address>
         <run_address>0x949</run_address>
         <size>0x72</size>
         <input_file_ref idref="fl-34"/>
      </object_component>
      <object_component id="oc-140">
         <name>.debug_line</name>
         <load_address>0x9bb</load_address>
         <run_address>0x9bb</run_address>
         <size>0x20</size>
         <input_file_ref idref="fl-35"/>
      </object_component>
      <object_component id="oc-d5">
         <name>.debug_line</name>
         <load_address>0x9db</load_address>
         <run_address>0x9db</run_address>
         <size>0x87</size>
         <input_file_ref idref="fl-35"/>
      </object_component>
      <object_component id="oc-5d">
         <name>.debug_line</name>
         <load_address>0xa62</load_address>
         <run_address>0xa62</run_address>
         <size>0x49</size>
         <input_file_ref idref="fl-35"/>
      </object_component>
      <object_component id="oc-dc">
         <name>.debug_line</name>
         <load_address>0xaab</load_address>
         <run_address>0xaab</run_address>
         <size>0x39</size>
         <input_file_ref idref="fl-35"/>
      </object_component>
      <object_component id="oc-14d">
         <name>.debug_line</name>
         <load_address>0xae4</load_address>
         <run_address>0xae4</run_address>
         <size>0x20</size>
         <input_file_ref idref="fl-36"/>
      </object_component>
      <object_component id="oc-82">
         <name>.debug_line</name>
         <load_address>0xb04</load_address>
         <run_address>0xb04</run_address>
         <size>0x4d</size>
         <input_file_ref idref="fl-36"/>
      </object_component>
      <object_component id="oc-ed">
         <name>.debug_line</name>
         <load_address>0xb51</load_address>
         <run_address>0xb51</run_address>
         <size>0x34</size>
         <input_file_ref idref="fl-36"/>
      </object_component>
      <object_component id="oc-130">
         <name>.debug_line</name>
         <load_address>0xb85</load_address>
         <run_address>0xb85</run_address>
         <size>0x72</size>
         <input_file_ref idref="fl-36"/>
      </object_component>
      <object_component id="oc-293">
         <name>.debug_line</name>
         <load_address>0xbf7</load_address>
         <run_address>0xbf7</run_address>
         <size>0x20</size>
         <input_file_ref idref="fl-37"/>
      </object_component>
      <object_component id="oc-1a6">
         <name>.debug_line</name>
         <load_address>0xc17</load_address>
         <run_address>0xc17</run_address>
         <size>0x6c</size>
         <input_file_ref idref="fl-37"/>
      </object_component>
      <object_component id="oc-200">
         <name>.debug_line</name>
         <load_address>0xc83</load_address>
         <run_address>0xc83</run_address>
         <size>0x5a</size>
         <input_file_ref idref="fl-39"/>
      </object_component>
      <object_component id="oc-277">
         <name>.debug_line</name>
         <load_address>0xcdd</load_address>
         <run_address>0xcdd</run_address>
         <size>0x64</size>
         <input_file_ref idref="fl-3a"/>
      </object_component>
      <object_component id="oc-290">
         <name>.debug_line</name>
         <load_address>0xd41</load_address>
         <run_address>0xd41</run_address>
         <size>0x2d</size>
         <input_file_ref idref="fl-3b"/>
      </object_component>
      <object_component id="oc-1a0">
[...]
         <name>__TI_int18</name>
         <value>0xffe4</value>
         <object_component_ref idref="oc-71"/>
      </symbol>
      <symbol id="sm-38a">
         <name>__TI_int19</name>
         <value>0xffe6</value>
         <object_component_ref idref="oc-72"/>
      </symbol>
      <symbol id="sm-38d">
         <name>__TI_int20</name>
         <value>0xffe8</value>
         <object_component_ref idref="oc-73"/>
      </symbol>
      <symbol id="sm-390">
         <name>__TI_int21</name>
         <value>0xffea</value>
         <object_component_ref idref="oc-74"/>
      </symbol>
      <symbol id="sm-393">
         <name>__TI_int22</name>
         <value>0xffec</value>
         <object_component_ref idref="oc-75"/>
      </symbol>
      <symbol id="sm-396">
         <name>__TI_int23</name>
         <value>0xffee</value>
         <object_component_ref idref="oc-76"/>
      </symbol>
      <symbol id="sm-399">
         <name>__TI_int24</name>
         <value>0xfff0</value>
         <object_component_ref idref="oc-77"/>
      </symbol>
      <symbol id="sm-39c">
         <name>__TI_int26</name>
         <value>0xfff4</value>
         <object_component_ref idref="oc-79"/>
      </symbol>
      <symbol id="sm-39f">
         <name>__TI_int27</name>
         <value>0xfff6</value>
         <object_component_ref idref="oc-7a"/>
      </symbol>
      <symbol id="sm-3a2">
         <name>__TI_int28</name>
         <value>0xfff8</value>
         <object_component_ref idref="oc-7b"/>
      </symbol>
      <symbol id="sm-3a5">
         <name>__TI_int29</name>
         <value>0xfffa</value>
         <object_component_ref idref="oc-7c"/>
      </symbol>
      <symbol id="sm-3a8">
         <name>__TI_int30</name>
         <value>0xfffc</value>
         <object_component_ref idref="oc-7d"/>
      </symbol>
      <symbol id="sm-3b0">
         <name>__TI_ISR_TRAP</name>
         <value>0x32b2</value>
         <object_component_ref idref="oc-de"/>
      </symbol>
      <symbol id="sm-3b8">
         <name>__mspabi_slli</name>
         <value>0x30d8</value>
         <object_component_ref idref="oc-220"/>
      </symbol>
      <symbol id="sm-3b9">
         <name>__mspabi_slli_9</name>
         <value>0x30f0</value>
         <object_component_ref idref="oc-220"/>
      </symbol>
      <symbol id="sm-3ba">
         <name>__mspabi_slli_8</name>
         <value>0x30f2</value>
         <object_component_ref idref="oc-220"/>
      </symbol>
      <symbol id="sm-3bb">
         <name>__mspabi_slli_7</name>
         <value>0x30f4</value>
         <object_component_ref idref="oc-220"/>
      </symbol>
      <symbol id="sm-3bc">
         <name>__mspabi_slli_6</name>
         <value>0x30f6</value>
         <object_component_ref idref="oc-220"/>
      </symbol>
      <symbol id="sm-3bd">
         <name>__mspabi_slli_5</name>
         <value>0x30f8</value>
         <object_component_ref idref="oc-220"/>
      </symbol>
      <symbol id="sm-3be">
         <name>__mspabi_slli_4</name>
         <value>0x30fa</value>
         <object_component_ref idref="oc-220"/>
      </symbol>
      <symbol id="sm-3bf">
         <name>__mspabi_slli_3</name>
         <value>0x30fc</value>
         <object_component_ref idref="oc-220"/>
      </symbol>
      <symbol id="sm-3c0">
         <name>__mspabi_slli_2</name>
         <value>0x30fe</value>
         <object_component_ref idref="oc-220"/>
      </symbol>
      <symbol id="sm-3c1">
         <name>__mspabi_slli_1</name>
         <value>0x3100</value>
         <object_component_ref idref="oc-220"/>
      </symbol>
      <symbol id="sm-3c2">
         <name>__mspabi_slli_15</name>
         <value>0x30e4</value>
         <object_component_ref idref="oc-220"/>
      </symbol>
      <symbol id="sm-3c3">
         <name>__mspabi_slli_14</name>
         <value>0x30e6</value>
         <object_component_ref idref="oc-220"/>
      </symbol>
      <symbol id="sm-3c4">
         <name>__mspabi_slli_13</name>
         <value>0x30e8</value>
         <object_component_ref idref="oc-220"/>
      </symbol>
      <symbol id="sm-3c5">
         <name>__mspabi_slli_12</name>
         <value>0x30ea</value>
         <object_component_ref idref="oc-220"/>
      </symbol>
      <symbol id="sm-3c6">
         <name>__mspabi_slli_11</name>
         <value>0x30ec</value>
         <object_component_ref idref="oc-220"/>
      </symbol>
      <symbol id="sm-3c7">
         <name>__mspabi_slli_10</name>
         <value>0x30ee</value>
         <object_component_ref idref="oc-220"/>
      </symbol>
      <symbol id="sm-3cf">
         <name>__mspabi_slll_9</name>
         <value>0x2f46</value>
         <object_component_ref idref="oc-234"/>
      </symbol>
      <symbol id="sm-3d0">
         <name>__mspabi_slll_8</name>
         <value>0x2f4a</value>
         <object_component_ref idref="oc-234"/>
      </symbol>
      <symbol id="sm-3d1">
         <name>__mspabi_slll_7</name>
         <value>0x2f4e</value>
         <object_component_ref idref="oc-234"/>
      </symbol>
      <symbol id="sm-3d2">
         <name>__mspabi_slll_6</name>
         <value>0x2f52</value>
         <object_component_ref idref="oc-234"/>
      </symbol>
      <symbol id="sm-3d3">
         <name>__mspabi_slll_5</name>
         <value>0x2f56</value>
         <object_component_ref idref="oc-234"/>
      </symbol>
      <symbol id="sm-3d4">
         <name>__mspabi_slll_4</name>
         <value>0x2f5a</value>
         <object_component_ref idref="oc-234"/>
      </symbol>
      <symbol id="sm-3d5">
         <name>__mspabi_slll_3</name>
         <value>0x2f5e</value>
         <object_component_ref idref="oc-234"/>
      </symbol>
      <symbol id="sm-3d6">
         <name>__mspabi_slll_2</name>
         <value>0x2f62</value>
         <object_component_ref idref="oc-234"/>
      </symbol>
      <symbol id="sm-3d7">
         <name>__mspabi_slll_1</name>
         <value>0x2f66</value>
         <object_component_ref idref="oc-234"/>
      </symbol>
      <symbol id="sm-3d8">
         <name>__mspabi_slll_15</name>
         <value>0x2f2e</value>
         <object_component_ref idref="oc-234"/>
      </symbol>
      <symbol id="sm-3d9">
         <name>__mspabi_slll_14</name>
         <value>0x2f32</value>
         <object_component_ref idref="oc-234"/>
      </symbol>
      <symbol id="sm-3da">
         <name>__mspabi_slll_13</name>
         <value>0x2f36</value>
         <object_component_ref idref="oc-234"/>
      </symbol>
      <symbol id="sm-3db">
         <name>__mspabi_slll_12</name>
         <value>0x2f3a</value>
         <object_component_ref idref="oc-234"/>
      </symbol>
      <symbol id="sm-3dc">
         <name>__mspabi_slll_11</name>
         <value>0x2f3e</value>
         <object_component_ref idref="oc-234"/>
      </symbol>
      <symbol id="sm-3dd">
         <name>__mspabi_slll_10</name>
         <value>0x2f42</value>
         <object_component_ref idref="oc-234"/>
      </symbol>
      <symbol id="sm-3e5">
         <name>__mspabi_srli_8</name>
         <value>0x2dfc</value>
         <object_component_ref idref="oc-1f0"/>
      </symbol>
      <symbol id="sm-3e6">
         <name>__mspabi_srli_9</name>
         <value>0x2df8</value>
         <object_component_ref idref="oc-1f0"/>
      </symbol>
      <symbol id="sm-3e7">
         <name>__mspabi_srli_6</name>
         <value>0x2e04</value>
         <object_component_ref idref="oc-1f0"/>
      </symbol>
      <symbol id="sm-3e8">
         <name>__mspabi_srli_7</name>
         <value>0x2e00</value>
         <object_component_ref idref="oc-1f0"/>
      </symbol>
      <symbol id="sm-3e9">
         <name>__mspabi_srli_4</name>
         <value>0x2e0c</value>
         <object_component_ref idref="oc-1f0"/>
      </symbol>
      <symbol id="sm-3ea">
         <name>__mspabi_srli_5</name>
         <value>0x2e08</value>
         <object_component_ref idref="oc-1f0"/>
      </symbol>
      <symbol id="sm-3eb">
         <name>__mspabi_srli_2</name>
         <value>0x2e14</value>
         <object_component_ref idref="oc-1f0"/>
      </symbol>
      <symbol id="sm-3ec">
         <name>__mspabi_srli_3</name>
         <value>0x2e10</value>
         <object_component_ref idref="oc-1f0"/>
      </symbol>
      <symbol id="sm-3ed">
         <name>__mspabi_srli_1</name>
         <value>0x2e18</value>
         <object_component_ref idref="oc-1f0"/>
      </symbol>
      <symbol id="sm-3ee">
         <name>__mspabi_srli</name>
         <value>0x2dd2</value>
         <object_component_ref idref="oc-1f0"/>
      </symbol>
      <symbol id="sm-3ef">
         <name>__mspabi_srli_15</name>
         <value>0x2de0</value>
         <object_component_ref idref="oc-1f0"/>
      </symbol>
      <symbol id="sm-3f0">
         <name>__mspabi_srli_14</name>
         <value>0x2de4</value>
         <object_component_ref idref="oc-1f0"/>
      </symbol>
      <symbol id="sm-3f1">
         <name>__mspabi_srli_13</name>
         <value>0x2de8</value>
         <object_component_ref idref="oc-1f0"/>
      </symbol>
      <symbol id="sm-3f2">
         <name>__mspabi_srli_12</name>
         <value>0x2dec</value>
         <object_component_ref idref="oc-1f0"/>
      </symbol>
      <symbol id="sm-3f3">
         <name>__mspabi_srli_11</name>
         <value>0x2df0</value>
         <object_component_ref idref="oc-1f0"/>
      </symbol>
      <symbol id="sm-3f4">
         <name>__mspabi_srli_10</name>
         <value>0x2df4</value>
         <object_component_ref idref="oc-1f0"/>
      </symbol>
      <symbol id="sm-3fc">
         <name>__mspabi_srll_8</name>
         <value>0x2bf6</value>
         <object_component_ref idref="oc-27b"/>
      </symbol>
      <symbol id="sm-3fd">
         <name>__mspabi_srll_9</name>
         <value>0x2bf0</value>
         <object_component_ref idref="oc-27b"/>
      </symbol>
      <symbol id="sm-3fe">
         <name>__mspabi_srll_6</name>
         <value>0x2c02</value>
         <object_component_ref idref="oc-27b"/>
      </symbol>
      <symbol id="sm-3ff">
         <name>__mspabi_srll_7</name>
         <value>0x2bfc</value>
         <object_component_ref idref="oc-27b"/>
      </symbol>
      <symbol id="sm-400">
         <name>__mspabi_srll_4</name>
         <value>0x2c0e</value>
         <object_component_ref idref="oc-27b"/>
      </symbol>
      <symbol id="sm-401">
         <name>__mspabi_srll_5</name>
         <value>0x2c08</value>
         <object_component_ref idref="oc-27b"/>
      </symbol>
      <symbol id="sm-402">
         <name>__mspabi_srll_2</name>
         <value>0x2c1a</value>
         <object_component_ref idref="oc-27b"/>
      </symbol>
      <symbol id="sm-403">
         <name>__mspabi_srll_3</name>
         <value>0x2c14</value>
         <object_component_ref idref="oc-27b"/>
      </symbol>
      <symbol id="sm-404">
         <name>__mspabi_srll_1</name>
         <value>0x2c20</value>
         <object_component_ref idref="oc-27b"/>
      </symbol>
      <symbol id="sm-405">
         <name>__mspabi_srll_15</name>
         <value>0x2bcc</value>
         <object_component_ref idref="oc-27b"/>
      </symbol>
      <symbol id="sm-406">
         <name>__mspabi_srll_14</name>
         <value>0x2bd2</value>
         <object_component_ref idref="oc-27b"/>
      </symbol>
      <symbol id="sm-407">
         <name>__mspabi_srll_13</name>
         <value>0x2bd8</value>
         <object_component_ref idref="oc-27b"/>
      </symbol>
      <symbol id="sm-408">
         <name>__mspabi_srll_12</name>
         <value>0x2bde</value>
         <object_component_ref idref="oc-27b"/>
      </symbol>
      <symbol id="sm-409">
         <name>__mspabi_srll_11</name>
         <value>0x2be4</value>
         <object_component_ref idref="oc-27b"/>
      </symbol>
      <symbol id="sm-40a">
         <name>__mspabi_srll_10</name>
         <value>0x2bea</value>
         <object_component_ref idref="oc-27b"/>
      </symbol>
      <symbol id="sm-418">
         <name>memcpy</name>
         <value>0x326c</value>
         <object_component_ref idref="oc-c4"/>
      </symbol>
      <symbol id="sm-43b">
         <name>__mspabi_mpyd</name>
         <value>0x1f00</value>
         <object_component_ref idref="oc-196"/>
      </symbol>
      <symbol id="sm-451">
         <name>__mspabi_mpyi_hw</name>
         <value>0x3234</value>
         <object_component_ref idref="oc-208"/>
      </symbol>
      <symbol id="sm-46c">
         <name>__mspabi_mpyl_hw</name>
         <value>0x307e</value>
         <object_component_ref idref="oc-203"/>
      </symbol>
      <symbol id="sm-47c">
         <name>_system_pre_init</name>
         <value>0x32be</value>
         <object_component_ref idref="oc-f0"/>
      </symbol>
      <symbol id="sm-49d">
         <name>sprintf</name>
         <value>0x2fe2</value>
         <object_component_ref idref="oc-1b4"/>
      </symbol>
      <symbol id="sm-505">
         <name>__TI_printfi_minimal</name>
         <value>0x26f8</value>
         <object_component_ref idref="oc-249"/>
      </symbol>
      <symbol id="sm-50f">
         <name>__mspabi_srai</name>
         <value>0x30ac</value>
         <object_component_ref idref="oc-215"/>
      </symbol>
      <symbol id="sm-510">
         <name>__mspabi_srai_8</name>
         <value>0x30c6</value>
         <object_component_ref idref="oc-215"/>
      </symbol>
      <symbol id="sm-511">
         <name>__mspabi_srai_9</name>
         <value>0x30c4</value>
         <object_component_ref idref="oc-215"/>
      </symbol>
      <symbol id="sm-512">
         <name>__mspabi_srai_6</name>
         <value>0x30ca</value>
         <object_component_ref idref="oc-215"/>
      </symbol>
      <symbol id="sm-513">
         <name>__mspabi_srai_7</name>
         <value>0x30c8</value>
         <object_component_ref idref="oc-215"/>
      </symbol>
      <symbol id="sm-514">
         <name>__mspabi_srai_4</name>
         <value>0x30ce</value>
         <object_component_ref idref="oc-215"/>
      </symbol>
      <symbol id="sm-515">
         <name>__mspabi_srai_5</name>
         <value>0x30cc</value>
         <object_component_ref idref="oc-215"/>
      </symbol>
      <symbol id="sm-516">
         <name>__mspabi_srai_2</name>
         <value>0x30d2</value>
         <object_component_ref idref="oc-215"/>
      </symbol>
      <symbol id="sm-517">
         <name>__mspabi_srai_3</name>
         <value>0x30d0</value>
         <object_component_ref idref="oc-215"/>
      </symbol>
      <symbol id="sm-518">
         <name>__mspabi_srai_1</name>
         <value>0x30d4</value>
         <object_component_ref idref="oc-215"/>
      </symbol>
      <symbol id="sm-519">
         <name>__mspabi_srai_15</name>
         <value>0x30b8</value>
         <object_component_ref idref="oc-215"/>
      </symbol>
      <symbol id="sm-51a">
         <name>__mspabi_srai_14</name>
         <value>0x30ba</value>
         <object_component_ref idref="oc-215"/>
      </symbol>
      <symbol id="sm-51b">
         <name>__mspabi_srai_13</name>
         <value>0x30bc</value>
         <object_component_ref idref="oc-215"/>
      </symbol>
      <symbol id="sm-51c">
         <name>__mspabi_srai_12</name>
         <value>0x30be</value>
         <object_component_ref idref="oc-215"/>
      </symbol>
      <symbol id="sm-51d">
         <name>__mspabi_srai_11</name>
         <value>0x30c0</value>
         <object_component_ref idref="oc-215"/>
      </symbol>
      <symbol id="sm-51e">
         <name>__mspabi_srai_10</name>
         <value>0x30c2</value>
         <object_component_ref idref="oc-215"/>
      </symbol>
      <symbol id="sm-526">
         <name>__mspabi_sral_15</name>
         <value>0x2ef0</value>
         <object_component_ref idref="oc-283"/>
      </symbol>
      <symbol id="sm-527">
         <name>__mspabi_sral_14</name>
         <value>0x2ef4</value>
         <object_component_ref idref="oc-283"/>
      </symbol>
      <symbol id="sm-528">
         <name>__mspabi_sral_13</name>
         <value>0x2ef8</value>
         <object_component_ref idref="oc-283"/>
      </symbol>
      <symbol id="sm-529">
         <name>__mspabi_sral_12</name>
         <value>0x2efc</value>
         <object_component_ref idref="oc-283"/>
      </symbol>
      <symbol id="sm-52a">
         <name>__mspabi_sral_11</name>
         <value>0x2f00</value>
         <object_component_ref idref="oc-283"/>
      </symbol>
      <symbol id="sm-52b">
         <name>__mspabi_sral_10</name>
         <value>0x2f04</value>
         <object_component_ref idref="oc-283"/>
      </symbol>
      <symbol id="sm-52c">
         <name>__mspabi_sral_8</name>
         <value>0x2f0c</value>
         <object_component_ref idref="oc-283"/>
      </symbol>
      <symbol id="sm-52d">
         <name>__mspabi_sral_9</name>
         <value>0x2f08</value>
         <object_component_ref idref="oc-283"/>
      </symbol>
      <symbol id="sm-52e">
         <name>__mspabi_sral_6</name>
         <value>0x2f14</value>
         <object_component_ref idref="oc-283"/>
      </symbol>
      <symbol id="sm-52f">
         <name>__mspabi_sral_7</name>
         <value>0x2f10</value>
         <object_component_ref idref="oc-283"/>
      </symbol>
      <symbol id="sm-530">
         <name>__mspabi_sral_4</name>
         <value>0x2f1c</value>
         <object_component_ref idref="oc-283"/>
      </symbol>
      <symbol id="sm-531">
         <name>__mspabi_sral_5</name>
         <value>0x2f18</value>
         <object_component_ref idref="oc-283"/>
      </symbol>
      <symbol id="sm-532">
         <name>__mspabi_sral_2</name>
         <value>0x2f24</value>
         <object_component_ref idref="oc-283"/>
      </symbol>
      <symbol id="sm-533">
         <name>__mspabi_sral_3</name>
         <value>0x2f20</value>
         <object_component_ref idref="oc-283"/>
      </symbol>
      <symbol id="sm-534">
         <name>__mspabi_sral_1</name>
         <value>0x2f28</value>
         <object_component_ref idref="oc-283"/>
      </symbol>
      <symbol id="sm-54b">
         <name>_auto_init</name>
         <value>0x2c28</value>
         <object_component_ref idref="oc-f6"/>
      </symbol>
      <symbol id="sm-555">
         <name>__mspabi_remu</name>
         <value>0x31e2</value>
         <object_component_ref idref="oc-305"/>
      </symbol>
      <symbol id="sm-556">
         <name>__mspabi_divu</name>
         <value>0x31e2</value>
         <object_component_ref idref="oc-305"/>
      </symbol>
      <symbol id="sm-567">
         <name>__TI_frcmpyd</name>
         <value>0x1956</value>
         <object_component_ref idref="oc-21a"/>
      </symbol>
      <symbol id="sm-576">
         <name>memccpy</name>
         <value>0x31b0</value>
         <object_component_ref idref="oc-2d7"/>
      </symbol>
      <symbol id="sm-584">
         <name>memset</name>
         <value>0x320c</value>
         <object_component_ref idref="oc-2ca"/>
      </symbol>
      <symbol id="sm-591">
         <name>strlen</name>
         <value>0x328e</value>
         <object_component_ref idref="oc-296"/>
      </symbol>
      <symbol id="sm-593">
         <name>__TI_INITARRAY_Base</name>
         <value>0x0</value>
      </symbol>
      <symbol id="sm-594">
         <name>__TI_INITARRAY_Limit</name>
         <value>0x0</value>
      </symbol>
   </symbol_table>
   <title>Link successful</title>
</link_info>
