******************************************************************************
                  MSP430 Linker PC v4.4.3                      
******************************************************************************
>> Linked Wed Sep 14 13:21:13 2016

OUTPUT FILE NAME:   <test_task_scheduler_final.out>
ENTRY POINT SYMBOL: "_c_int00_noargs_noexit"  address: 0000317c


MEMORY CONFIGURATION

         name            origin    length      used     unused   attr    fill
----------------------  --------  ---------  --------  --------  ----  --------
  SFR                   00000000   00000010  00000000  00000010  RWIX
  PERIPHERALS_8BIT      00000010   000000f0  00000000  000000f0  RWIX
  PERIPHERALS_16BIT     00000100   00000100  00000000  00000100  RWIX
  RAM                   00000200   00000800  000000ae  00000752  RWIX
  INFOD                 00001000   00000040  00000000  00000040  RWIX
  INFOC                 00001040   00000040  00000000  00000040  RWIX
  INFOB                 00001080   00000040  00000000  00000040  RWIX
  INFOA                 000010c0   00000040  00000000  00000040  RWIX
  FLASH                 00001100   0000eebe  00002242  0000cc7c  RWIX
  INT00                 0000ffc0   00000002  00000002  00000000  RWIX
  INT01                 0000ffc2   00000002  00000002  00000000  RWIX
  INT02                 0000ffc4   00000002  00000002  00000000  RWIX
  INT03                 0000ffc6   00000002  00000002  00000000  RWIX
  INT04                 0000ffc8   00000002  00000002  00000000  RWIX
  INT05                 0000ffca   00000002  00000002  00000000  RWIX
  INT06                 0000ffcc   00000002  00000002  00000000  RWIX
  INT07                 0000ffce   00000002  00000002  00000000  RWIX
  INT08                 0000ffd0   00000002  00000002  00000000  RWIX
  INT09                 0000ffd2   00000002  00000002  00000000  RWIX
  INT10                 0000ffd4   00000002  00000002  00000000  RWIX
  INT11                 0000ffd6   00000002  00000002  00000000  RWIX
  INT12                 0000ffd8   00000002  00000002  00000000  RWIX
  INT13                 0000ffda   00000002  00000002  00000000  RWIX
  INT14                 0000ffdc   00000002  00000002  00000000  RWIX
  INT15                 0000ffde   00000002  00000002  00000000  RWIX
  INT16                 0000ffe0   00000002  00000002  00000000  RWIX
  INT17                 0000ffe2   00000002  00000002  00000000  RWIX
  INT18                 0000ffe4   00000002  00000002  00000000  RWIX
  INT19                 0000ffe6   00000002  00000002  00000000  RWIX
  INT20                 0000ffe8   00000002  00000002  00000000  RWIX
  INT21                 0000ffea   00000002  00000002  00000000  RWIX
  INT22                 0000ffec   00000002  00000002  00000000  RWIX
  INT23                 0000ffee   00000002  00000002  00000000  RWIX
  INT24                 0000fff0   00000002  00000002  00000000  RWIX
  INT25                 0000fff2   00000002  00000002  00000000  RWIX
  INT26                 0000fff4   00000002  00000002  00000000  RWIX
  INT27                 0000fff6   00000002  00000002  00000000  RWIX
  INT28                 0000fff8   00000002  00000002  00000000  RWIX
  INT29                 0000fffa   00000002  00000002  00000000  RWIX
  INT30                 0000fffc   00000002  00000002  00000000  RWIX
  RESET                 0000fffe   00000002  00000002  00000000  RWIX


SECTION ALLOCATION MAP

 output                                  attributes/
section   page    origin      length       input sections
--------  ----  ----------  ----------   ----------------
.data      0    00000200    0000005a     UNINITIALIZED
                  00000200    0000005a     main.obj (.data)

.bss       0    0000025a    00000004     UNINITIALIZED
                  0000025a    00000002     (.common:RG_Protection)
                  0000025c    00000002     (.common:protection_register)

.stack     0    000009b0    00000050     UNINITIALIZED
                  000009b0    00000002     rts430_eabi.lib : boot.obj (.stack)
                  000009b2    0000004e     --HOLE--

.text      0    00001100    000021c6     
                  00001100    00000462     rts430_eabi.lib : frcdivd.obj (.text:__TI_frcdivd)
                  00001562    000003f4     main.obj (.text:Text)
                  00001956    000002f4     rts430_eabi.lib : frcmpyd.obj (.text:__TI_frcmpyd)
                  00001c4a    000002b6     main.obj (.text:measurement_data_DS2784)
                  00001f00    0000026e     rts430_eabi.lib : mpyd.obj (.text:__mspabi_mpyd)
                  0000216e    00000238                     : divd.obj (.text:__mspabi_divd)
                  000023a6    0000014e     main.obj (.text:float_send)
                  000024f4    00000116     rts430_eabi.lib : _printfi_min.obj (.text:_setfield)
                  0000260a    000000ee     main.obj (.text:config_DS2784)
                  000026f8    000000ca     rts430_eabi.lib : _printfi_min.obj (.text:__TI_printfi_minimal)
                  000027c2    000000c2                     : fs_mpy.obj (.text)
                  00002884    000000a2                     : fltlid.obj (.text:__mspabi_fltlid)
                  00002926    000000a0     main.obj (.text:measurement__adc)
                  000029c6    00000098     main.obj (.text:config_MSP430)
                  00002a5e    0000008c     rts430_eabi.lib : cvtdf.obj (.text:__mspabi_cvtdf)
                  00002aea    0000007e                     : fs_tol.obj (.text)
                  00002b68    00000064                     : copy_decompress_rle.obj (.text:__TI_decompress_rle_core)
                  00002bcc    0000005c                     : lsr32.obj (.text:l_lsr_const)
                  00002c28    00000058                     : autoinit.obj (.text:_auto_init)
                  00002c80    00000058                     : div32u.obj (.text)
                  00002cd8    00000056     main.obj (.text:OneWireWrite)
                  00002d2e    00000056     rts430_eabi.lib : _printfi_min.obj (.text:_ltostr)
                  00002d84    0000004e                     : _printfi_min.obj (.text:_pproc_diouxp)
                  00002dd2    0000004c                     : lsr16.obj (.text)
                  00002e1e    0000004a     main.obj (.text:OneWireReset)
                  00002e68    00000048     rts430_eabi.lib : _printfi_min.obj (.text:_pproc_str)
                  00002eb0    00000040                     : div32s.obj (.text)
                  00002ef0    0000003e                     : asr32.obj (.text:l_asr_const)
                  00002f2e    0000003e                     : lsl32.obj (.text:l_lsl_const)
                  00002f6c    0000003c     main.obj (.text:Timer_A)
                  00002fa8    0000003a     main.obj (.text:OneWireReadBit)
                  00002fe2    00000038     rts430_eabi.lib : sprintf.obj (.text:sprintf)
                  0000301a    00000036                     : fs_itof.obj (.text)
                  00003050    0000002e                     : _printfi_min.obj (.text:_getarg_diouxp)
                  0000307e    0000002e                     : mult32_hw.obj (.text)
                  000030ac    0000002c                     : asr16.obj (.text)
                  000030d8    0000002c                     : lsl16.obj (.text)
                  00003104    00000020     main.obj (.text:OWReadByte)
                  00003124    00000020     main.obj (.text:UART_TX)
                  00003144    0000001c     main.obj (.text:OWWriteByte)
                  00003160    0000001c     main.obj (.text:main)
                  0000317c    0000001a     rts430_eabi.lib : boot_special.obj (.text:_c_int00_noargs_noexit)
                  00003196    0000001a                     : sprintf.obj (.text:_outs)
                  000031b0    0000001a                     : memccpy.obj (.text:memccpy)
                  000031ca    00000018                     : _printfi_min.obj (.text:_div)
                  000031e2    00000016                     : div16u.obj (.text)
                  000031f8    00000014                     : copy_zero_init.obj (.text:decompress:ZI:__TI_zero_init)
                  0000320c    00000014                     : memset.obj (.text:memset)
                  00003220    00000014     main.obj (.text:outp)
                  00003234    00000014     rts430_eabi.lib : mult16_hw.obj (.text)
                  00003248    00000012                     : sprintf.obj (.text:_outc)
                  0000325a    00000012                     : copy_decompress_none.obj (.text:decompress:none:__TI_decompress_none)
                  0000326c    00000012                     : memcpy.obj (.text:memcpy)
                  0000327e    00000010                     : epilog.obj (.text)
                  0000328e    0000000e                     : strlen.obj (.text:strlen)
                  0000329c    0000000c                     : fltid.obj (.text:__mspabi_fltid)
                  000032a8    0000000a     main.obj (.text:inp)
                  000032b2    00000006     rts430_eabi.lib : isr_trap.obj (.text:_isr:__TI_ISR_TRAP)
                  000032b8    00000006                     : copy_decompress_rle.obj (.text:decompress:rle24:__TI_decompress_rle24)
                  000032be    00000004                     : pre_init.obj (.text:_system_pre_init)
                  000032c2    00000004                     : exit.obj (.text:abort)

.const     0    000032c6    00000060     
                  000032c6    0000004c     main.obj (.const:.string)
                  00003312    00000014     rts430_eabi.lib : _printfi_min.obj (.const:.string)

.cinit     0    00003326    0000001c     
                  00003326    00000009     (.cinit..data.load) [load image, compression = rle]
                  0000332f    00000001     --HOLE-- [fill = 0]
                  00003330    00000006     (__TI_handler_table)
                  00003336    00000004     (.cinit..bss.load) [load image, compression = zero_init]
                  0000333a    00000008     (__TI_cinit_table)

.init_array 
*          0    00001100    00000000     UNINITIALIZED

.TI.persistent 
*          0    00000200    00000000     UNINITIALIZED

RESERVED0 
*          0    0000ffc0    00000002     
                  0000ffc0    00000002     rts430_eabi.lib : int00.obj (.int00)

RESERVED1 
*          0    0000ffc2    00000002     
                  0000ffc2    00000002     rts430_eabi.lib : int01.obj (.int01)

RESERVED2 
*          0    0000ffc4    00000002     
                  0000ffc4    00000002     rts430_eabi.lib : int02.obj (.int02)

RESERVED3 
*          0    0000ffc6    00000002     
                  0000ffc6    00000002     rts430_eabi.lib : int03.obj (.int03)

RESERVED4 
*          0    0000ffc8    00000002     
                  0000ffc8    00000002     rts430_eabi.lib : int04.obj (.int04)

RESERVED5 
*          0    0000ffca    00000002     
                  0000ffca    00000002     rts430_eabi.lib : int05.obj (.int05)

RESERVED6 
*          0    0000ffcc    00000002     
                  0000ffcc    00000002     rts430_eabi.lib : int06.obj (.int06)

RESERVED7 
*          0    0000ffce    00000002     
                  0000ffce    00000002     rts430_eabi.lib : int07.obj (.int07)

RESERVED8 
*          0    0000ffd0    00000002     
                  0000ffd0    00000002     rts430_eabi.lib : int08.obj (.int08)

RESERVED9 
*          0    0000ffd2    00000002     
                  0000ffd2    00000002     rts430_eabi.lib : int09.obj (.int09)

RESERVED10 
*          0    0000ffd4    00000002     
                  0000ffd4    00000002     rts430_eabi.lib : int10.obj (.int10)

RESERVED11 
*          0    0000ffd6    00000002     
                  0000ffd6    00000002     rts430_eabi.lib : int11.obj (.int11)

RESERVED12 
*          0    0000ffd8    00000002     
                  0000ffd8    00000002     rts430_eabi.lib : int12.obj (.int12)

RESERVED13 
*          0    0000ffda    00000002     
                  0000ffda    00000002     rts430_eabi.lib : int13.obj (.int13)

RESERVED14 
*          0    0000ffdc    00000002     
                  0000ffdc    00000002     rts430_eabi.lib : int14.obj (.int14)

RESERVED15 
*          0    0000ffde    00000002     
                  0000ffde    00000002     rts430_eabi.lib : int15.obj (.int15)

USCIAB1TX 
*          0    0000ffe0    00000002     
                  0000ffe0    00000002     rts430_eabi.lib : int16.obj (.int16)

USCIAB1RX 
*          0    0000ffe2    00000002     
                  0000ffe2    00000002     rts430_eabi.lib : int17.obj (.int17)

PORT1      0    0000ffe4    00000002     
                  0000ffe4    00000002     rts430_eabi.lib : int18.obj (.int18)

PORT2      0    0000ffe6    00000002     
                  0000ffe6    00000002     rts430_eabi.lib : int19.obj (.int19)

RESERVED20 
*          0    0000ffe8    00000002     
                  0000ffe8    00000002     rts430_eabi.lib : int20.obj (.int20)

ADC12      0    0000ffea    00000002     
                  0000ffea    00000002     rts430_eabi.lib : int21.obj (.int21)

USCIAB0TX 
*          0    0000ffec    00000002     
                  0000ffec    00000002     rts430_eabi.lib : int22.obj (.int22)

USCIAB0RX 
*          0    0000ffee    00000002     
                  0000ffee    00000002     rts430_eabi.lib : int23.obj (.int23)

TIMERA1    0    0000fff0    00000002     
                  0000fff0    00000002     rts430_eabi.lib : int24.obj (.int24)

TIMERA0    0    0000fff2    00000002     
                  0000fff2    00000002     main.obj (.int25)

WDT        0    0000fff4    00000002     
                  0000fff4    00000002     rts430_eabi.lib : int26.obj (.int26)

COMPARATORA 
*          0    0000fff6    00000002     
                  0000fff6    00000002     rts430_eabi.lib : int27.obj (.int27)

TIMERB1    0    0000fff8    00000002     
                  0000fff8    00000002     rts430_eabi.lib : int28.obj (.int28)

TIMERB0    0    0000fffa    00000002     
                  0000fffa    00000002     rts430_eabi.lib : int29.obj (.int29)

NMI        0    0000fffc    00000002     
                  0000fffc    00000002     rts430_eabi.lib : int30.obj (.int30)

.reset     0    0000fffe    00000002     
                  0000fffe    00000002     rts430_eabi.lib : boot.obj (.reset)


LINKER GENERATED COPY TABLES

__TI_cinit_table @ 0000333a records: 2, size/record: 4, table size: 8
	.data: load addr=00003326, load size=00000009 bytes, run addr=00000200, run size=0000005a bytes, compression=rle
	.bss: load addr=00003336, load size=00000004 bytes, run addr=0000025a, run size=00000004 bytes, compression=zero_init


LINKER GENERATED HANDLER TABLE

__TI_handler_table @ 00003330 records: 3, size/record: 2, table size: 6
	index: 0, handler: __TI_zero_init
	index: 1, handler: __TI_decompress_rle24
	index: 2, handler: __TI_decompress_none


GLOBAL SYMBOLS: SORTED ALPHABETICALLY BY Name 

address   name                    
-------   ----                    
000001a0  ADC12CTL0               
000001a2  ADC12CTL1               
000001a6  ADC12IE                 
000001a4  ADC12IFG                
000001a8  ADC12IV                 
00000080  ADC12MCTL0              
00000081  ADC12MCTL1              
0000008a  ADC12MCTL10             
0000008b  ADC12MCTL11             
0000008c  ADC12MCTL12             
0000008d  ADC12MCTL13             
0000008e  ADC12MCTL14             
0000008f  ADC12MCTL15             
00000082  ADC12MCTL2              
00000083  ADC12MCTL3              
00000084  ADC12MCTL4              
00000085  ADC12MCTL5              
00000086  ADC12MCTL6              
00000087  ADC12MCTL7              
00000088  ADC12MCTL8              
00000089  ADC12MCTL9              
00000140  ADC12MEM0               
00000142  ADC12MEM1               
00000154  ADC12MEM10              
00000156  ADC12MEM11              
00000158  ADC12MEM12              
0000015a  ADC12MEM13              
0000015c  ADC12MEM14              
0000015e  ADC12MEM15              
00000144  ADC12MEM2               
00000146  ADC12MEM3               
00000148  ADC12MEM4               
0000014a  ADC12MEM5               
0000014c  ADC12MEM6               
0000014e  ADC12MEM7               
00000150  ADC12MEM8               
00000152  ADC12MEM9               
00000057  BCSCTL1                 
00000058  BCSCTL2                 
00000053  BCSCTL3                 
000032c2  C$$EXIT                 
00000059  CACTL1                  
0000005a  CACTL2                  
000010fb  CALBC1_12MHZ            
000010f9  CALBC1_16MHZ            
000010ff  CALBC1_1MHZ             
000010fd  CALBC1_8MHZ             
000010fa  CALDCO_12MHZ            
000010f8  CALDCO_16MHZ            
000010fe  CALDCO_1MHZ             
000010fc  CALDCO_8MHZ             
0000005b  CAPD                    
00000056  DCOCTL                  
00000128  FCTL1                   
0000012a  FCTL2                   
0000012c  FCTL3                   
000001be  FCTL4                   
00000000  IE1                     
00000001  IE2                     
00000002  IFG1                    
00000003  IFG2                    
00000254  LCA                     
00000134  MAC                     
00000136  MACS                    
00000130  MPY                     
00000132  MPYS                    
00000138  OP2                     
00003104  OWReadByte              
00003144  OWWriteByte             
00002fa8  OneWireReadBit          
00002e1e  OneWireReset            
00002cd8  OneWireWrite            
00000022  P1DIR                   
00000025  P1IE                    
00000024  P1IES                   
00000023  P1IFG                   
00000020  P1IN                    
00000021  P1OUT                   
00000027  P1REN                   
00000026  P1SEL                   
0000002a  P2DIR                   
0000002d  P2IE                    
0000002c  P2IES                   
0000002b  P2IFG                   
00000028  P2IN                    
00000029  P2OUT                   
0000002f  P2REN                   
0000002e  P2SEL                   
0000001a  P3DIR                   
00000018  P3IN                    
00000019  P3OUT                   
00000010  P3REN                   
0000001b  P3SEL                   
0000001e  P4DIR                   
0000001c  P4IN                    
0000001d  P4OUT                   
00000011  P4REN                   
0000001f  P4SEL                   
00000032  P5DIR                   
00000030  P5IN                    
00000031  P5OUT                   
00000012  P5REN                   
00000033  P5SEL                   
00000036  P6DIR                   
00000034  P6IN                    
00000035  P6OUT                   
00000013  P6REN                   
00000037  P6SEL                   
0000013c  RESHI                   
0000013a  RESLO                   
0000025a  RG_Protection           
0000013e  SUMEXT                  
00000055  SVSCTL                  
00000172  TACCR0                  
00000174  TACCR1                  
00000176  TACCR2                  
00000162  TACCTL0                 
00000164  TACCTL1                 
00000166  TACCTL2                 
00000160  TACTL                   
0000012e  TAIV                    
00000170  TAR                     
00000192  TBCCR0                  
00000194  TBCCR1                  
00000196  TBCCR2                  
00000198  TBCCR3                  
0000019a  TBCCR4                  
0000019c  TBCCR5                  
0000019e  TBCCR6                  
00000182  TBCCTL0                 
00000184  TBCCTL1                 
00000186  TBCCTL2                 
00000188  TBCCTL3                 
0000018a  TBCCTL4                 
0000018c  TBCCTL5                 
0000018e  TBCCTL6                 
00000180  TBCTL                   
0000011e  TBIV                    
00000190  TBR                     
000010db  TLV_ADC12_1_LEN         
000010da  TLV_ADC12_1_TAG         
000010c0  TLV_CHECKSUM            
000010f7  TLV_DCO_30_LEN          
000010f6  TLV_DCO_30_TAG          
00001562  Text                    
00002f6c  Timer_A                 
00003124  UART_TX                 
00000006  UC1IE                   
00000007  UC1IFG                  
0000005d  UCA0ABCTL               
00000062  UCA0BR0                 
00000063  UCA0BR1                 
00000060  UCA0CTL0                
00000061  UCA0CTL1                
0000005f  UCA0IRRCTL              
0000005e  UCA0IRTCTL              
00000064  UCA0MCTL                
00000066  UCA0RXBUF               
00000065  UCA0STAT                
00000067  UCA0TXBUF               
000000cd  UCA1ABCTL               
000000d2  UCA1BR0                 
000000d3  UCA1BR1                 
000000d0  UCA1CTL0                
000000d1  UCA1CTL1                
000000cf  UCA1IRRCTL              
000000ce  UCA1IRTCTL              
000000d4  UCA1MCTL                
000000d6  UCA1RXBUF               
000000d5  UCA1STAT                
000000d7  UCA1TXBUF               
0000006a  UCB0BR0                 
0000006b  UCB0BR1                 
00000068  UCB0CTL0                
00000069  UCB0CTL1                
0000006c  UCB0I2CIE               
00000118  UCB0I2COA               
0000011a  UCB0I2CSA               
0000006e  UCB0RXBUF               
0000006d  UCB0STAT                
0000006f  UCB0TXBUF               
000000da  UCB1BR0                 
000000db  UCB1BR1                 
000000d8  UCB1CTL0                
000000d9  UCB1CTL1                
000000dc  UCB1I2CIE               
0000017c  UCB1I2COA               
0000017e  UCB1I2CSA               
000000de  UCB1RXBUF               
000000dd  UCB1STAT                
000000df  UCB1TXBUF               
00000120  WDTCTL                  
00000a00  __STACK_END             
00000050  __STACK_SIZE            
0000333a  __TI_CINIT_Base         
00003342  __TI_CINIT_Limit        
00003330  __TI_Handler_Table_Base 
00003336  __TI_Handler_Table_Limit
UNDEFED   __TI_INITARRAY_Base     
UNDEFED   __TI_INITARRAY_Limit    
000032b2  __TI_ISR_TRAP           
0000325a  __TI_decompress_none    
000032b8  __TI_decompress_rle24   
00001100  __TI_frcdivd            
00001956  __TI_frcmpyd            
0000ffc0  __TI_int00              
0000ffc2  __TI_int01              
0000ffc4  __TI_int02              
0000ffc6  __TI_int03              
0000ffc8  __TI_int04              
0000ffca  __TI_int05              
0000ffcc  __TI_int06              
0000ffce  __TI_int07              
0000ffd0  __TI_int08              
0000ffd2  __TI_int09              
0000ffd4  __TI_int10              
0000ffd6  __TI_int11              
0000ffd8  __TI_int12              
0000ffda  __TI_int13              
0000ffdc  __TI_int14              
0000ffde  __TI_int15              
0000ffe0  __TI_int16              
0000ffe2  __TI_int17              
0000ffe4  __TI_int18              
0000ffe6  __TI_int19              
0000ffe8  __TI_int20              
0000ffea  __TI_int21              
0000ffec  __TI_int22              
0000ffee  __TI_int23              
0000fff0  __TI_int24              
0000fff2  __TI_int25              
0000fff4  __TI_int26              
0000fff6  __TI_int27              
0000fff8  __TI_int28              
0000fffa  __TI_int29              
0000fffc  __TI_int30              
000026f8  __TI_printfi_minimal    
000031f8  __TI_zero_init          
ffffffff  __binit__               
ffffffff  __c_args__              
00002a5e  __mspabi_cvtdf          
0000216e  __mspabi_divd           
00002eb0  __mspabi_divli          
000031e2  __mspabi_divu           
00002c80  __mspabi_divul          
00002aea  __mspabi_fixfli         
0000329c  __mspabi_fltid          
0000301a  __mspabi_fltif          
00002884  __mspabi_fltlid         
0000328a  __mspabi_func_epilog_1  
00003288  __mspabi_func_epilog_2  
00003286  __mspabi_func_epilog_3  
00003284  __mspabi_func_epilog_4  
00003282  __mspabi_func_epilog_5  
00003280  __mspabi_func_epilog_6  
0000327e  __mspabi_func_epilog_7  
00001f00  __mspabi_mpyd           
000027c2  __mspabi_mpyf           
00003234  __mspabi_mpyi_hw        
0000307e  __mspabi_mpyl_hw        
00002eb0  __mspabi_remli          
000031e2  __mspabi_remu           
00002c80  __mspabi_remul          
000030d8  __mspabi_slli           
00003100  __mspabi_slli_1         
000030ee  __mspabi_slli_10        
000030ec  __mspabi_slli_11        
000030ea  __mspabi_slli_12        
000030e8  __mspabi_slli_13        
000030e6  __mspabi_slli_14        
000030e4  __mspabi_slli_15        
000030fe  __mspabi_slli_2         
000030fc  __mspabi_slli_3         
000030fa  __mspabi_slli_4         
000030f8  __mspabi_slli_5         
000030f6  __mspabi_slli_6         
000030f4  __mspabi_slli_7         
000030f2  __mspabi_slli_8         
000030f0  __mspabi_slli_9         
00002f66  __mspabi_slll_1         
00002f42  __mspabi_slll_10        
00002f3e  __mspabi_slll_11        
00002f3a  __mspabi_slll_12        
00002f36  __mspabi_slll_13        
00002f32  __mspabi_slll_14        
00002f2e  __mspabi_slll_15        
00002f62  __mspabi_slll_2         
00002f5e  __mspabi_slll_3         
00002f5a  __mspabi_slll_4         
00002f56  __mspabi_slll_5         
00002f52  __mspabi_slll_6         
00002f4e  __mspabi_slll_7         
00002f4a  __mspabi_slll_8         
00002f46  __mspabi_slll_9         
000030ac  __mspabi_srai           
000030d4  __mspabi_srai_1         
000030c2  __mspabi_srai_10        
000030c0  __mspabi_srai_11        
000030be  __mspabi_srai_12        
000030bc  __mspabi_srai_13        
000030ba  __mspabi_srai_14        
000030b8  __mspabi_srai_15        
000030d2  __mspabi_srai_2         
000030d0  __mspabi_srai_3         
000030ce  __mspabi_srai_4         
000030cc  __mspabi_srai_5         
000030ca  __mspabi_srai_6         
000030c8  __mspabi_srai_7         
000030c6  __mspabi_srai_8         
000030c4  __mspabi_srai_9         
00002f28  __mspabi_sral_1         
00002f04  __mspabi_sral_10        
00002f00  __mspabi_sral_11        
00002efc  __mspabi_sral_12        
00002ef8  __mspabi_sral_13        
00002ef4  __mspabi_sral_14        
00002ef0  __mspabi_sral_15        
00002f24  __mspabi_sral_2         
00002f20  __mspabi_sral_3         
00002f1c  __mspabi_sral_4         
00002f18  __mspabi_sral_5         
00002f14  __mspabi_sral_6         
00002f10  __mspabi_sral_7         
00002f0c  __mspabi_sral_8         
00002f08  __mspabi_sral_9         
00002dd2  __mspabi_srli           
00002e18  __mspabi_srli_1         
00002df4  __mspabi_srli_10        
00002df0  __mspabi_srli_11        
00002dec  __mspabi_srli_12        
00002de8  __mspabi_srli_13        
00002de4  __mspabi_srli_14        
00002de0  __mspabi_srli_15        
00002e14  __mspabi_srli_2         
00002e10  __mspabi_srli_3         
00002e0c  __mspabi_srli_4         
00002e08  __mspabi_srli_5         
00002e04  __mspabi_srli_6         
00002e00  __mspabi_srli_7         
00002dfc  __mspabi_srli_8         
00002df8  __mspabi_srli_9         
00002c20  __mspabi_srll_1         
00002bea  __mspabi_srll_10        
00002be4  __mspabi_srll_11        
00002bde  __mspabi_srll_12        
00002bd8  __mspabi_srll_13        
00002bd2  __mspabi_srll_14        
00002bcc  __mspabi_srll_15        
00002c1a  __mspabi_srll_2         
00002c14  __mspabi_srll_3         
00002c0e  __mspabi_srll_4         
00002c08  __mspabi_srll_5         
00002c02  __mspabi_srll_6         
00002bfc  __mspabi_srll_7         
00002bf6  __mspabi_srll_8         
00002bf0  __mspabi_srll_9         
00002c28  _auto_init              
0000317c  _c_int00_noargs_noexit  
0000fffe  _reset_vector           
000009b0  _stack                  
000032be  _system_pre_init        
000032c2  abort                   
00000256  accumulated_current     
00000236  acr_lsb                 
00000234  acr_msb                 
00000202  adc0_lsb                
00000200  adc0_msb                
00000206  adc1_lsb                
00000204  adc1_msb                
0000020a  adc2_lsb                
00000208  adc2_msb                
0000020e  adc3_lsb                
0000020c  adc3_msb                
00000212  adc4_lsb                
00000210  adc4_msb                
00000216  adc5_lsb                
00000214  adc5_msb                
0000021a  adc6_lsb                
00000218  adc6_msb                
0000021e  adc7_lsb                
0000021c  adc7_msb                
00000226  avc_lsb                 
00000224  avc_msb                 
ffffffff  binit                   
0000260a  config_DS2784           
000029c6  config_MSP430           
00000238  cont                    
00000252  count                   
00000232  cr_lsb                  
00000230  cr_msb                  
0000023e  curr                    
000023a6  float_send              
000032a8  inp                     
00003160  main                    
0000024e  mean_current            
00000246  mean_power              
0000024a  mean_voltage            
00002926  measurement__adc        
00001c4a  measurement_data_DS2784 
000031b0  memccpy                 
0000326c  memcpy                  
0000320c  memset                  
00000222  msp_ts_lsb              
00000220  msp_ts_msb              
00003220  outp                    
00000242  previous_power          
0000025c  protection_register     
00002fe2  sprintf                 
0000328e  strlen                  
0000022e  tr_lsb                  
0000022c  tr_msb                  
0000023a  volt                    
0000022a  vr_lsb                  
00000228  vr_msb                  


GLOBAL SYMBOLS: SORTED BY Symbol Address 

address   name                    
-------   ----                    
00000000  IE1                     
00000001  IE2                     
00000002  IFG1                    
00000003  IFG2                    
00000006  UC1IE                   
00000007  UC1IFG                  
00000010  P3REN                   
00000011  P4REN                   
00000012  P5REN                   
00000013  P6REN                   
00000018  P3IN                    
00000019  P3OUT                   
0000001a  P3DIR                   
0000001b  P3SEL                   
0000001c  P4IN                    
0000001d  P4OUT                   
0000001e  P4DIR                   
0000001f  P4SEL                   
00000020  P1IN                    
00000021  P1OUT                   
00000022  P1DIR                   
00000023  P1IFG                   
00000024  P1IES                   
00000025  P1IE                    
00000026  P1SEL                   
00000027  P1REN                   
00000028  P2IN                    
00000029  P2OUT                   
0000002a  P2DIR                   
0000002b  P2IFG                   
0000002c  P2IES                   
0000002d  P2IE                    
0000002e  P2SEL                   
0000002f  P2REN                   
00000030  P5IN                    
00000031  P5OUT                   
00000032  P5DIR                   
00000033  P5SEL                   
00000034  P6IN                    
00000035  P6OUT                   
00000036  P6DIR                   
00000037  P6SEL                   
00000050  __STACK_SIZE            
00000053  BCSCTL3                 
00000055  SVSCTL                  
00000056  DCOCTL                  
00000057  BCSCTL1                 
00000058  BCSCTL2                 
00000059  CACTL1                  
0000005a  CACTL2                  
0000005b  CAPD                    
0000005d  UCA0ABCTL               
0000005e  UCA0IRTCTL              
0000005f  UCA0IRRCTL              
00000060  UCA0CTL0                
00000061  UCA0CTL1                
00000062  UCA0BR0                 
00000063  UCA0BR1                 
00000064  UCA0MCTL                
00000065  UCA0STAT                
00000066  UCA0RXBUF               
00000067  UCA0TXBUF               
00000068  UCB0CTL0                
00000069  UCB0CTL1                
0000006a  UCB0BR0                 
0000006b  UCB0BR1                 
0000006c  UCB0I2CIE               
0000006d  UCB0STAT                
0000006e  UCB0RXBUF               
0000006f  UCB0TXBUF               
00000080  ADC12MCTL0              
00000081  ADC12MCTL1              
00000082  ADC12MCTL2              
00000083  ADC12MCTL3              
00000084  ADC12MCTL4              
00000085  ADC12MCTL5              
00000086  ADC12MCTL6              
00000087  ADC12MCTL7              
00000088  ADC12MCTL8              
00000089  ADC12MCTL9              
0000008a  ADC12MCTL10             
0000008b  ADC12MCTL11             
0000008c  ADC12MCTL12             
0000008d  ADC12MCTL13             
0000008e  ADC12MCTL14             
0000008f  ADC12MCTL15             
000000cd  UCA1ABCTL               
000000ce  UCA1IRTCTL              
000000cf  UCA1IRRCTL              
000000d0  UCA1CTL0                
000000d1  UCA1CTL1                
000000d2  UCA1BR0                 
000000d3  UCA1BR1                 
000000d4  UCA1MCTL                
000000d5  UCA1STAT                
000000d6  UCA1RXBUF               
000000d7  UCA1TXBUF               
000000d8  UCB1CTL0                
000000d9  UCB1CTL1                
000000da  UCB1BR0                 
000000db  UCB1BR1                 
000000dc  UCB1I2CIE               
000000dd  UCB1STAT                
000000de  UCB1RXBUF               
000000df  UCB1TXBUF               
00000118  UCB0I2COA               
0000011a  UCB0I2CSA               
0000011e  TBIV                    
00000120  WDTCTL                  
00000128  FCTL1                   
0000012a  FCTL2                   
0000012c  FCTL3                   
0000012e  TAIV                    
00000130  MPY                     
00000132  MPYS                    
00000134  MAC                     
00000136  MACS                    
00000138  OP2                     
0000013a  RESLO                   
0000013c  RESHI                   
0000013e  SUMEXT                  
00000140  ADC12MEM0               
00000142  ADC12MEM1               
00000144  ADC12MEM2               
00000146  ADC12MEM3               
00000148  ADC12MEM4               
0000014a  ADC12MEM5               
0000014c  ADC12MEM6               
0000014e  ADC12MEM7               
00000150  ADC12MEM8               
00000152  ADC12MEM9               
00000154  ADC12MEM10              
00000156  ADC12MEM11              
00000158  ADC12MEM12              
0000015a  ADC12MEM13              
0000015c  ADC12MEM14              
0000015e  ADC12MEM15              
00000160  TACTL                   
00000162  TACCTL0                 
00000164  TACCTL1                 
00000166  TACCTL2                 
00000170  TAR                     
00000172  TACCR0                  
00000174  TACCR1                  
00000176  TACCR2                  
0000017c  UCB1I2COA               
0000017e  UCB1I2CSA               
00000180  TBCTL                   
00000182  TBCCTL0                 
00000184  TBCCTL1                 
00000186  TBCCTL2                 
00000188  TBCCTL3                 
0000018a  TBCCTL4                 
0000018c  TBCCTL5                 
0000018e  TBCCTL6                 
00000190  TBR                     
00000192  TBCCR0                  
00000194  TBCCR1                  
00000196  TBCCR2                  
00000198  TBCCR3                  
0000019a  TBCCR4                  
0000019c  TBCCR5                  
0000019e  TBCCR6                  
000001a0  ADC12CTL0               
000001a2  ADC12CTL1               
000001a4  ADC12IFG                
000001a6  ADC12IE                 
000001a8  ADC12IV                 
000001be  FCTL4                   
00000200  adc0_msb                
00000202  adc0_lsb                
00000204  adc1_msb                
00000206  adc1_lsb                
00000208  adc2_msb                
0000020a  adc2_lsb                
0000020c  adc3_msb                
0000020e  adc3_lsb                
00000210  adc4_msb                
00000212  adc4_lsb                
00000214  adc5_msb                
00000216  adc5_lsb                
00000218  adc6_msb                
0000021a  adc6_lsb                
0000021c  adc7_msb                
0000021e  adc7_lsb                
00000220  msp_ts_msb              
00000222  msp_ts_lsb              
00000224  avc_msb                 
00000226  avc_lsb                 
00000228  vr_msb                  
0000022a  vr_lsb                  
0000022c  tr_msb                  
0000022e  tr_lsb                  
00000230  cr_msb                  
00000232  cr_lsb                  
00000234  acr_msb                 
00000236  acr_lsb                 
00000238  cont                    
0000023a  volt                    
0000023e  curr                    
00000242  previous_power          
00000246  mean_power              
0000024a  mean_voltage            
0000024e  mean_current            
00000252  count                   
00000254  LCA                     
00000256  accumulated_current     
0000025a  RG_Protection           
0000025c  protection_register     
000009b0  _stack                  
00000a00  __STACK_END             
000010c0  TLV_CHECKSUM            
000010da  TLV_ADC12_1_TAG         
000010db  TLV_ADC12_1_LEN         
000010f6  TLV_DCO_30_TAG          
000010f7  TLV_DCO_30_LEN          
000010f8  CALDCO_16MHZ            
000010f9  CALBC1_16MHZ            
000010fa  CALDCO_12MHZ            
000010fb  CALBC1_12MHZ            
000010fc  CALDCO_8MHZ             
000010fd  CALBC1_8MHZ             
000010fe  CALDCO_1MHZ             
000010ff  CALBC1_1MHZ             
00001100  __TI_frcdivd            
00001562  Text                    
00001956  __TI_frcmpyd            
00001c4a  measurement_data_DS2784 
00001f00  __mspabi_mpyd           
0000216e  __mspabi_divd           
000023a6  float_send              
0000260a  config_DS2784           
000026f8  __TI_printfi_minimal    
000027c2  __mspabi_mpyf           
00002884  __mspabi_fltlid         
00002926  measurement__adc        
000029c6  config_MSP430           
00002a5e  __mspabi_cvtdf          
00002aea  __mspabi_fixfli         
00002bcc  __mspabi_srll_15        
00002bd2  __mspabi_srll_14        
00002bd8  __mspabi_srll_13        
00002bde  __mspabi_srll_12        
00002be4  __mspabi_srll_11        
00002bea  __mspabi_srll_10        
00002bf0  __mspabi_srll_9         
00002bf6  __mspabi_srll_8         
00002bfc  __mspabi_srll_7         
00002c02  __mspabi_srll_6         
00002c08  __mspabi_srll_5         
00002c0e  __mspabi_srll_4         
00002c14  __mspabi_srll_3         
00002c1a  __mspabi_srll_2         
00002c20  __mspabi_srll_1         
00002c28  _auto_init              
00002c80  __mspabi_divul          
00002c80  __mspabi_remul          
00002cd8  OneWireWrite            
00002dd2  __mspabi_srli           
00002de0  __mspabi_srli_15        
00002de4  __mspabi_srli_14        
00002de8  __mspabi_srli_13        
00002dec  __mspabi_srli_12        
00002df0  __mspabi_srli_11        
00002df4  __mspabi_srli_10        
00002df8  __mspabi_srli_9         
00002dfc  __mspabi_srli_8         
00002e00  __mspabi_srli_7         
00002e04  __mspabi_srli_6         
00002e08  __mspabi_srli_5         
00002e0c  __mspabi_srli_4         
00002e10  __mspabi_srli_3         
00002e14  __mspabi_srli_2         
00002e18  __mspabi_srli_1         
00002e1e  OneWireReset            
00002eb0  __mspabi_divli          
00002eb0  __mspabi_remli          
00002ef0  __mspabi_sral_15        
00002ef4  __mspabi_sral_14        
00002ef8  __mspabi_sral_13        
00002efc  __mspabi_sral_12        
00002f00  __mspabi_sral_11        
00002f04  __mspabi_sral_10        
00002f08  __mspabi_sral_9         
00002f0c  __mspabi_sral_8         
00002f10  __mspabi_sral_7         
00002f14  __mspabi_sral_6         
00002f18  __mspabi_sral_5         
00002f1c  __mspabi_sral_4         
00002f20  __mspabi_sral_3         
00002f24  __mspabi_sral_2         
00002f28  __mspabi_sral_1         
00002f2e  __mspabi_slll_15        
00002f32  __mspabi_slll_14        
00002f36  __mspabi_slll_13        
00002f3a  __mspabi_slll_12        
00002f3e  __mspabi_slll_11        
00002f42  __mspabi_slll_10        
00002f46  __mspabi_slll_9         
00002f4a  __mspabi_slll_8         
00002f4e  __mspabi_slll_7         
00002f52  __mspabi_slll_6         
00002f56  __mspabi_slll_5         
00002f5a  __mspabi_slll_4         
00002f5e  __mspabi_slll_3         
00002f62  __mspabi_slll_2         
00002f66  __mspabi_slll_1         
00002f6c  Timer_A                 
00002fa8  OneWireReadBit          
00002fe2  sprintf                 
0000301a  __mspabi_fltif          
0000307e  __mspabi_mpyl_hw        
000030ac  __mspabi_srai           
000030b8  __mspabi_srai_15        
000030ba  __mspabi_srai_14        
000030bc  __mspabi_srai_13        
000030be  __mspabi_srai_12        
000030c0  __mspabi_srai_11        
000030c2  __mspabi_srai_10        
000030c4  __mspabi_srai_9         
000030c6  __mspabi_srai_8         
000030c8  __mspabi_srai_7         
000030ca  __mspabi_srai_6         
000030cc  __mspabi_srai_5         
000030ce  __mspabi_srai_4         
000030d0  __mspabi_srai_3         
000030d2  __mspabi_srai_2         
000030d4  __mspabi_srai_1         
000030d8  __mspabi_slli           
000030e4  __mspabi_slli_15        
000030e6  __mspabi_slli_14        
000030e8  __mspabi_slli_13        
000030ea  __mspabi_slli_12        
000030ec  __mspabi_slli_11        
000030ee  __mspabi_slli_10        
000030f0  __mspabi_slli_9         
000030f2  __mspabi_slli_8         
000030f4  __mspabi_slli_7         
000030f6  __mspabi_slli_6         
000030f8  __mspabi_slli_5         
000030fa  __mspabi_slli_4         
000030fc  __mspabi_slli_3         
000030fe  __mspabi_slli_2         
00003100  __mspabi_slli_1         
00003104  OWReadByte              
00003124  UART_TX                 
00003144  OWWriteByte             
00003160  main                    
0000317c  _c_int00_noargs_noexit  
000031b0  memccpy                 
000031e2  __mspabi_divu           
000031e2  __mspabi_remu           
000031f8  __TI_zero_init          
0000320c  memset                  
00003220  outp                    
00003234  __mspabi_mpyi_hw        
0000325a  __TI_decompress_none    
0000326c  memcpy                  
0000327e  __mspabi_func_epilog_7  
00003280  __mspabi_func_epilog_6  
00003282  __mspabi_func_epilog_5  
00003284  __mspabi_func_epilog_4  
00003286  __mspabi_func_epilog_3  
00003288  __mspabi_func_epilog_2  
0000328a  __mspabi_func_epilog_1  
0000328e  strlen                  
0000329c  __mspabi_fltid          
000032a8  inp                     
000032b2  __TI_ISR_TRAP           
000032b8  __TI_decompress_rle24   
000032be  _system_pre_init        
000032c2  C$$EXIT                 
000032c2  abort                   
00003330  __TI_Handler_Table_Base 
00003336  __TI_Handler_Table_Limit
0000333a  __TI_CINIT_Base         
00003342  __TI_CINIT_Limit        
0000ffc0  __TI_int00              
0000ffc2  __TI_int01              
0000ffc4  __TI_int02              
0000ffc6  __TI_int03              
0000ffc8  __TI_int04              
0000ffca  __TI_int05              
0000ffcc  __TI_int06              
0000ffce  __TI_int07              
0000ffd0  __TI_int08              
0000ffd2  __TI_int09              
0000ffd4  __TI_int10              
0000ffd6  __TI_int11              
0000ffd8  __TI_int12              
0000ffda  __TI_int13              
0000ffdc  __TI_int14              
0000ffde  __TI_int15              
0000ffe0  __TI_int16              
0000ffe2  __TI_int17              
0000ffe4  __TI_int18              
0000ffe6  __TI_int19              
0000ffe8  __TI_int20              
0000ffea  __TI_int21              
0000ffec  __TI_int22              
0000ffee  __TI_int23              
0000fff0  __TI_int24              
0000fff2  __TI_int25              
0000fff4  __TI_int26              
0000fff6  __TI_int27              
0000fff8  __TI_int28              
0000fffa  __TI_int29              
0000fffc  __TI_int30              
0000fffe  _reset_vector           
ffffffff  __binit__               
ffffffff  __c_args__              
ffffffff  binit                   
UNDEFED   __TI_INITARRAY_Base     
UNDEFED   __TI_INITARRAY_Limit    

[414 symbols]
