******************************************************************************
                  MSP430 Linker PC v17.6.0                     
******************************************************************************
>> Linked Wed Nov 22 22:53:59 2017

OUTPUT FILE NAME:   <fsat_eps_mppt.out>
ENTRY POINT SYMBOL: "_c_int00_noargs_noexit"  address: 00008000


MEMORY CONFIGURATION

         name            origin    length      used     unused   attr    fill
----------------------  --------  ---------  --------  --------  ----  --------
  SFR                   00000000   00000010  00000000  00000010  RWIX
  PERIPHERALS_8BIT      00000010   000000f0  00000000  000000f0  RWIX
  PERIPHERALS_16BIT     00000100   00000100  00000000  00000100  RWIX
  INFOD                 00001800   00000080  00000000  00000080  RWIX
  INFOC                 00001880   00000080  00000000  00000080  RWIX
  INFOB                 00001900   00000080  00000000  00000080  RWIX
  INFOA                 00001980   00000080  00000000  00000080  RWIX
  USBRAM                00001c00   00000800  00000000  00000800  RWIX
  RAM                   00002400   00004000  000000a3  00003f5d  RWIX
  FLASH                 00008000   00007f80  00000174  00007e0c  RWIX
  INT00                 0000ff80   00000002  00000000  00000002  RWIX
  INT01                 0000ff82   00000002  00000000  00000002  RWIX
  INT02                 0000ff84   00000002  00000000  00000002  RWIX
  INT03                 0000ff86   00000002  00000000  00000002  RWIX
  INT04                 0000ff88   00000002  00000000  00000002  RWIX
  INT05                 0000ff8a   00000002  00000000  00000002  RWIX
  INT06                 0000ff8c   00000002  00000000  00000002  RWIX
  INT07                 0000ff8e   00000002  00000000  00000002  RWIX
  INT08                 0000ff90   00000002  00000000  00000002  RWIX
  INT09                 0000ff92   00000002  00000000  00000002  RWIX
  INT10                 0000ff94   00000002  00000000  00000002  RWIX
  INT11                 0000ff96   00000002  00000000  00000002  RWIX
  INT12                 0000ff98   00000002  00000000  00000002  RWIX
  INT13                 0000ff9a   00000002  00000000  00000002  RWIX
  INT14                 0000ff9c   00000002  00000000  00000002  RWIX
  INT15                 0000ff9e   00000002  00000000  00000002  RWIX
  INT16                 0000ffa0   00000002  00000000  00000002  RWIX
  INT17                 0000ffa2   00000002  00000000  00000002  RWIX
  INT18                 0000ffa4   00000002  00000000  00000002  RWIX
  INT19                 0000ffa6   00000002  00000000  00000002  RWIX
  INT20                 0000ffa8   00000002  00000000  00000002  RWIX
  INT21                 0000ffaa   00000002  00000000  00000002  RWIX
  INT22                 0000ffac   00000002  00000000  00000002  RWIX
  INT23                 0000ffae   00000002  00000000  00000002  RWIX
  INT24                 0000ffb0   00000002  00000000  00000002  RWIX
  INT25                 0000ffb2   00000002  00000000  00000002  RWIX
  INT26                 0000ffb4   00000002  00000000  00000002  RWIX
  INT27                 0000ffb6   00000002  00000000  00000002  RWIX
  INT28                 0000ffb8   00000002  00000000  00000002  RWIX
  INT29                 0000ffba   00000002  00000000  00000002  RWIX
  INT30                 0000ffbc   00000002  00000000  00000002  RWIX
  INT31                 0000ffbe   00000002  00000000  00000002  RWIX
  INT32                 0000ffc0   00000002  00000000  00000002  RWIX
  INT33                 0000ffc2   00000002  00000000  00000002  RWIX
  INT34                 0000ffc4   00000002  00000000  00000002  RWIX
  INT35                 0000ffc6   00000002  00000002  00000000  RWIX
  INT36                 0000ffc8   00000002  00000002  00000000  RWIX
  INT37                 0000ffca   00000002  00000002  00000000  RWIX
  INT38                 0000ffcc   00000002  00000002  00000000  RWIX
  INT39                 0000ffce   00000002  00000002  00000000  RWIX
  INT40                 0000ffd0   00000002  00000002  00000000  RWIX
  INT41                 0000ffd2   00000002  00000002  00000000  RWIX
  INT42                 0000ffd4   00000002  00000002  00000000  RWIX
  INT43                 0000ffd6   00000002  00000002  00000000  RWIX
  INT44                 0000ffd8   00000002  00000002  00000000  RWIX
  INT45                 0000ffda   00000002  00000002  00000000  RWIX
  INT46                 0000ffdc   00000002  00000002  00000000  RWIX
  INT47                 0000ffde   00000002  00000002  00000000  RWIX
  INT48                 0000ffe0   00000002  00000002  00000000  RWIX
  INT49                 0000ffe2   00000002  00000002  00000000  RWIX
  INT50                 0000ffe4   00000002  00000002  00000000  RWIX
  INT51                 0000ffe6   00000002  00000002  00000000  RWIX
  INT52                 0000ffe8   00000002  00000002  00000000  RWIX
  INT53                 0000ffea   00000002  00000002  00000000  RWIX
  INT54                 0000ffec   00000002  00000002  00000000  RWIX
  INT55                 0000ffee   00000002  00000002  00000000  RWIX
  INT56                 0000fff0   00000002  00000002  00000000  RWIX
  INT57                 0000fff2   00000002  00000002  00000000  RWIX
  INT58                 0000fff4   00000002  00000002  00000000  RWIX
  INT59                 0000fff6   00000002  00000002  00000000  RWIX
  INT60                 0000fff8   00000002  00000002  00000000  RWIX
  INT61                 0000fffa   00000002  00000002  00000000  RWIX
  INT62                 0000fffc   00000002  00000002  00000000  RWIX
  RESET                 0000fffe   00000002  00000002  00000000  RWIX
  FLASH2                00010000   00078000  000045cc  00073a34  RWIX
  RAM2                  000f0000   0000c000  00000000  0000c000  RWIX


SECTION ALLOCATION MAP

 output                                  attributes/
section   page    origin      length       input sections
--------  ----  ----------  ----------   ----------------
.data      0    00002400    00000003     UNINITIALIZED
                  00002400    00000002     rts430x_lc_rd_eabi.lib : errno.obj (.data)
                  00002402    00000001     main.obj (.data)

.stack     0    00006360    000000a0     UNINITIALIZED
                  00006360    00000004     rts430x_lc_rd_eabi.lib : boot.obj (.stack)
                  00006364    0000009c     --HOLE--

.text:_isr 
*          0    00008000    00000022     
                  00008000    0000001a     rts430x_lc_rd_eabi.lib : boot_special.obj (.text:_isr:_c_int00_noargs_noexit)
                  0000801a    00000008                            : isr_trap.obj (.text:_isr:__TI_ISR_TRAP)

.const     0    00008022    0000013a     
                  00008022    00000101     rts430x_lc_rd_eabi.lib : ctype.obj (.const:.string:_ctypes_)
                  00008123    00000001     --HOLE-- [fill = 0]
                  00008124    00000026                            : _printfi.obj (.const:.string)
                  0000814a    0000000c     main.obj (.const:.string)
                  00008156    00000006     uart.obj (.const:.string)

.cinit     0    0000815c    00000018     
                  0000815c    00000008     (__TI_handler_table)
                  00008164    00000007     (.cinit..data.load) [load image, compression = lzss]
                  0000816b    00000001     --HOLE-- [fill = 0]
                  0000816c    00000008     (__TI_cinit_table)

.init_array 
*          0    00008000    00000000     UNINITIALIZED

USCI_B2    0    0000ffc6    00000002     
                  0000ffc6    00000002     rts430x_lc_rd_eabi.lib : int35.obj (.int35)

USCI_A2    0    0000ffc8    00000002     
                  0000ffc8    00000002     rts430x_lc_rd_eabi.lib : int36.obj (.int36)

PORT4      0    0000ffca    00000002     
                  0000ffca    00000002     rts430x_lc_rd_eabi.lib : int37.obj (.int37)

PORT3      0    0000ffcc    00000002     
                  0000ffcc    00000002     rts430x_lc_rd_eabi.lib : int38.obj (.int38)

TIMER2_A1 
*          0    0000ffce    00000002     
                  0000ffce    00000002     rts430x_lc_rd_eabi.lib : int39.obj (.int39)

TIMER2_A0 
*          0    0000ffd0    00000002     
                  0000ffd0    00000002     rts430x_lc_rd_eabi.lib : int40.obj (.int40)

DAC12      0    0000ffd2    00000002     
                  0000ffd2    00000002     rts430x_lc_rd_eabi.lib : int41.obj (.int41)

RTC        0    0000ffd4    00000002     
                  0000ffd4    00000002     rts430x_lc_rd_eabi.lib : int42.obj (.int42)

LCD_B      0    0000ffd6    00000002     
                  0000ffd6    00000002     rts430x_lc_rd_eabi.lib : int43.obj (.int43)

PORT2      0    0000ffd8    00000002     
                  0000ffd8    00000002     rts430x_lc_rd_eabi.lib : int44.obj (.int44)

USCI_B1    0    0000ffda    00000002     
                  0000ffda    00000002     rts430x_lc_rd_eabi.lib : int45.obj (.int45)

USCI_A1    0    0000ffdc    00000002     
                  0000ffdc    00000002     rts430x_lc_rd_eabi.lib : int46.obj (.int46)

PORT1      0    0000ffde    00000002     
                  0000ffde    00000002     rts430x_lc_rd_eabi.lib : int47.obj (.int47)

TIMER1_A1 
*          0    0000ffe0    00000002     
                  0000ffe0    00000002     rts430x_lc_rd_eabi.lib : int48.obj (.int48)

TIMER1_A0 
*          0    0000ffe2    00000002     
                  0000ffe2    00000002     rts430x_lc_rd_eabi.lib : int49.obj (.int49)

DMA        0    0000ffe4    00000002     
                  0000ffe4    00000002     rts430x_lc_rd_eabi.lib : int50.obj (.int50)

USB_UBM    0    0000ffe6    00000002     
                  0000ffe6    00000002     rts430x_lc_rd_eabi.lib : int51.obj (.int51)

TIMER0_A1 
*          0    0000ffe8    00000002     
                  0000ffe8    00000002     rts430x_lc_rd_eabi.lib : int52.obj (.int52)

TIMER0_A0 
*          0    0000ffea    00000002     
                  0000ffea    00000002     rts430x_lc_rd_eabi.lib : int53.obj (.int53)

ADC12      0    0000ffec    00000002     
                  0000ffec    00000002     rts430x_lc_rd_eabi.lib : int54.obj (.int54)

USCI_B0    0    0000ffee    00000002     
                  0000ffee    00000002     rts430x_lc_rd_eabi.lib : int55.obj (.int55)

USCI_A0    0    0000fff0    00000002     
                  0000fff0    00000002     rts430x_lc_rd_eabi.lib : int56.obj (.int56)

WDT        0    0000fff2    00000002     
                  0000fff2    00000002     rts430x_lc_rd_eabi.lib : int57.obj (.int57)

TIMER0_B1 
*          0    0000fff4    00000002     
                  0000fff4    00000002     rts430x_lc_rd_eabi.lib : int58.obj (.int58)

TIMER0_B0 
*          0    0000fff6    00000002     
                  0000fff6    00000002     rts430x_lc_rd_eabi.lib : int59.obj (.int59)

COMP_B     0    0000fff8    00000002     
                  0000fff8    00000002     rts430x_lc_rd_eabi.lib : int60.obj (.int60)

UNMI       0    0000fffa    00000002     
                  0000fffa    00000002     rts430x_lc_rd_eabi.lib : int61.obj (.int61)

SYSNMI     0    0000fffc    00000002     
                  0000fffc    00000002     rts430x_lc_rd_eabi.lib : int62.obj (.int62)

.reset     0    0000fffe    00000002     
                  0000fffe    00000002     rts430x_lc_rd_eabi.lib : boot.obj (.reset)

.text      0    00010000    000045cc     
                  00010000    00000646     main.obj (.text:main)
                  00010646    00000466     rts430x_lc_rd_eabi.lib : frcdivd.obj (.text:__TI_frcdivd)
                  00010aac    0000034e                            : div64u.obj (.text:__mspabi_divull)
                  00010dfa    000002e0                            : addd.obj (.text:__mspabi_addd)
                  000110da    00000280                            : frcmpyd.obj (.text:__TI_frcmpyd)
                  0001135a    00000266                            : mpyd.obj (.text:__mspabi_mpyd)
                  000115c0    00000260                            : _printfi.obj (.text:_pproc_fgea)
                  00011820    0000025e                            : _printfi.obj (.text:_setfield)
                  00011a7e    00000248                            : frcaddd.obj (.text:__TI_frcaddd)
                  00011cc6    00000238                            : _printfi.obj (.text:__TI_printfi)
                  00011efe    00000224                            : _printfi.obj (.text:acvt)
                  00012122    00000222                            : divd.obj (.text:__mspabi_divd)
                  00012344    000001e6                            : _printfi.obj (.text:ecvt)
                  0001252a    000001c8                            : _printfi.obj (.text:fcvt)
                  000126f2    000001a4                            : _printfi.obj (.text:_pconv_e)
                  00012896    00000198                            : s_scalbn.obj (.text:scalbn)
                  00012a2e    00000188                            : _printfi.obj (.text:_getarg_diouxp)
                  00012bb6    00000170                            : _printfi.obj (.text:_pconv_a)
                  00012d26    00000148                            : _printfi.obj (.text:_pproc_diouxp)
                  00012e6e    0000012a                            : _printfi.obj (.text:_ltostr)
                  00012f98    00000116     onewire.obj (.text:DS2784Config)
                  000130ae    000000fc     rts430x_lc_rd_eabi.lib : _printfi.obj (.text:_pconv_g)
                  000131aa    000000fa                            : _printfi.obj (.text:_pproc_fwp)
                  000132a4    000000d8                            : cmpd.obj (.text:__mspabi_cmpd)
                  0001337c    000000d0     ADC.obj (.text:adcRead)
                  0001344c    000000b8     rts430x_lc_rd_eabi.lib : fs_mpy.obj (.text)
                  00013504    000000b2                            : renormd.obj (.text:__TI_renormd)
                  000135b6    000000a6                            : _printfi.obj (.text:_pproc_str)
                  0001365c    000000a6                            : s_frexp.obj (.text:frexp)
                  00013702    0000009e                            : fltlid.obj (.text:__mspabi_fltlid)
                  000137a0    00000090                            : _printfi.obj (.text:_ecpy)
                  00013830    00000090                            : _printfi.obj (.text:_mcpy)
                  000138c0    0000008c                            : cvtdf.obj (.text:__mspabi_cvtdf)
                  0001394c    00000082                            : autoinit_wdt.obj (.text:_auto_init_hold_wdt)
                  000139ce    00000082     ADC.obj (.text:adcConfig)
                  00013a50    00000080     rts430x_lc_rd_eabi.lib : fltuld.obj (.text:__mspabi_fltuld)
                  00013ad0    00000080                            : ltoa.obj (.text:ltoa)
                  00013b50    0000007a     uart.obj (.text:uartTXFloat)
                  00013bca    00000078     rts430x_lc_rd_eabi.lib : _printfi.obj (.text:_pconv_f)
                  00013c42    00000078                            : copy_decompress_lzss.obj (.text:decompress:lzss:__TI_decompress_lzss)
                  00013cba    00000066                            : cvtfd.obj (.text:__mspabi_cvtfd)
                  00013d20    00000066                            : fixdli.obj (.text:__mspabi_fixdli)
                  00013d86    00000066                            : cpy_tbl.obj (.text:copy_in)
                  00013dec    00000062                            : atoi.obj (.text:atoi)
                  00013e4e    00000058                            : div32u.obj (.text)
                  00013ea6    00000056     onewire.obj (.text:OneWireWrite)
                  00013efc    0000004e     rts430x_lc_rd_eabi.lib : _printfi.obj (.text:_fcpy)
                  00013f4a    0000004c     main.obj (.text:MSP430config)
                  00013f96    0000004a     onewire.obj (.text:OneWireReset)
                  00013fe0    0000004a     rts430x_lc_rd_eabi.lib : fs_cmp.obj (.text)
                  0001402a    00000044                            : sprintf.obj (.text:sprintf)
                  0001406e    00000040                            : div32s.obj (.text)
                  000140ae    0000003e                            : asr32.obj (.text:l_asr_const)
                  000140ec    0000003e                            : lsl32.obj (.text:l_lsl_const)
                  0001412a    0000003e                            : lsr32.obj (.text:l_lsr_const)
                  00014168    0000003c     onewire.obj (.text:OneWireReadBit)
                  000141a4    0000003a     rts430x_lc_rd_eabi.lib : lsl64.obj (.text:__mspabi_sllll)
                  000141de    0000003a                            : lsr64.obj (.text:__mspabi_srlll)
                  00014218    00000036                            : fs_itof.obj (.text)
                  0001424e    00000032                            : subd.obj (.text:__mspabi_subd)
                  00014280    00000030     clock.obj (.text:clockConfig)
                  000142b0    0000002e     rts430x_lc_rd_eabi.lib : negd.obj (.text:__mspabi_negd)
                  000142de    0000002e                            : s_copysign.obj (.text:copysign)
                  0001430c    00000028                            : fixdi.obj (.text:__mspabi_fixdi)
                  00014334    00000028     uart.obj (.text:uartConfig)
                  0001435c    00000024     rts430x_lc_rd_eabi.lib : fs_utof.obj (.text)
                  00014380    00000024                            : mult32_f5hw.obj (.text)
                  000143a4    00000022     onewire.obj (.text:DS2784ReadRegister)
                  000143c6    00000022     onewire.obj (.text:OWReadByte)
                  000143e8    00000020     rts430x_lc_rd_eabi.lib : sprintf.obj (.text:_outs)
                  00014408    00000020     uart.obj (.text:uartTX)
                  00014428    0000001e     rts430x_lc_rd_eabi.lib : memccpy.obj (.text:memccpy)
                  00014446    0000001c     onewire.obj (.text:OWWriteByte)
                  00014462    0000001c     rts430x_lc_rd_eabi.lib : strchr.obj (.text:strchr)
                  0001447e    0000001a     onewire.obj (.text:inp)
                  00014498    00000018     rts430x_lc_rd_eabi.lib : mult16_f5hw.obj (.text)
                  000144b0    00000016                            : memset.obj (.text:memset)
                  000144c6    00000016                            : div16u.obj (.text)
                  000144dc    00000016     timer.obj (.text:timerConfig)
                  000144f2    00000014     rts430x_lc_rd_eabi.lib : sprintf.obj (.text:_outc)
                  00014506    00000014                            : memcpy.obj (.text:memcpy)
                  0001451a    00000014     onewire.obj (.text:outp)
                  0001452e    00000012     rts430x_lc_rd_eabi.lib : copy_decompress_none.obj (.text:decompress:none:__TI_decompress_none)
                  00014540    00000012                            : toupper.obj (.text:toupper)
                  00014552    00000010                            : asr32.obj (.text:l_asr)
                  00014562    00000010                            : lsl32.obj (.text:l_lsl)
                  00014572    00000010                            : lsr32.obj (.text:l_lsr)
                  00014582    0000000e                            : strlen.obj (.text:strlen)
                  00014590    0000000c                            : fltid.obj (.text:__mspabi_fltid)
                  0001459c    0000000a                            : abs.obj (.text:abs)
                  000145a6    0000000a                            : fs_neg.obj (.text)
                  000145b0    0000000a                            : lsl16.obj (.text)
                  000145ba    00000006                            : fltud.obj (.text:__mspabi_fltud)
                  000145c0    00000006                            : exit.obj (.text:abort)
                  000145c6    00000004                            : pre_init.obj (.text:_system_pre_init)
                  000145ca    00000002                            : startup.obj (.text:_system_post_cinit)

MODULE SUMMARY

       Module                     code    ro data   rw data
       ------                     ----    -------   -------
    .\
       main.obj                   1682    12        1      
    +--+--------------------------+-------+---------+---------+
       Total:                     1682    12        1      
                                                           
    .\source\
       onewire.obj                640     0         0      
       ADC.obj                    338     0         0      
       uart.obj                   194     6         0      
       clock.obj                  48      0         0      
       timer.obj                  22      0         0      
    +--+--------------------------+-------+---------+---------+
       Total:                     1242    6         0      
                                                           
    C:\ti\ccsv6\tools\compiler\ti-cgt-msp430_17.6.0.STS\lib\rts430x_lc_rd_eabi.lib
       _printfi.obj               6232    38        0      
       frcdivd.obj                1126    0         0      
       div64u.obj                 846     0         0      
       addd.obj                   736     0         0      
       frcmpyd.obj                640     0         0      
       mpyd.obj                   614     0         0      
       frcaddd.obj                584     0         0      
       divd.obj                   546     0         0      
       s_scalbn.obj               408     0         0      
       ctype.obj                  0       257       0      
       cmpd.obj                   216     0         0      
       fs_mpy.obj                 184     0         0      
       renormd.obj                178     0         0      
       s_frexp.obj                166     0         0      
       fltlid.obj                 158     0         0      
       cvtdf.obj                  140     0         0      
       autoinit_wdt.obj           130     0         0      
       fltuld.obj                 128     0         0      
       ltoa.obj                   128     0         0      
       copy_decompress_lzss.obj   120     0         0      
       sprintf.obj                120     0         0      
       cpy_tbl.obj                102     0         0      
       cvtfd.obj                  102     0         0      
       fixdli.obj                 102     0         0      
       atoi.obj                   98      0         0      
       div32u.obj                 88      0         0      
       asr32.obj                  78      0         0      
       lsl32.obj                  78      0         0      
       lsr32.obj                  78      0         0      
       fs_cmp.obj                 74      0         0      
       div32s.obj                 64      0         0      
       lsl64.obj                  58      0         0      
       lsr64.obj                  58      0         0      
       fs_itof.obj                54      0         0      
       subd.obj                   50      0         0      
       negd.obj                   46      0         0      
       s_copysign.obj             46      0         0      
       fixdi.obj                  40      0         0      
       fs_utof.obj                36      0         0      
       mult32_f5hw.obj            36      0         0      
       memccpy.obj                30      0         0      
       strchr.obj                 28      0         0      
       boot_special.obj           26      0         0      
       mult16_f5hw.obj            24      0         0      
       div16u.obj                 22      0         0      
       memset.obj                 22      0         0      
       memcpy.obj                 20      0         0      
       copy_decompress_none.obj   18      0         0      
       toupper.obj                18      0         0      
       strlen.obj                 14      0         0      
       fltid.obj                  12      0         0      
       abs.obj                    10      0         0      
       fs_neg.obj                 10      0         0      
       lsl16.obj                  10      0         0      
       isr_trap.obj               8       0         0      
       exit.obj                   6       0         0      
       fltud.obj                  6       0         0      
       pre_init.obj               4       0         0      
       boot.obj                   0       2         0      
       errno.obj                  0       0         2      
       int35.obj                  0       2         0      
       int36.obj                  0       2         0      
       int37.obj                  0       2         0      
       int38.obj                  0       2         0      
       int39.obj                  0       2         0      
       int40.obj                  0       2         0      
       int41.obj                  0       2         0      
       int42.obj                  0       2         0      
       int43.obj                  0       2         0      
       int44.obj                  0       2         0      
       int45.obj                  0       2         0      
       int46.obj                  0       2         0      
       int47.obj                  0       2         0      
       int48.obj                  0       2         0      
       int49.obj                  0       2         0      
       int50.obj                  0       2         0      
       int51.obj                  0       2         0      
       int52.obj                  0       2         0      
       int53.obj                  0       2         0      
       int54.obj                  0       2         0      
       int55.obj                  0       2         0      
       int56.obj                  0       2         0      
       int57.obj                  0       2         0      
       int58.obj                  0       2         0      
       int59.obj                  0       2         0      
       int60.obj                  0       2         0      
       int61.obj                  0       2         0      
       int62.obj                  0       2         0      
       startup.obj                2       0         0      
    +--+--------------------------+-------+---------+---------+
       Total:                     14978   353       2      
                                                           
       Stack:                     0       0         160    
       Linker Generated:          0       23        0      
    +--+--------------------------+-------+---------+---------+
       Grand Total:               17902   394       163    


LINKER GENERATED COPY TABLES

__TI_cinit_table @ 0000816c records: 1, size/record: 8, table size: 8
	.data: load addr=00008164, load size=00000007 bytes, run addr=00002400, run size=00000003 bytes, compression=lzss


LINKER GENERATED HANDLER TABLE

__TI_handler_table @ 0000815c records: 2, size/record: 4, table size: 8
	index: 0, handler: __TI_decompress_lzss
	index: 1, handler: __TI_decompress_none


GLOBAL SYMBOLS: SORTED ALPHABETICALLY BY Name 

address   name                    
-------   ----                    
00000700  ADC12CTL0               
00000701  ADC12CTL0_H             
00000700  ADC12CTL0_L             
00000702  ADC12CTL1               
00000703  ADC12CTL1_H             
00000702  ADC12CTL1_L             
00000704  ADC12CTL2               
00000705  ADC12CTL2_H             
00000704  ADC12CTL2_L             
0000070c  ADC12IE                 
0000070d  ADC12IE_H               
0000070c  ADC12IE_L               
0000070a  ADC12IFG                
0000070b  ADC12IFG_H              
0000070a  ADC12IFG_L              
0000070e  ADC12IV                 
0000070f  ADC12IV_H               
0000070e  ADC12IV_L               
00000710  ADC12MCTL0              
00000711  ADC12MCTL1              
0000071a  ADC12MCTL10             
0000071b  ADC12MCTL11             
0000071c  ADC12MCTL12             
0000071d  ADC12MCTL13             
0000071e  ADC12MCTL14             
0000071f  ADC12MCTL15             
00000712  ADC12MCTL2              
00000713  ADC12MCTL3              
00000714  ADC12MCTL4              
00000715  ADC12MCTL5              
00000716  ADC12MCTL6              
00000717  ADC12MCTL7              
00000718  ADC12MCTL8              
00000719  ADC12MCTL9              
00000720  ADC12MEM0               
00000721  ADC12MEM0_H             
00000720  ADC12MEM0_L             
00000722  ADC12MEM1               
00000734  ADC12MEM10              
00000735  ADC12MEM10_H            
00000734  ADC12MEM10_L            
00000736  ADC12MEM11              
00000737  ADC12MEM11_H            
00000736  ADC12MEM11_L            
00000738  ADC12MEM12              
00000739  ADC12MEM12_H            
00000738  ADC12MEM12_L            
0000073a  ADC12MEM13              
0000073b  ADC12MEM13_H            
0000073a  ADC12MEM13_L            
0000073c  ADC12MEM14              
0000073d  ADC12MEM14_H            
0000073c  ADC12MEM14_L            
0000073e  ADC12MEM15              
0000073f  ADC12MEM15_H            
0000073e  ADC12MEM15_L            
00000723  ADC12MEM1_H             
00000722  ADC12MEM1_L             
00000724  ADC12MEM2               
00000725  ADC12MEM2_H             
00000724  ADC12MEM2_L             
00000726  ADC12MEM3               
00000727  ADC12MEM3_H             
00000726  ADC12MEM3_L             
00000728  ADC12MEM4               
00000729  ADC12MEM4_H             
00000728  ADC12MEM4_L             
0000072a  ADC12MEM5               
0000072b  ADC12MEM5_H             
0000072a  ADC12MEM5_L             
0000072c  ADC12MEM6               
0000072d  ADC12MEM6_H             
0000072c  ADC12MEM6_L             
0000072e  ADC12MEM7               
0000072f  ADC12MEM7_H             
0000072e  ADC12MEM7_L             
00000730  ADC12MEM8               
00000731  ADC12MEM8_H             
00000730  ADC12MEM8_L             
00000732  ADC12MEM9               
00000733  ADC12MEM9_H             
00000732  ADC12MEM9_L             
0000049e  BAKCHCTL                
0000049f  BAKCHCTL_H              
0000049e  BAKCHCTL_L              
0000049c  BAKCTL                  
0000049d  BAKCTL_H                
0000049c  BAKCTL_L                
00000480  BAKMEM0                 
00000481  BAKMEM0_H               
00000480  BAKMEM0_L               
00000482  BAKMEM1                 
00000483  BAKMEM1_H               
00000482  BAKMEM1_L               
00000484  BAKMEM2                 
00000485  BAKMEM2_H               
00000484  BAKMEM2_L               
00000486  BAKMEM3                 
00000487  BAKMEM3_H               
00000486  BAKMEM3_L               
000004be  BCD2BIN                 
000004bc  BIN2BCD                 
000145c0  C$$EXIT                 
000008c0  CBCTL0                  
000008c1  CBCTL0_H                
000008c0  CBCTL0_L                
000008c2  CBCTL1                  
000008c3  CBCTL1_H                
000008c2  CBCTL1_L                
000008c4  CBCTL2                  
000008c5  CBCTL2_H                
000008c4  CBCTL2_L                
000008c6  CBCTL3                  
000008c7  CBCTL3_H                
000008c6  CBCTL3_L                
000008cc  CBINT                   
000008cd  CBINT_H                 
000008cc  CBINT_L                 
000008ce  CBIV                    
00000150  CRCDI                   
00000152  CRCDIRB                 
00000153  CRCDIRB_H               
00000152  CRCDIRB_L               
00000151  CRCDI_H                 
00000150  CRCDI_L                 
00000154  CRCINIRES               
00000155  CRCINIRES_H             
00000154  CRCINIRES_L             
00000156  CRCRESR                 
00000157  CRCRESR_H               
00000156  CRCRESR_L               
00000786  DAC12_0CALCTL           
00000788  DAC12_0CALDAT           
00000780  DAC12_0CTL0             
00000782  DAC12_0CTL1             
00000784  DAC12_0DAT              
00000796  DAC12_1CALCTL           
00000798  DAC12_1CALDAT           
00000790  DAC12_1CTL0             
00000792  DAC12_1CTL1             
00000794  DAC12_1DAT              
0000079e  DAC12_IV                
00000510  DMA0CTL                 
00000511  DMA0CTL_H               
00000510  DMA0CTL_L               
00000516  DMA0DA                  
00000518  DMA0DAH                 
00000516  DMA0DAL                 
00000512  DMA0SA                  
00000514  DMA0SAH                 
00000512  DMA0SAL                 
0000051a  DMA0SZ                  
00000520  DMA1CTL                 
00000521  DMA1CTL_H               
00000520  DMA1CTL_L               
00000526  DMA1DA                  
00000528  DMA1DAH                 
00000526  DMA1DAL                 
00000522  DMA1SA                  
00000524  DMA1SAH                 
00000522  DMA1SAL                 
0000052a  DMA1SZ                  
00000530  DMA2CTL                 
00000531  DMA2CTL_H               
00000530  DMA2CTL_L               
00000536  DMA2DA                  
00000538  DMA2DAH                 
00000536  DMA2DAL                 
00000532  DMA2SA                  
00000534  DMA2SAH                 
00000532  DMA2SAL                 
0000053a  DMA2SZ                  
00000540  DMA3CTL                 
00000541  DMA3CTL_H               
00000540  DMA3CTL_L               
00000546  DMA3DA                  
00000548  DMA3DAH                 
00000546  DMA3DAL                 
00000542  DMA3SA                  
00000544  DMA3SAH                 
00000542  DMA3SAL                 
0000054a  DMA3SZ                  
00000550  DMA4CTL                 
00000551  DMA4CTL_H               
00000550  DMA4CTL_L               
00000556  DMA4DA                  
00000558  DMA4DAH                 
00000556  DMA4DAL                 
00000552  DMA4SA                  
00000554  DMA4SAH                 
00000552  DMA4SAL                 
0000055a  DMA4SZ                  
00000560  DMA5CTL                 
00000561  DMA5CTL_H               
00000560  DMA5CTL_L               
00000566  DMA5DA                  
00000568  DMA5DAH                 
00000566  DMA5DAL                 
00000562  DMA5SA                  
00000564  DMA5SAH                 
00000562  DMA5SAL                 
0000056a  DMA5SZ                  
00000500  DMACTL0                 
00000501  DMACTL0_H               
00000500  DMACTL0_L               
00000502  DMACTL1                 
00000503  DMACTL1_H               
00000502  DMACTL1_L               
00000504  DMACTL2                 
00000505  DMACTL2_H               
00000504  DMACTL2_L               
00000506  DMACTL3                 
00000507  DMACTL3_H               
00000506  DMACTL3_L               
00000508  DMACTL4                 
00000509  DMACTL4_H               
00000508  DMACTL4_L               
0000050e  DMAIV                   
0000050f  DMAIV_H                 
0000050e  DMAIV_L                 
00012f98  DS2784Config            
000143a4  DS2784ReadRegister      
00000140  FCTL1                   
00000141  FCTL1_H                 
00000140  FCTL1_L                 
00000144  FCTL3                   
00000145  FCTL3_H                 
00000144  FCTL3_L                 
00000146  FCTL4                   
00000147  FCTL4_H                 
00000146  FCTL4_L                 
00000a04  LCDBBLKCTL              
00000a05  LCDBBLKCTL_H            
00000a04  LCDBBLKCTL_L            
00000a12  LCDBCPCTL               
00000a13  LCDBCPCTL_H             
00000a12  LCDBCPCTL_L             
00000a00  LCDBCTL0                
00000a01  LCDBCTL0_H              
00000a00  LCDBCTL0_L              
00000a02  LCDBCTL1                
00000a03  LCDBCTL1_H              
00000a02  LCDBCTL1_L              
00000a1e  LCDBIV                  
00000a40  LCDBM1                  
00000a49  LCDBM10                 
00000a4a  LCDBM11                 
00000a4b  LCDBM12                 
00000a4c  LCDBM13                 
00000a4d  LCDBM14                 
00000a4e  LCDBM15                 
00000a4f  LCDBM16                 
00000a50  LCDBM17                 
00000a51  LCDBM18                 
00000a52  LCDBM19                 
00000a41  LCDBM2                  
00000a53  LCDBM20                 
00000a54  LCDBM21                 
00000a55  LCDBM22                 
00000a56  LCDBM23                 
00000a57  LCDBM24                 
00000a42  LCDBM3                  
00000a43  LCDBM4                  
00000a44  LCDBM5                  
00000a45  LCDBM6                  
00000a46  LCDBM7                  
00000a47  LCDBM8                  
00000a48  LCDBM9                  
00000a06  LCDBMEMCTL              
00000a07  LCDBMEMCTL_H            
00000a06  LCDBMEMCTL_L            
00000a0a  LCDBPCTL0               
00000a0b  LCDBPCTL0_H             
00000a0a  LCDBPCTL0_L             
00000a0c  LCDBPCTL1               
00000a0d  LCDBPCTL1_H             
00000a0c  LCDBPCTL1_L             
00000a0e  LCDBPCTL2               
00000a0f  LCDBPCTL2_H             
00000a0e  LCDBPCTL2_L             
00000a10  LCDBPCTL3               
00000a11  LCDBPCTL3_H             
00000a10  LCDBPCTL3_L             
00000a08  LCDBVCTL                
00000a09  LCDBVCTL_H              
00000a08  LCDBVCTL_L              
00000a20  LCDM1                   
00000a29  LCDM10                  
00000a2a  LCDM11                  
00000a2b  LCDM12                  
00000a2c  LCDM13                  
00000a2d  LCDM14                  
00000a2e  LCDM15                  
00000a2f  LCDM16                  
00000a30  LCDM17                  
00000a31  LCDM18                  
00000a32  LCDM19                  
00000a21  LCDM2                   
00000a33  LCDM20                  
00000a34  LCDM21                  
00000a35  LCDM22                  
00000a36  LCDM23                  
00000a37  LCDM24                  
00000a22  LCDM3                   
00000a23  LCDM4                   
00000a24  LCDM5                   
00000a25  LCDM6                   
00000a26  LCDM7                   
00000a27  LCDM8                   
00000a28  LCDM9                   
000004c4  MAC                     
000004da  MAC32H                  
000004db  MAC32H_H                
000004da  MAC32H_L                
000004d8  MAC32L                  
000004d9  MAC32L_H                
000004d8  MAC32L_L                
000004c6  MACS                    
000004de  MACS32H                 
000004df  MACS32H_H               
000004de  MACS32H_L               
000004dc  MACS32L                 
000004dd  MACS32L_H               
000004dc  MACS32L_L               
000004c7  MACS_H                  
000004c6  MACS_L                  
000004c5  MAC_H                   
000004c4  MAC_L                   
000004c0  MPY                     
000004ec  MPY32CTL0               
000004ed  MPY32CTL0_H             
000004ec  MPY32CTL0_L             
000004d2  MPY32H                  
000004d3  MPY32H_H                
000004d2  MPY32H_L                
000004d0  MPY32L                  
000004d1  MPY32L_H                
000004d0  MPY32L_L                
000004c2  MPYS                    
000004d6  MPYS32H                 
000004d7  MPYS32H_H               
000004d6  MPYS32H_L               
000004d4  MPYS32L                 
000004d5  MPYS32L_H               
000004d4  MPYS32L_L               
000004c3  MPYS_H                  
000004c2  MPYS_L                  
000004c1  MPY_H                   
000004c0  MPY_L                   
00013f4a  MSP430config            
000004c8  OP2                     
000004e2  OP2H                    
000004e3  OP2H_H                  
000004e2  OP2H_L                  
000004e0  OP2L                    
000004e1  OP2L_H                  
000004e0  OP2L_L                  
000004c9  OP2_H                   
000004c8  OP2_L                   
000143c6  OWReadByte              
00014446  OWWriteByte             
00014168  OneWireReadBit          
00013f96  OneWireReset            
00013ea6  OneWireWrite            
0000020e  P1IV                    
0000021e  P2IV                    
000001d0  P2MAP01                 
000001d1  P2MAP01_H               
000001d0  P2MAP01_L               
000001d2  P2MAP23                 
000001d3  P2MAP23_H               
000001d2  P2MAP23_L               
000001d4  P2MAP45                 
000001d5  P2MAP45_H               
000001d4  P2MAP45_L               
000001d6  P2MAP67                 
000001d7  P2MAP67_H               
000001d6  P2MAP67_L               
0000022e  P3IV                    
0000023e  P4IV                    
00000204  PADIR                   
00000205  PADIR_H                 
00000204  PADIR_L                 
00000208  PADS                    
00000209  PADS_H                  
00000208  PADS_L                  
0000021a  PAIE                    
00000218  PAIES                   
00000219  PAIES_H                 
00000218  PAIES_L                 
0000021b  PAIE_H                  
0000021a  PAIE_L                  
0000021c  PAIFG                   
0000021d  PAIFG_H                 
0000021c  PAIFG_L                 
00000200  PAIN                    
00000201  PAIN_H                  
00000200  PAIN_L                  
00000202  PAOUT                   
00000203  PAOUT_H                 
00000202  PAOUT_L                 
00000206  PAREN                   
00000207  PAREN_H                 
00000206  PAREN_L                 
0000020a  PASEL                   
0000020b  PASEL_H                 
0000020a  PASEL_L                 
00000224  PBDIR                   
00000225  PBDIR_H                 
00000224  PBDIR_L                 
00000228  PBDS                    
00000229  PBDS_H                  
00000228  PBDS_L                  
0000023a  PBIE                    
00000238  PBIES                   
00000239  PBIES_H                 
00000238  PBIES_L                 
0000023b  PBIE_H                  
0000023a  PBIE_L                  
0000023c  PBIFG                   
0000023d  PBIFG_H                 
0000023c  PBIFG_L                 
00000220  PBIN                    
00000221  PBIN_H                  
00000220  PBIN_L                  
00000222  PBOUT                   
00000223  PBOUT_H                 
00000222  PBOUT_L                 
00000226  PBREN                   
00000227  PBREN_H                 
00000226  PBREN_L                 
0000022a  PBSEL                   
0000022b  PBSEL_H                 
0000022a  PBSEL_L                 
00000244  PCDIR                   
00000245  PCDIR_H                 
00000244  PCDIR_L                 
00000248  PCDS                    
00000249  PCDS_H                  
00000248  PCDS_L                  
00000240  PCIN                    
00000241  PCIN_H                  
00000240  PCIN_L                  
00000242  PCOUT                   
00000243  PCOUT_H                 
00000242  PCOUT_L                 
00000246  PCREN                   
00000247  PCREN_H                 
00000246  PCREN_L                 
0000024a  PCSEL                   
0000024b  PCSEL_H                 
0000024a  PCSEL_L                 
00000264  PDDIR                   
00000265  PDDIR_H                 
00000264  PDDIR_L                 
00000268  PDDS                    
00000269  PDDS_H                  
00000268  PDDS_L                  
00000260  PDIN                    
00000261  PDIN_H                  
00000260  PDIN_L                  
00000262  PDOUT                   
00000263  PDOUT_H                 
00000262  PDOUT_L                 
00000266  PDREN                   
00000267  PDREN_H                 
00000266  PDREN_L                 
0000026a  PDSEL                   
0000026b  PDSEL_H                 
0000026a  PDSEL_L                 
00000284  PEDIR                   
00000285  PEDIR_H                 
00000284  PEDIR_L                 
00000288  PEDS                    
00000289  PEDS_H                  
00000288  PEDS_L                  
00000280  PEIN                    
00000281  PEIN_H                  
00000280  PEIN_L                  
00000282  PEOUT                   
00000283  PEOUT_H                 
00000282  PEOUT_L                 
00000286  PEREN                   
00000287  PEREN_H                 
00000286  PEREN_L                 
0000028a  PESEL                   
0000028b  PESEL_H                 
0000028a  PESEL_L                 
00000324  PJDIR                   
00000325  PJDIR_H                 
00000324  PJDIR_L                 
00000328  PJDS                    
00000329  PJDS_H                  
00000328  PJDS_L                  
00000320  PJIN                    
00000321  PJIN_H                  
00000320  PJIN_L                  
00000322  PJOUT                   
00000323  PJOUT_H                 
00000322  PJOUT_L                 
00000326  PJREN                   
00000327  PJREN_H                 
00000326  PJREN_L                 
00000130  PM5CTL0                 
00000131  PM5CTL0_H               
00000130  PM5CTL0_L               
000001c2  PMAPCTL                 
000001c3  PMAPCTL_H               
000001c2  PMAPCTL_L               
000001c0  PMAPKEYID               
000001c1  PMAPKEYID_H             
000001c0  PMAPKEYID_L             
00000120  PMMCTL0                 
00000121  PMMCTL0_H               
00000120  PMMCTL0_L               
00000122  PMMCTL1                 
00000123  PMMCTL1_H               
00000122  PMMCTL1_L               
0000012c  PMMIFG                  
0000012d  PMMIFG_H                
0000012c  PMMIFG_L                
0000012e  PMMRIE                  
0000012f  PMMRIE_H                
0000012e  PMMRIE_L                
00000158  RCCTL0                  
00000159  RCCTL0_H                
00000158  RCCTL0_L                
000001b0  REFCTL0                 
000001b1  REFCTL0_H               
000001b0  REFCTL0_L               
000004e4  RES0                    
000004e5  RES0_H                  
000004e4  RES0_L                  
000004e6  RES1                    
000004e7  RES1_H                  
000004e6  RES1_L                  
000004e8  RES2                    
000004e9  RES2_H                  
000004e8  RES2_L                  
000004ea  RES3                    
000004eb  RES3_H                  
000004ea  RES3_L                  
000004cc  RESHI                   
000004cd  RESHI_H                 
000004cc  RESHI_L                 
000004ca  RESLO                   
000004cb  RESLO_H                 
000004ca  RESLO_L                 
000004ba  RTCADOWDAY              
000004bb  RTCADOWDAY_H            
000004ba  RTCADOWDAY_L            
000004b8  RTCAMINHR               
000004b9  RTCAMINHR_H             
000004b8  RTCAMINHR_L             
000004a0  RTCCTL01                
000004a1  RTCCTL01_H              
000004a0  RTCCTL01_L              
000004a2  RTCCTL23                
000004a3  RTCCTL23_H              
000004a2  RTCCTL23_L              
000004b4  RTCDATE                 
000004b5  RTCDATE_H               
000004b4  RTCDATE_L               
000004ae  RTCIV                   
000004ac  RTCPS                   
000004a8  RTCPS0CTL               
000004a9  RTCPS0CTL_H             
000004a8  RTCPS0CTL_L             
000004aa  RTCPS1CTL               
000004ab  RTCPS1CTL_H             
000004aa  RTCPS1CTL_L             
000004ad  RTCPS_H                 
000004ac  RTCPS_L                 
000004b0  RTCTIM0                 
000004b1  RTCTIM0_H               
000004b0  RTCTIM0_L               
000004b2  RTCTIM1                 
000004b3  RTCTIM1_H               
000004b2  RTCTIM1_L               
000004b6  RTCYEAR                 
000004b7  RTCYEAR_H               
000004b6  RTCYEAR_L               
00000100  SFRIE1                  
00000101  SFRIE1_H                
00000100  SFRIE1_L                
00000102  SFRIFG1                 
00000103  SFRIFG1_H               
00000102  SFRIFG1_L               
00000104  SFRRPCR                 
00000105  SFRRPCR_H               
00000104  SFRRPCR_L               
000004ce  SUMEXT                  
000004cf  SUMEXT_H                
000004ce  SUMEXT_L                
00000124  SVSMHCTL                
00000125  SVSMHCTL_H              
00000124  SVSMHCTL_L              
00000128  SVSMIO                  
00000129  SVSMIO_H                
00000128  SVSMIO_L                
00000126  SVSMLCTL                
00000127  SVSMLCTL_H              
00000126  SVSMLCTL_L              
00000198  SYSBERRIV               
00000199  SYSBERRIV_H             
00000198  SYSBERRIV_L             
00000182  SYSBSLC                 
00000183  SYSBSLC_H               
00000182  SYSBSLC_L               
00000180  SYSCTL                  
00000181  SYSCTL_H                
00000180  SYSCTL_L                
00000186  SYSJMBC                 
00000187  SYSJMBC_H               
00000186  SYSJMBC_L               
00000188  SYSJMBI0                
00000189  SYSJMBI0_H              
00000188  SYSJMBI0_L              
0000018a  SYSJMBI1                
0000018b  SYSJMBI1_H              
0000018a  SYSJMBI1_L              
0000018c  SYSJMBO0                
0000018d  SYSJMBO0_H              
0000018c  SYSJMBO0_L              
0000018e  SYSJMBO1                
0000018f  SYSJMBO1_H              
0000018e  SYSJMBO1_L              
0000019e  SYSRSTIV                
0000019f  SYSRSTIV_H              
0000019e  SYSRSTIV_L              
0000019c  SYSSNIV                 
0000019d  SYSSNIV_H               
0000019c  SYSSNIV_L               
0000019a  SYSUNIV                 
0000019b  SYSUNIV_H               
0000019a  SYSUNIV_L               
00000352  TA0CCR0                 
00000354  TA0CCR1                 
00000356  TA0CCR2                 
00000358  TA0CCR3                 
0000035a  TA0CCR4                 
00000342  TA0CCTL0                
00000344  TA0CCTL1                
00000346  TA0CCTL2                
00000348  TA0CCTL3                
0000034a  TA0CCTL4                
00000340  TA0CTL                  
00000360  TA0EX0                  
0000036e  TA0IV                   
00000350  TA0R                    
00000392  TA1CCR0                 
00000394  TA1CCR1                 
00000396  TA1CCR2                 
00000382  TA1CCTL0                
00000384  TA1CCTL1                
00000386  TA1CCTL2                
00000380  TA1CTL                  
000003a0  TA1EX0                  
000003ae  TA1IV                   
00000390  TA1R                    
00000412  TA2CCR0                 
00000414  TA2CCR1                 
00000416  TA2CCR2                 
00000402  TA2CCTL0                
00000404  TA2CCTL1                
00000406  TA2CCTL2                
00000400  TA2CTL                  
00000420  TA2EX0                  
0000042e  TA2IV                   
00000410  TA2R                    
000003d2  TB0CCR0                 
000003d4  TB0CCR1                 
000003d6  TB0CCR2                 
000003d8  TB0CCR3                 
000003da  TB0CCR4                 
000003dc  TB0CCR5                 
000003de  TB0CCR6                 
000003c2  TB0CCTL0                
000003c4  TB0CCTL1                
000003c6  TB0CCTL2                
000003c8  TB0CCTL3                
000003ca  TB0CCTL4                
000003cc  TB0CCTL5                
000003ce  TB0CCTL6                
000003c0  TB0CTL                  
000003e0  TB0EX0                  
000003ee  TB0IV                   
000003d0  TB0R                    
000005d0  UCA0ABCTL               
000005c6  UCA0BRW                 
000005c7  UCA0BRW_H               
000005c6  UCA0BRW_L               
000005c0  UCA0CTLW0               
000005c1  UCA0CTLW0_H             
000005c0  UCA0CTLW0_L             
000005dc  UCA0ICTL                
000005dd  UCA0ICTL_H              
000005dc  UCA0ICTL_L              
000005d2  UCA0IRCTL               
000005d3  UCA0IRCTL_H             
000005d2  UCA0IRCTL_L             
000005de  UCA0IV                  
000005c8  UCA0MCTL                
000005cc  UCA0RXBUF               
000005ca  UCA0STAT                
000005ce  UCA0TXBUF               
00000610  UCA1ABCTL               
00000606  UCA1BRW                 
00000607  UCA1BRW_H               
00000606  UCA1BRW_L               
00000600  UCA1CTLW0               
00000601  UCA1CTLW0_H             
00000600  UCA1CTLW0_L             
0000061c  UCA1ICTL                
0000061d  UCA1ICTL_H              
0000061c  UCA1ICTL_L              
00000612  UCA1IRCTL               
00000613  UCA1IRCTL_H             
00000612  UCA1IRCTL_L             
0000061e  UCA1IV                  
00000608  UCA1MCTL                
0000060c  UCA1RXBUF               
0000060a  UCA1STAT                
0000060e  UCA1TXBUF               
00000650  UCA2ABCTL               
00000646  UCA2BRW                 
00000647  UCA2BRW_H               
00000646  UCA2BRW_L               
00000640  UCA2CTLW0               
00000641  UCA2CTLW0_H             
00000640  UCA2CTLW0_L             
0000065c  UCA2ICTL                
0000065d  UCA2ICTL_H              
0000065c  UCA2ICTL_L              
00000652  UCA2IRCTL               
00000653  UCA2IRCTL_H             
00000652  UCA2IRCTL_L             
0000065e  UCA2IV                  
00000648  UCA2MCTL                
0000064c  UCA2RXBUF               
0000064a  UCA2STAT                
0000064e  UCA2TXBUF               
000005e6  UCB0BRW                 
000005e7  UCB0BRW_H               
000005e6  UCB0BRW_L               
000005e0  UCB0CTLW0               
000005e1  UCB0CTLW0_H             
000005e0  UCB0CTLW0_L             
000005f0  UCB0I2COA               
000005f1  UCB0I2COA_H             
000005f0  UCB0I2COA_L             
000005f2  UCB0I2CSA               
000005f3  UCB0I2CSA_H             
000005f2  UCB0I2CSA_L             
000005fc  UCB0ICTL                
000005fd  UCB0ICTL_H              
000005fc  UCB0ICTL_L              
000005fe  UCB0IV                  
000005ec  UCB0RXBUF               
000005ea  UCB0STAT                
000005ee  UCB0TXBUF               
00000626  UCB1BRW                 
00000627  UCB1BRW_H               
00000626  UCB1BRW_L               
00000620  UCB1CTLW0               
00000621  UCB1CTLW0_H             
00000620  UCB1CTLW0_L             
00000630  UCB1I2COA               
00000631  UCB1I2COA_H             
00000630  UCB1I2COA_L             
00000632  UCB1I2CSA               
00000633  UCB1I2CSA_H             
00000632  UCB1I2CSA_L             
0000063c  UCB1ICTL                
0000063d  UCB1ICTL_H              
0000063c  UCB1ICTL_L              
0000063e  UCB1IV                  
0000062c  UCB1RXBUF               
0000062a  UCB1STAT                
0000062e  UCB1TXBUF               
00000666  UCB2BRW                 
00000667  UCB2BRW_H               
00000666  UCB2BRW_L               
00000660  UCB2CTLW0               
00000661  UCB2CTLW0_H             
00000660  UCB2CTLW0_L             
00000670  UCB2I2COA               
00000671  UCB2I2COA_H             
00000670  UCB2I2COA_L             
00000672  UCB2I2CSA               
00000673  UCB2I2CSA_H             
00000672  UCB2I2CSA_L             
0000067c  UCB2ICTL                
0000067d  UCB2ICTL_H              
0000067c  UCB2ICTL_L              
0000067e  UCB2IV                  
0000066c  UCB2RXBUF               
0000066a  UCB2STAT                
0000066e  UCB2TXBUF               
00000160  UCSCTL0                 
00000161  UCSCTL0_H               
00000160  UCSCTL0_L               
00000162  UCSCTL1                 
00000163  UCSCTL1_H               
00000162  UCSCTL1_L               
00000164  UCSCTL2                 
00000165  UCSCTL2_H               
00000164  UCSCTL2_L               
00000166  UCSCTL3                 
00000167  UCSCTL3_H               
00000166  UCSCTL3_L               
00000168  UCSCTL4                 
00000169  UCSCTL4_H               
00000168  UCSCTL4_L               
0000016a  UCSCTL5                 
0000016b  UCSCTL5_H               
0000016a  UCSCTL5_L               
0000016c  UCSCTL6                 
0000016d  UCSCTL6_H               
0000016c  UCSCTL6_L               
0000016e  UCSCTL7                 
0000016f  UCSCTL7_H               
0000016e  UCSCTL7_L               
00000170  UCSCTL8                 
00000171  UCSCTL8_H               
00000170  UCSCTL8_L               
00000902  USBCNF                  
00000903  USBCNF_H                
00000902  USBCNF_L                
0000093c  USBCTL                  
0000093a  USBFN                   
0000093b  USBFN_H                 
0000093a  USBFN_L                 
0000093f  USBFUNADR               
0000093d  USBIE                   
00002378  USBIEP0BUF              
000023c9  USBIEPBBAX_1            
000023d1  USBIEPBBAX_2            
000023d9  USBIEPBBAX_3            
000023e1  USBIEPBBAX_4            
000023e9  USBIEPBBAX_5            
000023f1  USBIEPBBAX_6            
000023f9  USBIEPBBAX_7            
000023cd  USBIEPBBAY_1            
000023d5  USBIEPBBAY_2            
000023dd  USBIEPBBAY_3            
000023e5  USBIEPBBAY_4            
000023ed  USBIEPBBAY_5            
000023f5  USBIEPBBAY_6            
000023fd  USBIEPBBAY_7            
000023ca  USBIEPBCTX_1            
000023d2  USBIEPBCTX_2            
000023da  USBIEPBCTX_3            
000023e2  USBIEPBCTX_4            
000023ea  USBIEPBCTX_5            
000023f2  USBIEPBCTX_6            
000023fa  USBIEPBCTX_7            
000023ce  USBIEPBCTY_1            
000023d6  USBIEPBCTY_2            
000023de  USBIEPBCTY_3            
000023e6  USBIEPBCTY_4            
000023ee  USBIEPBCTY_5            
000023f6  USBIEPBCTY_6            
000023fe  USBIEPBCTY_7            
00000920  USBIEPCNF_0             
000023c8  USBIEPCNF_1             
000023d0  USBIEPCNF_2             
000023d8  USBIEPCNF_3             
000023e0  USBIEPCNF_4             
000023e8  USBIEPCNF_5             
000023f0  USBIEPCNF_6             
000023f8  USBIEPCNF_7             
00000921  USBIEPCNT_0             
0000092e  USBIEPIE                
00000930  USBIEPIFG               
000023cf  USBIEPSIZXY_1           
000023d7  USBIEPSIZXY_2           
000023df  USBIEPSIZXY_3           
000023e7  USBIEPSIZXY_4           
000023ef  USBIEPSIZXY_5           
000023f7  USBIEPSIZXY_6           
000023ff  USBIEPSIZXY_7           
0000093e  USBIFG                  
00000900  USBKEYID                
00000901  USBKEYID_H              
00000900  USBKEYID_L              
00000936  USBMAINT                
00000937  USBMAINT_H              
00000936  USBMAINT_L              
00002370  USBOEP0BUF              
00002389  USBOEPBBAX_1            
00002391  USBOEPBBAX_2            
00002399  USBOEPBBAX_3            
000023a1  USBOEPBBAX_4            
000023a9  USBOEPBBAX_5            
000023b1  USBOEPBBAX_6            
000023b9  USBOEPBBAX_7            
0000238d  USBOEPBBAY_1            
00002395  USBOEPBBAY_2            
0000239d  USBOEPBBAY_3            
000023a5  USBOEPBBAY_4            
000023ad  USBOEPBBAY_5            
000023b5  USBOEPBBAY_6            
000023bd  USBOEPBBAY_7            
0000238a  USBOEPBCTX_1            
00002392  USBOEPBCTX_2            
0000239a  USBOEPBCTX_3            
000023a2  USBOEPBCTX_4            
000023aa  USBOEPBCTX_5            
000023b2  USBOEPBCTX_6            
000023ba  USBOEPBCTX_7            
0000238e  USBOEPBCTY_1            
00002396  USBOEPBCTY_2            
0000239e  USBOEPBCTY_3            
000023a6  USBOEPBCTY_4            
000023ae  USBOEPBCTY_5            
000023b6  USBOEPBCTY_6            
000023be  USBOEPBCTY_7            
00000922  USBOEPCNF_0             
00002388  USBOEPCNF_1             
00002390  USBOEPCNF_2             
00002398  USBOEPCNF_3             
000023a0  USBOEPCNF_4             
000023a8  USBOEPCNF_5             
000023b0  USBOEPCNF_6             
000023b8  USBOEPCNF_7             
00000923  USBOEPCNT_0             
0000092f  USBOEPIE                
00000931  USBOEPIFG               
0000238f  USBOEPSIZXY_1           
00002397  USBOEPSIZXY_2           
0000239f  USBOEPSIZXY_3           
000023a7  USBOEPSIZXY_4           
000023af  USBOEPSIZXY_5           
000023b7  USBOEPSIZXY_6           
000023bf  USBOEPSIZXY_7           
00000904  USBPHYCTL               
00000905  USBPHYCTL_H             
00000904  USBPHYCTL_L             
00000910  USBPLLCTL               
00000911  USBPLLCTL_H             
00000910  USBPLLCTL_L             
00000912  USBPLLDIVB              
00000913  USBPLLDIVB_H            
00000912  USBPLLDIVB_L            
00000914  USBPLLIR                
00000915  USBPLLIR_H              
00000914  USBPLLIR_L              
00000908  USBPWRCTL               
00000909  USBPWRCTL_H             
00000908  USBPWRCTL_L             
00001c00  USBSTABUFF              
00002380  USBSUBLK                
0000236f  USBTOPBUFF              
00000938  USBTSREG                
00000939  USBTSREG_H              
00000938  USBTSREG_L              
00000932  USBVECINT               
00000933  USBVECINT_H             
00000932  USBVECINT_L             
0000015c  WDTCTL                  
0000015d  WDTCTL_H                
0000015c  WDTCTL_L                
00006400  __STACK_END             
000000a0  __STACK_SIZE            
UNDEFED   __TI_BINIT_Base         
UNDEFED   __TI_BINIT_Limit        
0000816c  __TI_CINIT_Base         
00008174  __TI_CINIT_Limit        
0000815c  __TI_Handler_Table_Base 
00008164  __TI_Handler_Table_Limit
UNDEFED   __TI_INITARRAY_Base     
UNDEFED   __TI_INITARRAY_Limit    
0000801a  __TI_ISR_TRAP           
00013c42  __TI_decompress_lzss    
0001452e  __TI_decompress_none    
00011a7e  __TI_frcaddd            
00010646  __TI_frcdivd            
000110da  __TI_frcmpyd            
0000ffc6  __TI_int35              
0000ffc8  __TI_int36              
0000ffca  __TI_int37              
0000ffcc  __TI_int38              
0000ffce  __TI_int39              
0000ffd0  __TI_int40              
0000ffd2  __TI_int41              
0000ffd4  __TI_int42              
0000ffd6  __TI_int43              
0000ffd8  __TI_int44              
0000ffda  __TI_int45              
0000ffdc  __TI_int46              
0000ffde  __TI_int47              
0000ffe0  __TI_int48              
0000ffe2  __TI_int49              
0000ffe4  __TI_int50              
0000ffe6  __TI_int51              
0000ffe8  __TI_int52              
0000ffea  __TI_int53              
0000ffec  __TI_int54              
0000ffee  __TI_int55              
0000fff0  __TI_int56              
0000fff2  __TI_int57              
0000fff4  __TI_int58              
0000fff6  __TI_int59              
0000fff8  __TI_int60              
0000fffa  __TI_int61              
0000fffc  __TI_int62              
ffffffff  __TI_pprof_out_hndl     
00011cc6  __TI_printfi            
ffffffff  __TI_prof_data_size     
ffffffff  __TI_prof_data_start    
00013504  __TI_renormd            
ffffffff  __c_args__              
00010dfa  __mspabi_addd           
000132a4  __mspabi_cmpd           
00013fe0  __mspabi_cmpf           
000138c0  __mspabi_cvtdf          
00013cba  __mspabi_cvtfd          
00012122  __mspabi_divd           
0001406e  __mspabi_divli          
000144c6  __mspabi_divu           
00013e4e  __mspabi_divul          
00010aac  __mspabi_divull         
0001430c  __mspabi_fixdi          
00013d20  __mspabi_fixdli         
00014590  __mspabi_fltid          
00014218  __mspabi_fltif          
00013702  __mspabi_fltlid         
000145ba  __mspabi_fltud          
0001435c  __mspabi_fltuf          
00013a50  __mspabi_fltuld         
0001135a  __mspabi_mpyd           
0001344c  __mspabi_mpyf           
00014498  __mspabi_mpyi_f5hw      
00014380  __mspabi_mpyl_f5hw      
000142b0  __mspabi_negd           
000145a6  __mspabi_negf           
0001406e  __mspabi_remli          
000144c6  __mspabi_remu           
00013e4e  __mspabi_remul          
000145b0  __mspabi_slli           
00014562  __mspabi_slll           
00014124  __mspabi_slll_1         
00014100  __mspabi_slll_10        
000140fc  __mspabi_slll_11        
000140f8  __mspabi_slll_12        
000140f4  __mspabi_slll_13        
000140f0  __mspabi_slll_14        
000140ec  __mspabi_slll_15        
00014120  __mspabi_slll_2         
0001411c  __mspabi_slll_3         
00014118  __mspabi_slll_4         
00014114  __mspabi_slll_5         
00014110  __mspabi_slll_6         
0001410c  __mspabi_slll_7         
00014108  __mspabi_slll_8         
00014104  __mspabi_slll_9         
000141a4  __mspabi_sllll          
00014552  __mspabi_sral           
000140e6  __mspabi_sral_1         
000140c2  __mspabi_sral_10        
000140be  __mspabi_sral_11        
000140ba  __mspabi_sral_12        
000140b6  __mspabi_sral_13        
000140b2  __mspabi_sral_14        
000140ae  __mspabi_sral_15        
000140e2  __mspabi_sral_2         
000140de  __mspabi_sral_3         
000140da  __mspabi_sral_4         
000140d6  __mspabi_sral_5         
000140d2  __mspabi_sral_6         
000140ce  __mspabi_sral_7         
000140ca  __mspabi_sral_8         
000140c6  __mspabi_sral_9         
00014572  __mspabi_srll           
00014162  __mspabi_srll_1         
0001413e  __mspabi_srll_10        
0001413a  __mspabi_srll_11        
00014136  __mspabi_srll_12        
00014132  __mspabi_srll_13        
0001412e  __mspabi_srll_14        
0001412a  __mspabi_srll_15        
0001415e  __mspabi_srll_2         
0001415a  __mspabi_srll_3         
00014156  __mspabi_srll_4         
00014152  __mspabi_srll_5         
0001414e  __mspabi_srll_6         
0001414a  __mspabi_srll_7         
00014146  __mspabi_srll_8         
00014142  __mspabi_srll_9         
000141de  __mspabi_srlll          
0001424e  __mspabi_subd           
0001394c  _auto_init_hold_wdt     
00008000  _c_int00_noargs_noexit  
00008022  _ctypes_                
0000fffe  _reset_vector           
00006360  _stack                  
000145ca  _system_post_cinit      
000145c6  _system_pre_init        
000145c0  abort                   
0001459c  abs                     
000139ce  adcConfig               
0001337c  adcRead                 
00013dec  atoi                    
00014280  clockConfig             
00013d86  copy_in                 
000142de  copysign                
000142de  copysignl               
00002400  errno                   
0001365c  frexp                   
0001365c  frexpl                  
0001447e  inp                     
00012896  ldexp                   
00012896  ldexpl                  
00013ad0  ltoa                    
00010000  main                    
00014428  memccpy                 
00014506  memcpy                  
000144b0  memset                  
0001451a  outp                    
00012896  scalbn                  
00012896  scalbnl                 
0001402a  sprintf                 
00014462  strchr                  
00014582  strlen                  
000144dc  timerConfig             
00014540  toupper                 
00014334  uartConfig              
00014408  uartTX                  
00013b50  uartTXFloat             


GLOBAL SYMBOLS: SORTED BY Symbol Address 

address   name                    
-------   ----                    
000000a0  __STACK_SIZE            
00000100  SFRIE1                  
00000100  SFRIE1_L                
00000101  SFRIE1_H                
00000102  SFRIFG1                 
00000102  SFRIFG1_L               
00000103  SFRIFG1_H               
00000104  SFRRPCR                 
00000104  SFRRPCR_L               
00000105  SFRRPCR_H               
00000120  PMMCTL0                 
00000120  PMMCTL0_L               
00000121  PMMCTL0_H               
00000122  PMMCTL1                 
00000122  PMMCTL1_L               
00000123  PMMCTL1_H               
00000124  SVSMHCTL                
00000124  SVSMHCTL_L              
00000125  SVSMHCTL_H              
00000126  SVSMLCTL                
00000126  SVSMLCTL_L              
00000127  SVSMLCTL_H              
00000128  SVSMIO                  
00000128  SVSMIO_L                
00000129  SVSMIO_H                
0000012c  PMMIFG                  
0000012c  PMMIFG_L                
0000012d  PMMIFG_H                
0000012e  PMMRIE                  
0000012e  PMMRIE_L                
0000012f  PMMRIE_H                
00000130  PM5CTL0                 
00000130  PM5CTL0_L               
00000131  PM5CTL0_H               
00000140  FCTL1                   
00000140  FCTL1_L                 
00000141  FCTL1_H                 
00000144  FCTL3                   
00000144  FCTL3_L                 
00000145  FCTL3_H                 
00000146  FCTL4                   
00000146  FCTL4_L                 
00000147  FCTL4_H                 
00000150  CRCDI                   
00000150  CRCDI_L                 
00000151  CRCDI_H                 
00000152  CRCDIRB                 
00000152  CRCDIRB_L               
00000153  CRCDIRB_H               
00000154  CRCINIRES               
00000154  CRCINIRES_L             
00000155  CRCINIRES_H             
00000156  CRCRESR                 
00000156  CRCRESR_L               
00000157  CRCRESR_H               
00000158  RCCTL0                  
00000158  RCCTL0_L                
00000159  RCCTL0_H                
0000015c  WDTCTL                  
0000015c  WDTCTL_L                
0000015d  WDTCTL_H                
00000160  UCSCTL0                 
00000160  UCSCTL0_L               
00000161  UCSCTL0_H               
00000162  UCSCTL1                 
00000162  UCSCTL1_L               
00000163  UCSCTL1_H               
00000164  UCSCTL2                 
00000164  UCSCTL2_L               
00000165  UCSCTL2_H               
00000166  UCSCTL3                 
00000166  UCSCTL3_L               
00000167  UCSCTL3_H               
00000168  UCSCTL4                 
00000168  UCSCTL4_L               
00000169  UCSCTL4_H               
0000016a  UCSCTL5                 
0000016a  UCSCTL5_L               
0000016b  UCSCTL5_H               
0000016c  UCSCTL6                 
0000016c  UCSCTL6_L               
0000016d  UCSCTL6_H               
0000016e  UCSCTL7                 
0000016e  UCSCTL7_L               
0000016f  UCSCTL7_H               
00000170  UCSCTL8                 
00000170  UCSCTL8_L               
00000171  UCSCTL8_H               
00000180  SYSCTL                  
00000180  SYSCTL_L                
00000181  SYSCTL_H                
00000182  SYSBSLC                 
00000182  SYSBSLC_L               
00000183  SYSBSLC_H               
00000186  SYSJMBC                 
00000186  SYSJMBC_L               
00000187  SYSJMBC_H               
00000188  SYSJMBI0                
00000188  SYSJMBI0_L              
00000189  SYSJMBI0_H              
0000018a  SYSJMBI1                
0000018a  SYSJMBI1_L              
0000018b  SYSJMBI1_H              
0000018c  SYSJMBO0                
0000018c  SYSJMBO0_L              
0000018d  SYSJMBO0_H              
0000018e  SYSJMBO1                
0000018e  SYSJMBO1_L              
0000018f  SYSJMBO1_H              
00000198  SYSBERRIV               
00000198  SYSBERRIV_L             
00000199  SYSBERRIV_H             
0000019a  SYSUNIV                 
0000019a  SYSUNIV_L               
0000019b  SYSUNIV_H               
0000019c  SYSSNIV                 
0000019c  SYSSNIV_L               
0000019d  SYSSNIV_H               
0000019e  SYSRSTIV                
0000019e  SYSRSTIV_L              
0000019f  SYSRSTIV_H              
000001b0  REFCTL0                 
000001b0  REFCTL0_L               
000001b1  REFCTL0_H               
000001c0  PMAPKEYID               
000001c0  PMAPKEYID_L             
000001c1  PMAPKEYID_H             
000001c2  PMAPCTL                 
000001c2  PMAPCTL_L               
000001c3  PMAPCTL_H               
000001d0  P2MAP01                 
000001d0  P2MAP01_L               
000001d1  P2MAP01_H               
000001d2  P2MAP23                 
000001d2  P2MAP23_L               
000001d3  P2MAP23_H               
000001d4  P2MAP45                 
000001d4  P2MAP45_L               
000001d5  P2MAP45_H               
000001d6  P2MAP67                 
000001d6  P2MAP67_L               
000001d7  P2MAP67_H               
00000200  PAIN                    
00000200  PAIN_L                  
00000201  PAIN_H                  
00000202  PAOUT                   
00000202  PAOUT_L                 
00000203  PAOUT_H                 
00000204  PADIR                   
00000204  PADIR_L                 
00000205  PADIR_H                 
00000206  PAREN                   
00000206  PAREN_L                 
00000207  PAREN_H                 
00000208  PADS                    
00000208  PADS_L                  
00000209  PADS_H                  
0000020a  PASEL                   
0000020a  PASEL_L                 
0000020b  PASEL_H                 
0000020e  P1IV                    
00000218  PAIES                   
00000218  PAIES_L                 
00000219  PAIES_H                 
0000021a  PAIE                    
0000021a  PAIE_L                  
0000021b  PAIE_H                  
0000021c  PAIFG                   
0000021c  PAIFG_L                 
0000021d  PAIFG_H                 
0000021e  P2IV                    
00000220  PBIN                    
00000220  PBIN_L                  
00000221  PBIN_H                  
00000222  PBOUT                   
00000222  PBOUT_L                 
00000223  PBOUT_H                 
00000224  PBDIR                   
00000224  PBDIR_L                 
00000225  PBDIR_H                 
00000226  PBREN                   
00000226  PBREN_L                 
00000227  PBREN_H                 
00000228  PBDS                    
00000228  PBDS_L                  
00000229  PBDS_H                  
0000022a  PBSEL                   
0000022a  PBSEL_L                 
0000022b  PBSEL_H                 
0000022e  P3IV                    
00000238  PBIES                   
00000238  PBIES_L                 
00000239  PBIES_H                 
0000023a  PBIE                    
0000023a  PBIE_L                  
0000023b  PBIE_H                  
0000023c  PBIFG                   
0000023c  PBIFG_L                 
0000023d  PBIFG_H                 
0000023e  P4IV                    
00000240  PCIN                    
00000240  PCIN_L                  
00000241  PCIN_H                  
00000242  PCOUT                   
00000242  PCOUT_L                 
00000243  PCOUT_H                 
00000244  PCDIR                   
00000244  PCDIR_L                 
00000245  PCDIR_H                 
00000246  PCREN                   
00000246  PCREN_L                 
00000247  PCREN_H                 
00000248  PCDS                    
00000248  PCDS_L                  
00000249  PCDS_H                  
0000024a  PCSEL                   
0000024a  PCSEL_L                 
0000024b  PCSEL_H                 
00000260  PDIN                    
00000260  PDIN_L                  
00000261  PDIN_H                  
00000262  PDOUT                   
00000262  PDOUT_L                 
00000263  PDOUT_H                 
00000264  PDDIR                   
00000264  PDDIR_L                 
00000265  PDDIR_H                 
00000266  PDREN                   
00000266  PDREN_L                 
00000267  PDREN_H                 
00000268  PDDS                    
00000268  PDDS_L                  
00000269  PDDS_H                  
0000026a  PDSEL                   
0000026a  PDSEL_L                 
0000026b  PDSEL_H                 
00000280  PEIN                    
00000280  PEIN_L                  
00000281  PEIN_H                  
00000282  PEOUT                   
00000282  PEOUT_L                 
00000283  PEOUT_H                 
00000284  PEDIR                   
00000284  PEDIR_L                 
00000285  PEDIR_H                 
00000286  PEREN                   
00000286  PEREN_L                 
00000287  PEREN_H                 
00000288  PEDS                    
00000288  PEDS_L                  
00000289  PEDS_H                  
0000028a  PESEL                   
0000028a  PESEL_L                 
0000028b  PESEL_H                 
00000320  PJIN                    
00000320  PJIN_L                  
00000321  PJIN_H                  
00000322  PJOUT                   
00000322  PJOUT_L                 
00000323  PJOUT_H                 
00000324  PJDIR                   
00000324  PJDIR_L                 
00000325  PJDIR_H                 
00000326  PJREN                   
00000326  PJREN_L                 
00000327  PJREN_H                 
00000328  PJDS                    
00000328  PJDS_L                  
00000329  PJDS_H                  
00000340  TA0CTL                  
00000342  TA0CCTL0                
00000344  TA0CCTL1                
00000346  TA0CCTL2                
00000348  TA0CCTL3                
0000034a  TA0CCTL4                
00000350  TA0R                    
00000352  TA0CCR0                 
00000354  TA0CCR1                 
00000356  TA0CCR2                 
00000358  TA0CCR3                 
0000035a  TA0CCR4                 
00000360  TA0EX0                  
0000036e  TA0IV                   
00000380  TA1CTL                  
00000382  TA1CCTL0                
00000384  TA1CCTL1                
00000386  TA1CCTL2                
00000390  TA1R                    
00000392  TA1CCR0                 
00000394  TA1CCR1                 
00000396  TA1CCR2                 
000003a0  TA1EX0                  
000003ae  TA1IV                   
000003c0  TB0CTL                  
000003c2  TB0CCTL0                
000003c4  TB0CCTL1                
000003c6  TB0CCTL2                
000003c8  TB0CCTL3                
000003ca  TB0CCTL4                
000003cc  TB0CCTL5                
000003ce  TB0CCTL6                
000003d0  TB0R                    
000003d2  TB0CCR0                 
000003d4  TB0CCR1                 
000003d6  TB0CCR2                 
000003d8  TB0CCR3                 
000003da  TB0CCR4                 
000003dc  TB0CCR5                 
000003de  TB0CCR6                 
000003e0  TB0EX0                  
000003ee  TB0IV                   
00000400  TA2CTL                  
00000402  TA2CCTL0                
00000404  TA2CCTL1                
00000406  TA2CCTL2                
00000410  TA2R                    
00000412  TA2CCR0                 
00000414  TA2CCR1                 
00000416  TA2CCR2                 
00000420  TA2EX0                  
0000042e  TA2IV                   
00000480  BAKMEM0                 
00000480  BAKMEM0_L               
00000481  BAKMEM0_H               
00000482  BAKMEM1                 
00000482  BAKMEM1_L               
00000483  BAKMEM1_H               
00000484  BAKMEM2                 
00000484  BAKMEM2_L               
00000485  BAKMEM2_H               
00000486  BAKMEM3                 
00000486  BAKMEM3_L               
00000487  BAKMEM3_H               
0000049c  BAKCTL                  
0000049c  BAKCTL_L                
0000049d  BAKCTL_H                
0000049e  BAKCHCTL                
0000049e  BAKCHCTL_L              
0000049f  BAKCHCTL_H              
000004a0  RTCCTL01                
000004a0  RTCCTL01_L              
000004a1  RTCCTL01_H              
000004a2  RTCCTL23                
000004a2  RTCCTL23_L              
000004a3  RTCCTL23_H              
000004a8  RTCPS0CTL               
000004a8  RTCPS0CTL_L             
000004a9  RTCPS0CTL_H             
000004aa  RTCPS1CTL               
000004aa  RTCPS1CTL_L             
000004ab  RTCPS1CTL_H             
000004ac  RTCPS                   
000004ac  RTCPS_L                 
000004ad  RTCPS_H                 
000004ae  RTCIV                   
000004b0  RTCTIM0                 
000004b0  RTCTIM0_L               
000004b1  RTCTIM0_H               
000004b2  RTCTIM1                 
000004b2  RTCTIM1_L               
000004b3  RTCTIM1_H               
000004b4  RTCDATE                 
[...]
00000600  UCA1CTLW0_L             
00000601  UCA1CTLW0_H             
00000606  UCA1BRW                 
00000606  UCA1BRW_L               
00000607  UCA1BRW_H               
00000608  UCA1MCTL                
0000060a  UCA1STAT                
0000060c  UCA1RXBUF               
0000060e  UCA1TXBUF               
00000610  UCA1ABCTL               
00000612  UCA1IRCTL               
00000612  UCA1IRCTL_L             
00000613  UCA1IRCTL_H             
0000061c  UCA1ICTL                
0000061c  UCA1ICTL_L              
0000061d  UCA1ICTL_H              
0000061e  UCA1IV                  
00000620  UCB1CTLW0               
00000620  UCB1CTLW0_L             
00000621  UCB1CTLW0_H             
00000626  UCB1BRW                 
00000626  UCB1BRW_L               
00000627  UCB1BRW_H               
0000062a  UCB1STAT                
0000062c  UCB1RXBUF               
0000062e  UCB1TXBUF               
00000630  UCB1I2COA               
00000630  UCB1I2COA_L             
00000631  UCB1I2COA_H             
00000632  UCB1I2CSA               
00000632  UCB1I2CSA_L             
00000633  UCB1I2CSA_H             
0000063c  UCB1ICTL                
0000063c  UCB1ICTL_L              
0000063d  UCB1ICTL_H              
0000063e  UCB1IV                  
00000640  UCA2CTLW0               
00000640  UCA2CTLW0_L             
00000641  UCA2CTLW0_H             
00000646  UCA2BRW                 
00000646  UCA2BRW_L               
00000647  UCA2BRW_H               
00000648  UCA2MCTL                
0000064a  UCA2STAT                
0000064c  UCA2RXBUF               
0000064e  UCA2TXBUF               
00000650  UCA2ABCTL               
00000652  UCA2IRCTL               
00000652  UCA2IRCTL_L             
00000653  UCA2IRCTL_H             
0000065c  UCA2ICTL                
0000065c  UCA2ICTL_L              
0000065d  UCA2ICTL_H              
0000065e  UCA2IV                  
00000660  UCB2CTLW0               
00000660  UCB2CTLW0_L             
00000661  UCB2CTLW0_H             
00000666  UCB2BRW                 
00000666  UCB2BRW_L               
00000667  UCB2BRW_H               
0000066a  UCB2STAT                
0000066c  UCB2RXBUF               
0000066e  UCB2TXBUF               
00000670  UCB2I2COA               
00000670  UCB2I2COA_L             
00000671  UCB2I2COA_H             
00000672  UCB2I2CSA               
00000672  UCB2I2CSA_L             
00000673  UCB2I2CSA_H             
0000067c  UCB2ICTL                
0000067c  UCB2ICTL_L              
0000067d  UCB2ICTL_H              
0000067e  UCB2IV                  
00000700  ADC12CTL0               
00000700  ADC12CTL0_L             
00000701  ADC12CTL0_H             
00000702  ADC12CTL1               
00000702  ADC12CTL1_L             
00000703  ADC12CTL1_H             
00000704  ADC12CTL2               
00000704  ADC12CTL2_L             
00000705  ADC12CTL2_H             
0000070a  ADC12IFG                
0000070a  ADC12IFG_L              
0000070b  ADC12IFG_H              
0000070c  ADC12IE                 
0000070c  ADC12IE_L               
0000070d  ADC12IE_H               
0000070e  ADC12IV                 
0000070e  ADC12IV_L               
0000070f  ADC12IV_H               
00000710  ADC12MCTL0              
00000711  ADC12MCTL1              
00000712  ADC12MCTL2              
00000713  ADC12MCTL3              
00000714  ADC12MCTL4              
00000715  ADC12MCTL5              
00000716  ADC12MCTL6              
00000717  ADC12MCTL7              
00000718  ADC12MCTL8              
00000719  ADC12MCTL9              
0000071a  ADC12MCTL10             
0000071b  ADC12MCTL11             
0000071c  ADC12MCTL12             
0000071d  ADC12MCTL13             
0000071e  ADC12MCTL14             
0000071f  ADC12MCTL15             
00000720  ADC12MEM0               
00000720  ADC12MEM0_L             
00000721  ADC12MEM0_H             
00000722  ADC12MEM1               
00000722  ADC12MEM1_L             
00000723  ADC12MEM1_H             
00000724  ADC12MEM2               
00000724  ADC12MEM2_L             
00000725  ADC12MEM2_H             
00000726  ADC12MEM3               
00000726  ADC12MEM3_L             
00000727  ADC12MEM3_H             
00000728  ADC12MEM4               
00000728  ADC12MEM4_L             
00000729  ADC12MEM4_H             
0000072a  ADC12MEM5               
0000072a  ADC12MEM5_L             
0000072b  ADC12MEM5_H             
0000072c  ADC12MEM6               
0000072c  ADC12MEM6_L             
0000072d  ADC12MEM6_H             
0000072e  ADC12MEM7               
0000072e  ADC12MEM7_L             
0000072f  ADC12MEM7_H             
00000730  ADC12MEM8               
00000730  ADC12MEM8_L             
00000731  ADC12MEM8_H             
00000732  ADC12MEM9               
00000732  ADC12MEM9_L             
00000733  ADC12MEM9_H             
00000734  ADC12MEM10              
00000734  ADC12MEM10_L            
00000735  ADC12MEM10_H            
00000736  ADC12MEM11              
00000736  ADC12MEM11_L            
00000737  ADC12MEM11_H            
00000738  ADC12MEM12              
00000738  ADC12MEM12_L            
00000739  ADC12MEM12_H            
0000073a  ADC12MEM13              
0000073a  ADC12MEM13_L            
0000073b  ADC12MEM13_H            
0000073c  ADC12MEM14              
0000073c  ADC12MEM14_L            
0000073d  ADC12MEM14_H            
0000073e  ADC12MEM15              
0000073e  ADC12MEM15_L            
0000073f  ADC12MEM15_H            
00000780  DAC12_0CTL0             
00000782  DAC12_0CTL1             
00000784  DAC12_0DAT              
00000786  DAC12_0CALCTL           
00000788  DAC12_0CALDAT           
00000790  DAC12_1CTL0             
00000792  DAC12_1CTL1             
00000794  DAC12_1DAT              
00000796  DAC12_1CALCTL           
00000798  DAC12_1CALDAT           
0000079e  DAC12_IV                
000008c0  CBCTL0                  
000008c0  CBCTL0_L                
000008c1  CBCTL0_H                
000008c2  CBCTL1                  
000008c2  CBCTL1_L                
000008c3  CBCTL1_H                
000008c4  CBCTL2                  
000008c4  CBCTL2_L                
000008c5  CBCTL2_H                
000008c6  CBCTL3                  
000008c6  CBCTL3_L                
000008c7  CBCTL3_H                
000008cc  CBINT                   
000008cc  CBINT_L                 
000008cd  CBINT_H                 
000008ce  CBIV                    
00000900  USBKEYID                
00000900  USBKEYID_L              
00000901  USBKEYID_H              
00000902  USBCNF                  
00000902  USBCNF_L                
00000903  USBCNF_H                
00000904  USBPHYCTL               
00000904  USBPHYCTL_L             
00000905  USBPHYCTL_H             
00000908  USBPWRCTL               
00000908  USBPWRCTL_L             
00000909  USBPWRCTL_H             
00000910  USBPLLCTL               
00000910  USBPLLCTL_L             
00000911  USBPLLCTL_H             
00000912  USBPLLDIVB              
00000912  USBPLLDIVB_L            
00000913  USBPLLDIVB_H            
00000914  USBPLLIR                
00000914  USBPLLIR_L              
00000915  USBPLLIR_H              
00000920  USBIEPCNF_0             
00000921  USBIEPCNT_0             
00000922  USBOEPCNF_0             
00000923  USBOEPCNT_0             
0000092e  USBIEPIE                
0000092f  USBOEPIE                
00000930  USBIEPIFG               
00000931  USBOEPIFG               
00000932  USBVECINT               
00000932  USBVECINT_L             
00000933  USBVECINT_H             
00000936  USBMAINT                
00000936  USBMAINT_L              
00000937  USBMAINT_H              
00000938  USBTSREG                
00000938  USBTSREG_L              
00000939  USBTSREG_H              
0000093a  USBFN                   
0000093a  USBFN_L                 
0000093b  USBFN_H                 
0000093c  USBCTL                  
0000093d  USBIE                   
0000093e  USBIFG                  
0000093f  USBFUNADR               
00000a00  LCDBCTL0                
00000a00  LCDBCTL0_L              
00000a01  LCDBCTL0_H              
00000a02  LCDBCTL1                
00000a02  LCDBCTL1_L              
00000a03  LCDBCTL1_H              
00000a04  LCDBBLKCTL              
00000a04  LCDBBLKCTL_L            
00000a05  LCDBBLKCTL_H            
00000a06  LCDBMEMCTL              
00000a06  LCDBMEMCTL_L            
00000a07  LCDBMEMCTL_H            
00000a08  LCDBVCTL                
00000a08  LCDBVCTL_L              
00000a09  LCDBVCTL_H              
00000a0a  LCDBPCTL0               
00000a0a  LCDBPCTL0_L             
00000a0b  LCDBPCTL0_H             
00000a0c  LCDBPCTL1               
00000a0c  LCDBPCTL1_L             
00000a0d  LCDBPCTL1_H             
00000a0e  LCDBPCTL2               
00000a0e  LCDBPCTL2_L             
00000a0f  LCDBPCTL2_H             
00000a10  LCDBPCTL3               
00000a10  LCDBPCTL3_L             
00000a11  LCDBPCTL3_H             
00000a12  LCDBCPCTL               
00000a12  LCDBCPCTL_L             
00000a13  LCDBCPCTL_H             
00000a1e  LCDBIV                  
00000a20  LCDM1                   
00000a21  LCDM2                   
00000a22  LCDM3                   
00000a23  LCDM4                   
00000a24  LCDM5                   
00000a25  LCDM6                   
00000a26  LCDM7                   
00000a27  LCDM8                   
00000a28  LCDM9                   
00000a29  LCDM10                  
00000a2a  LCDM11                  
00000a2b  LCDM12                  
00000a2c  LCDM13                  
00000a2d  LCDM14                  
00000a2e  LCDM15                  
00000a2f  LCDM16                  
00000a30  LCDM17                  
00000a31  LCDM18                  
00000a32  LCDM19                  
00000a33  LCDM20                  
00000a34  LCDM21                  
00000a35  LCDM22                  
00000a36  LCDM23                  
00000a37  LCDM24                  
00000a40  LCDBM1                  
00000a41  LCDBM2                  
00000a42  LCDBM3                  
00000a43  LCDBM4                  
00000a44  LCDBM5                  
00000a45  LCDBM6                  
00000a46  LCDBM7                  
00000a47  LCDBM8                  
00000a48  LCDBM9                  
00000a49  LCDBM10                 
00000a4a  LCDBM11                 
00000a4b  LCDBM12                 
00000a4c  LCDBM13                 
00000a4d  LCDBM14                 
00000a4e  LCDBM15                 
00000a4f  LCDBM16                 
00000a50  LCDBM17                 
00000a51  LCDBM18                 
00000a52  LCDBM19                 
00000a53  LCDBM20                 
00000a54  LCDBM21                 
00000a55  LCDBM22                 
00000a56  LCDBM23                 
00000a57  LCDBM24                 
00001c00  USBSTABUFF              
0000236f  USBTOPBUFF              
00002370  USBOEP0BUF              
00002378  USBIEP0BUF              
00002380  USBSUBLK                
00002388  USBOEPCNF_1             
00002389  USBOEPBBAX_1            
0000238a  USBOEPBCTX_1            
0000238d  USBOEPBBAY_1            
0000238e  USBOEPBCTY_1            
0000238f  USBOEPSIZXY_1           
00002390  USBOEPCNF_2             
00002391  USBOEPBBAX_2            
00002392  USBOEPBCTX_2            
00002395  USBOEPBBAY_2            
00002396  USBOEPBCTY_2            
00002397  USBOEPSIZXY_2           
00002398  USBOEPCNF_3             
00002399  USBOEPBBAX_3            
0000239a  USBOEPBCTX_3            
0000239d  USBOEPBBAY_3            
0000239e  USBOEPBCTY_3            
0000239f  USBOEPSIZXY_3           
000023a0  USBOEPCNF_4             
000023a1  USBOEPBBAX_4            
000023a2  USBOEPBCTX_4            
000023a5  USBOEPBBAY_4            
000023a6  USBOEPBCTY_4            
000023a7  USBOEPSIZXY_4           
000023a8  USBOEPCNF_5             
000023a9  USBOEPBBAX_5            
000023aa  USBOEPBCTX_5            
000023ad  USBOEPBBAY_5            
000023ae  USBOEPBCTY_5            
000023af  USBOEPSIZXY_5           
000023b0  USBOEPCNF_6             
000023b1  USBOEPBBAX_6            
000023b2  USBOEPBCTX_6            
000023b5  USBOEPBBAY_6            
000023b6  USBOEPBCTY_6            
000023b7  USBOEPSIZXY_6           
000023b8  USBOEPCNF_7             
000023b9  USBOEPBBAX_7            
000023ba  USBOEPBCTX_7            
000023bd  USBOEPBBAY_7            
000023be  USBOEPBCTY_7            
000023bf  USBOEPSIZXY_7           
000023c8  USBIEPCNF_1             
000023c9  USBIEPBBAX_1            
000023ca  USBIEPBCTX_1            
000023cd  USBIEPBBAY_1            
000023ce  USBIEPBCTY_1            
000023cf  USBIEPSIZXY_1           
000023d0  USBIEPCNF_2             
000023d1  USBIEPBBAX_2            
000023d2  USBIEPBCTX_2            
000023d5  USBIEPBBAY_2            
000023d6  USBIEPBCTY_2            
000023d7  USBIEPSIZXY_2           
000023d8  USBIEPCNF_3             
000023d9  USBIEPBBAX_3            
000023da  USBIEPBCTX_3            
000023dd  USBIEPBBAY_3            
000023de  USBIEPBCTY_3            
000023df  USBIEPSIZXY_3           
000023e0  USBIEPCNF_4             
000023e1  USBIEPBBAX_4            
000023e2  USBIEPBCTX_4            
000023e5  USBIEPBBAY_4            
000023e6  USBIEPBCTY_4            
000023e7  USBIEPSIZXY_4           
000023e8  USBIEPCNF_5             
000023e9  USBIEPBBAX_5            
000023ea  USBIEPBCTX_5            
000023ed  USBIEPBBAY_5            
000023ee  USBIEPBCTY_5            
000023ef  USBIEPSIZXY_5           
000023f0  USBIEPCNF_6             
000023f1  USBIEPBBAX_6            
000023f2  USBIEPBCTX_6            
000023f5  USBIEPBBAY_6            
000023f6  USBIEPBCTY_6            
000023f7  USBIEPSIZXY_6           
000023f8  USBIEPCNF_7             
000023f9  USBIEPBBAX_7            
000023fa  USBIEPBCTX_7            
000023fd  USBIEPBBAY_7            
000023fe  USBIEPBCTY_7            
000023ff  USBIEPSIZXY_7           
00002400  errno                   
00006360  _stack                  
00006400  __STACK_END             
00008000  _c_int00_noargs_noexit  
0000801a  __TI_ISR_TRAP           
00008022  _ctypes_                
0000815c  __TI_Handler_Table_Base 
00008164  __TI_Handler_Table_Limit
0000816c  __TI_CINIT_Base         
00008174  __TI_CINIT_Limit        
0000ffc6  __TI_int35              
0000ffc8  __TI_int36              
0000ffca  __TI_int37              
0000ffcc  __TI_int38              
0000ffce  __TI_int39              
0000ffd0  __TI_int40              
0000ffd2  __TI_int41              
0000ffd4  __TI_int42              
0000ffd6  __TI_int43              
0000ffd8  __TI_int44              
0000ffda  __TI_int45              
0000ffdc  __TI_int46              
0000ffde  __TI_int47              
0000ffe0  __TI_int48              
0000ffe2  __TI_int49              
0000ffe4  __TI_int50              
0000ffe6  __TI_int51              
0000ffe8  __TI_int52              
0000ffea  __TI_int53              
0000ffec  __TI_int54              
0000ffee  __TI_int55              
0000fff0  __TI_int56              
0000fff2  __TI_int57              
0000fff4  __TI_int58              
0000fff6  __TI_int59              
0000fff8  __TI_int60              
0000fffa  __TI_int61              
0000fffc  __TI_int62              
0000fffe  _reset_vector           
00010000  main                    
00010646  __TI_frcdivd            
00010aac  __mspabi_divull         
00010dfa  __mspabi_addd           
000110da  __TI_frcmpyd            
0001135a  __mspabi_mpyd           
00011a7e  __TI_frcaddd            
00011cc6  __TI_printfi            
00012122  __mspabi_divd           
00012896  ldexp                   
00012896  ldexpl                  
00012896  scalbn                  
00012896  scalbnl                 
00012f98  DS2784Config            
000132a4  __mspabi_cmpd           
0001337c  adcRead                 
0001344c  __mspabi_mpyf           
00013504  __TI_renormd            
0001365c  frexp                   
0001365c  frexpl                  
00013702  __mspabi_fltlid         
000138c0  __mspabi_cvtdf          
0001394c  _auto_init_hold_wdt     
000139ce  adcConfig               
00013a50  __mspabi_fltuld         
00013ad0  ltoa                    
00013b50  uartTXFloat             
00013c42  __TI_decompress_lzss    
00013cba  __mspabi_cvtfd          
00013d20  __mspabi_fixdli         
00013d86  copy_in                 
00013dec  atoi                    
00013e4e  __mspabi_divul          
00013e4e  __mspabi_remul          
00013ea6  OneWireWrite            
00013f4a  MSP430config            
00013f96  OneWireReset            
00013fe0  __mspabi_cmpf           
0001402a  sprintf                 
0001406e  __mspabi_divli          
0001406e  __mspabi_remli          
000140ae  __mspabi_sral_15        
000140b2  __mspabi_sral_14        
000140b6  __mspabi_sral_13        
000140ba  __mspabi_sral_12        
000140be  __mspabi_sral_11        
000140c2  __mspabi_sral_10        
000140c6  __mspabi_sral_9         
000140ca  __mspabi_sral_8         
000140ce  __mspabi_sral_7         
000140d2  __mspabi_sral_6         
000140d6  __mspabi_sral_5         
000140da  __mspabi_sral_4         
000140de  __mspabi_sral_3         
000140e2  __mspabi_sral_2         
000140e6  __mspabi_sral_1         
000140ec  __mspabi_slll_15        
000140f0  __mspabi_slll_14        
000140f4  __mspabi_slll_13        
000140f8  __mspabi_slll_12        
000140fc  __mspabi_slll_11        
00014100  __mspabi_slll_10        
00014104  __mspabi_slll_9         
00014108  __mspabi_slll_8         
0001410c  __mspabi_slll_7         
00014110  __mspabi_slll_6         
00014114  __mspabi_slll_5         
00014118  __mspabi_slll_4         
0001411c  __mspabi_slll_3         
00014120  __mspabi_slll_2         
00014124  __mspabi_slll_1         
0001412a  __mspabi_srll_15        
0001412e  __mspabi_srll_14        
00014132  __mspabi_srll_13        
00014136  __mspabi_srll_12        
0001413a  __mspabi_srll_11        
0001413e  __mspabi_srll_10        
00014142  __mspabi_srll_9         
00014146  __mspabi_srll_8         
0001414a  __mspabi_srll_7         
0001414e  __mspabi_srll_6         
00014152  __mspabi_srll_5         
00014156  __mspabi_srll_4         
0001415a  __mspabi_srll_3         
0001415e  __mspabi_srll_2         
00014162  __mspabi_srll_1         
00014168  OneWireReadBit          
000141a4  __mspabi_sllll          
000141de  __mspabi_srlll          
00014218  __mspabi_fltif          
0001424e  __mspabi_subd           
00014280  clockConfig             
000142b0  __mspabi_negd           
000142de  copysign                
000142de  copysignl               
0001430c  __mspabi_fixdi          
00014334  uartConfig              
0001435c  __mspabi_fltuf          
00014380  __mspabi_mpyl_f5hw      
000143a4  DS2784ReadRegister      
000143c6  OWReadByte              
00014408  uartTX                  
00014428  memccpy                 
00014446  OWWriteByte             
00014462  strchr                  
0001447e  inp                     
00014498  __mspabi_mpyi_f5hw      
000144b0  memset                  
000144c6  __mspabi_divu           
000144c6  __mspabi_remu           
000144dc  timerConfig             
00014506  memcpy                  
0001451a  outp                    
0001452e  __TI_decompress_none    
00014540  toupper                 
00014552  __mspabi_sral           
00014562  __mspabi_slll           
00014572  __mspabi_srll           
00014582  strlen                  
00014590  __mspabi_fltid          
0001459c  abs                     
000145a6  __mspabi_negf           
000145b0  __mspabi_slli           
000145ba  __mspabi_fltud          
000145c0  C$$EXIT                 
000145c0  abort                   
000145c6  _system_pre_init        
000145ca  _system_post_cinit      
ffffffff  __TI_pprof_out_hndl     
ffffffff  __TI_prof_data_size     
ffffffff  __TI_prof_data_start    
ffffffff  __c_args__              
UNDEFED   __TI_BINIT_Base         
UNDEFED   __TI_BINIT_Limit        
UNDEFED   __TI_INITARRAY_Base     
UNDEFED   __TI_INITARRAY_Limit    

[1130 symbols]
